03-25 04:11:31.603 W/PackageManager(  285): Code path for pkg : org.qeo.android.service.test changing from /data/app/org.qeo.android.service.test-1.apk to /data/app/org.qeo.android.service.test-2.apk
03-25 04:11:31.603 W/PackageManager(  285): Resource path for pkg : org.qeo.android.service.test changing from /data/app/org.qeo.android.service.test-1.apk to /data/app/org.qeo.android.service.test-2.apk
03-25 04:11:31.763 D/dalvikvm(  285): GC_CONCURRENT freed 667K, 28% free 5737K/7912K, paused 5ms+13ms, total 78ms
03-25 04:11:31.823 W/PackageManager(  285): Couldn't delete native library directory /data/app-lib/org.qeo.android.service.test
03-25 04:11:31.833 I/ActivityManager(  285): Force stopping package org.qeo.android.service.test appid=10046 user=-1
03-25 04:11:31.894 D/keystore(   42): calling clear_uid in state: 3
03-25 04:11:31.894 I/ActivityManager(  285): Force stopping package org.qeo.android.service.test appid=10046 user=0
03-25 04:11:31.984 I/InputReader(  285): Reconfiguring input devices.  changes=0x00000010
03-25 04:11:32.034 D/BackupManagerService(  285): Received broadcast Intent { act=android.intent.action.PACKAGE_REMOVED dat=package:org.qeo.android.service.test flg=0x8000010 (has extras) }
03-25 04:11:32.044 V/BackupManagerService(  285): removePackageParticipantsLocked: uid=10046 #1
03-25 04:11:32.124 W/ContextImpl(  845): Calling a method in the system process without a qualified user: android.app.ContextImpl.startService:1385 android.content.ContextWrapper.startService:473 android.content.ContextWrapper.startService:473 com.android.keychain.KeyChainBroadcastReceiver.onReceive:12 android.app.ActivityThread.handleReceiver:2424 
03-25 04:11:32.174 D/VoicemailCleanupService(  477): Cleaning up data for package: org.qeo.android.service.test
03-25 04:11:32.244 D/dalvikvm(  845): GC_CONCURRENT freed 303K, 14% free 2602K/3024K, paused 4ms+3ms, total 115ms
03-25 04:11:32.263 D/dalvikvm(  285): WAIT_FOR_CONCURRENT_GC blocked 1ms
03-25 04:11:32.483 D/dalvikvm(  285): GC_EXPLICIT freed 1079K, 35% free 5187K/7912K, paused 22ms+8ms, total 221ms
03-25 04:11:32.514 D/AndroidRuntime( 1393): Shutting down VM
03-25 04:11:32.533 D/dalvikvm( 1393): GC_CONCURRENT freed 90K, 17% free 474K/568K, paused 1ms+1ms, total 8ms
03-25 04:11:32.533 I/ActivityManager(  285): Force stopping package org.qeo.android.service.test appid=10046 user=0
03-25 04:11:32.593 I/InputReader(  285): Reconfiguring input devices.  changes=0x00000010
03-25 04:11:32.613 D/BackupManagerService(  285): Received broadcast Intent { act=android.intent.action.PACKAGE_REMOVED dat=package:org.qeo.android.service.test flg=0x8000010 (has extras) }
03-25 04:11:32.643 W/ContextImpl(  845): Calling a method in the system process without a qualified user: android.app.ContextImpl.startService:1385 android.content.ContextWrapper.startService:473 android.content.ContextWrapper.startService:473 com.android.keychain.KeyChainBroadcastReceiver.onReceive:12 android.app.ActivityThread.handleReceiver:2424 
03-25 04:11:32.693 D/BackupManagerService(  285): Received broadcast Intent { act=android.intent.action.PACKAGE_ADDED dat=package:org.qeo.android.service.test flg=0x8000010 (has extras) }
03-25 04:11:32.733 V/BackupManagerService(  285): removePackageParticipantsLocked: uid=10046 #1
03-25 04:11:32.733 V/BackupManagerService(  285): addPackageParticipantsLocked: #1
03-25 04:11:32.753 I/InputReader(  285): Reconfiguring input devices.  changes=0x00000010
03-25 04:11:33.094 D/dalvikvm(  285): GC_EXPLICIT freed 322K, 35% free 5180K/7912K, paused 20ms+21ms, total 226ms
03-25 04:11:33.124 W/RecognitionManagerService(  285): no available voice recognition services found for user 0
03-25 04:11:33.194 D/AndroidRuntime( 1344): Shutting down VM
03-25 04:11:33.204 D/dalvikvm( 1344): GC_CONCURRENT freed 91K, 17% free 477K/572K, paused 1ms+0ms, total 8ms
03-25 04:11:33.803 D/AndroidRuntime( 1414): 
03-25 04:11:33.803 D/AndroidRuntime( 1414): >>>>>> AndroidRuntime START com.android.internal.os.RuntimeInit <<<<<<
03-25 04:11:33.803 D/AndroidRuntime( 1414): CheckJNI is ON
03-25 04:11:33.833 D/dalvikvm( 1414): Trying to load lib libjavacore.so 0x0
03-25 04:11:33.843 D/dalvikvm( 1414): Added shared lib libjavacore.so 0x0
03-25 04:11:33.884 D/dalvikvm( 1414): Trying to load lib libnativehelper.so 0x0
03-25 04:11:33.904 D/dalvikvm( 1414): Added shared lib libnativehelper.so 0x0
03-25 04:11:34.003 E/cutils-trace( 1414): Error opening trace file: No such file or directory (2)
03-25 04:11:34.384 D/AndroidRuntime( 1414): Calling main entry com.android.commands.am.Am
03-25 04:11:34.384 D/dalvikvm( 1414): Note: class Landroid/app/ActivityManagerNative; has 163 unimplemented (abstract) methods
03-25 04:11:34.403 W/ActivityManager(  285): Unable to find instrumentation info for: ComponentInfo{org.qeo.android.service.test/android.test.InstrumentationTestRunner}
03-25 04:11:34.433 I/AndroidRuntime( 1414): VM exiting with result code 1.
03-25 04:11:34.743 D/AndroidRuntime( 1426): 
03-25 04:11:34.743 D/AndroidRuntime( 1426): >>>>>> AndroidRuntime START com.android.internal.os.RuntimeInit <<<<<<
03-25 04:11:34.743 D/AndroidRuntime( 1426): CheckJNI is ON
03-25 04:11:34.763 D/dalvikvm( 1426): Trying to load lib libjavacore.so 0x0
03-25 04:11:34.773 D/dalvikvm( 1426): Added shared lib libjavacore.so 0x0
03-25 04:11:34.803 D/dalvikvm( 1426): Trying to load lib libnativehelper.so 0x0
03-25 04:11:34.803 D/dalvikvm( 1426): Added shared lib libnativehelper.so 0x0
03-25 04:11:34.864 E/cutils-trace( 1426): Error opening trace file: No such file or directory (2)
03-25 04:11:35.253 D/AndroidRuntime( 1426): Calling main entry com.android.commands.pm.Pm
03-25 04:11:35.263 W/PackageManager(  285): Package named 'org.qeo.android.service.test' doesn't exist.
03-25 04:11:35.343 D/dalvikvm(  285): GC_EXPLICIT freed 91K, 36% free 5114K/7912K, paused 5ms+7ms, total 81ms
03-25 04:11:35.353 D/AndroidRuntime( 1426): Shutting down VM
03-25 04:11:35.363 D/dalvikvm( 1426): GC_CONCURRENT freed 90K, 17% free 474K/568K, paused 0ms+1ms, total 8ms
03-25 04:11:46.693 D/AndroidRuntime( 1437): 
03-25 04:11:46.693 D/AndroidRuntime( 1437): >>>>>> AndroidRuntime START com.android.internal.os.RuntimeInit <<<<<<
03-25 04:11:46.693 D/AndroidRuntime( 1437): CheckJNI is ON
03-25 04:11:46.713 D/dalvikvm( 1437): Trying to load lib libjavacore.so 0x0
03-25 04:11:46.723 D/dalvikvm( 1437): Added shared lib libjavacore.so 0x0
03-25 04:11:46.753 D/dalvikvm( 1437): Trying to load lib libnativehelper.so 0x0
03-25 04:11:46.753 D/dalvikvm( 1437): Added shared lib libnativehelper.so 0x0
03-25 04:11:46.823 E/cutils-trace( 1437): Error opening trace file: No such file or directory (2)
03-25 04:11:47.194 D/AndroidRuntime( 1437): Calling main entry com.android.commands.pm.Pm
03-25 04:11:47.214 W/PackageManager(  285): Package named 'org.qeo.android.service' doesn't exist.
03-25 04:11:47.283 D/dalvikvm(  285): GC_EXPLICIT freed 29K, 36% free 5086K/7912K, paused 3ms+6ms, total 75ms
03-25 04:11:47.283 D/AndroidRuntime( 1437): Shutting down VM
03-25 04:11:47.303 D/dalvikvm( 1437): GC_CONCURRENT freed 90K, 17% free 474K/568K, paused 0ms+1ms, total 8ms
03-25 04:11:47.874 D/AndroidRuntime( 1448): 
03-25 04:11:47.874 D/AndroidRuntime( 1448): >>>>>> AndroidRuntime START com.android.internal.os.RuntimeInit <<<<<<
03-25 04:11:47.874 D/AndroidRuntime( 1448): CheckJNI is ON
03-25 04:11:47.894 D/dalvikvm( 1448): Trying to load lib libjavacore.so 0x0
03-25 04:11:47.904 D/dalvikvm( 1448): Added shared lib libjavacore.so 0x0
03-25 04:11:47.934 D/dalvikvm( 1448): Trying to load lib libnativehelper.so 0x0
03-25 04:11:47.934 D/dalvikvm( 1448): Added shared lib libnativehelper.so 0x0
03-25 04:11:48.014 E/cutils-trace( 1448): Error opening trace file: No such file or directory (2)
03-25 04:11:48.393 D/AndroidRuntime( 1448): Calling main entry com.android.commands.pm.Pm
03-25 04:11:48.403 W/PackageManager(  285): Package named 'org.qeo.android.service' doesn't exist.
03-25 04:11:48.484 D/dalvikvm(  285): GC_EXPLICIT freed 4K, 36% free 5086K/7912K, paused 3ms+6ms, total 75ms
03-25 04:11:48.484 D/AndroidRuntime( 1448): Shutting down VM
03-25 04:11:48.493 D/dalvikvm( 1448): GC_CONCURRENT freed 90K, 17% free 474K/568K, paused 1ms+1ms, total 8ms
03-25 04:11:50.303 D/AndroidRuntime( 1460): 
03-25 04:11:50.303 D/AndroidRuntime( 1460): >>>>>> AndroidRuntime START com.android.internal.os.RuntimeInit <<<<<<
03-25 04:11:50.303 D/AndroidRuntime( 1460): CheckJNI is ON
03-25 04:11:50.323 D/dalvikvm( 1460): Trying to load lib libjavacore.so 0x0
03-25 04:11:50.333 D/dalvikvm( 1460): Added shared lib libjavacore.so 0x0
03-25 04:11:50.363 D/dalvikvm( 1460): Trying to load lib libnativehelper.so 0x0
03-25 04:11:50.363 D/dalvikvm( 1460): Added shared lib libnativehelper.so 0x0
03-25 04:11:50.433 E/cutils-trace( 1460): Error opening trace file: No such file or directory (2)
03-25 04:11:50.813 D/AndroidRuntime( 1460): Calling main entry com.android.commands.pm.Pm
03-25 04:11:50.854 W/ActivityManager(  285): No content provider found for permission revoke: file:///data/local/tmp/qeo-android-service-unittest.apk
03-25 04:11:51.134 W/ActivityManager(  285): No content provider found for permission revoke: file:///data/local/tmp/qeo-android-service-unittest.apk
03-25 04:11:51.134 I/PackageManager(  285): Copying native libraries to /data/app-lib/vmdl844243700
03-25 04:11:51.613 D/dalvikvm(  285): GC_CONCURRENT freed 316K, 32% free 5417K/7912K, paused 5ms+5ms, total 64ms
03-25 04:11:51.613 D/dalvikvm(  285): WAIT_FOR_CONCURRENT_GC blocked 43ms
03-25 04:11:51.864 D/dalvikvm(  285): GC_CONCURRENT freed 350K, 28% free 5701K/7912K, paused 5ms+7ms, total 75ms
03-25 04:11:52.054 D/dalvikvm(  285): GC_CONCURRENT freed 711K, 29% free 5677K/7912K, paused 5ms+9ms, total 73ms
03-25 04:11:52.224 D/dalvikvm(  285): GC_CONCURRENT freed 749K, 29% free 5680K/7912K, paused 5ms+7ms, total 77ms
03-25 04:11:52.393 D/dalvikvm(  285): GC_CONCURRENT freed 749K, 27% free 5781K/7912K, paused 5ms+7ms, total 87ms
03-25 04:11:52.543 D/dalvikvm(  285): GC_CONCURRENT freed 871K, 29% free 5690K/7912K, paused 5ms+7ms, total 77ms
03-25 04:11:52.713 D/dalvikvm(  285): GC_CONCURRENT freed 755K, 28% free 5744K/7912K, paused 5ms+7ms, total 86ms
03-25 04:11:53.184 I/PackageManager(  285): New shared user org.qeo.android.service: id=10046
03-25 04:11:53.214 I/PackageManager(  285): Running dexopt on: org.qeo.android.service
03-25 04:11:53.753 W/dalvikvm( 1472): method Lcom/actionbarsherlock/internal/widget/IcsLinearLayout;.drawDividersHorizontal incorrectly overrides package-private method with same name in Landroid/widget/LinearLayout;
03-25 04:11:53.753 W/dalvikvm( 1472): method Lcom/actionbarsherlock/internal/widget/IcsLinearLayout;.drawDividersVertical incorrectly overrides package-private method with same name in Landroid/widget/LinearLayout;
03-25 04:11:53.753 W/dalvikvm( 1472): method Lcom/actionbarsherlock/internal/widget/IcsLinearLayout;.drawHorizontalDivider incorrectly overrides package-private method with same name in Landroid/widget/LinearLayout;
03-25 04:11:53.763 W/dalvikvm( 1472): method Lcom/actionbarsherlock/internal/widget/IcsLinearLayout;.drawVerticalDivider incorrectly overrides package-private method with same name in Landroid/widget/LinearLayout;
03-25 04:11:55.154 D/dalvikvm( 1472): DexOpt: load 359ms, verify+opt 1196ms, 1840980 bytes
03-25 04:11:55.224 I/ActivityManager(  285): Force stopping package org.qeo.android.service appid=10046 user=-1
03-25 04:11:55.414 I/InputReader(  285): Reconfiguring input devices.  changes=0x00000010
03-25 04:11:55.433 D/BackupManagerService(  285): Received broadcast Intent { act=android.intent.action.PACKAGE_ADDED dat=package:org.qeo.android.service flg=0x8000010 (has extras) }
03-25 04:11:55.443 V/BackupManagerService(  285): addPackageParticipantsLocked: #1
03-25 04:11:55.693 W/RecognitionManagerService(  285): no available voice recognition services found for user 0
03-25 04:11:55.753 D/dalvikvm(  285): GC_EXPLICIT freed 578K, 28% free 5759K/7912K, paused 14ms+87ms, total 224ms
03-25 04:11:55.753 D/AndroidRuntime( 1460): Shutting down VM
03-25 04:11:55.763 D/dalvikvm( 1460): GC_CONCURRENT freed 91K, 17% free 477K/572K, paused 0ms+2ms, total 8ms
03-25 04:11:57.763 D/AndroidRuntime( 1476): 
03-25 04:11:57.763 D/AndroidRuntime( 1476): >>>>>> AndroidRuntime START com.android.internal.os.RuntimeInit <<<<<<
03-25 04:11:57.763 D/AndroidRuntime( 1476): CheckJNI is ON
03-25 04:11:57.783 D/dalvikvm( 1476): Trying to load lib libjavacore.so 0x0
03-25 04:11:57.793 D/dalvikvm( 1476): Added shared lib libjavacore.so 0x0
03-25 04:11:57.823 D/dalvikvm( 1476): Trying to load lib libnativehelper.so 0x0
03-25 04:11:57.823 D/dalvikvm( 1476): Added shared lib libnativehelper.so 0x0
03-25 04:11:58.273 D/AndroidRuntime( 1476): Calling main entry com.android.commands.pm.Pm
03-25 04:11:58.293 W/ActivityManager(  285): No content provider found for permission revoke: file:///data/local/tmp/qeo-android-service-unittest.apk
03-25 04:11:58.623 W/ActivityManager(  285): No content provider found for permission revoke: file:///data/local/tmp/qeo-android-service-unittest.apk
03-25 04:11:58.623 I/PackageManager(  285): Copying native libraries to /data/app-lib/vmdl1999115062
03-25 04:11:59.004 D/dalvikvm(  285): GC_CONCURRENT freed 1106K, 33% free 5372K/7912K, paused 5ms+6ms, total 76ms
03-25 04:11:59.263 D/dalvikvm(  285): GC_CONCURRENT freed 240K, 28% free 5755K/7912K, paused 5ms+6ms, total 77ms
03-25 04:11:59.443 D/dalvikvm(  285): GC_CONCURRENT freed 793K, 29% free 5690K/7912K, paused 5ms+7ms, total 74ms
03-25 04:11:59.603 D/dalvikvm(  285): GC_CONCURRENT freed 758K, 28% free 5698K/7912K, paused 5ms+7ms, total 77ms
03-25 04:11:59.763 D/dalvikvm(  285): GC_CONCURRENT freed 767K, 28% free 5702K/7912K, paused 5ms+7ms, total 77ms
03-25 04:11:59.914 D/dalvikvm(  285): GC_CONCURRENT freed 765K, 28% free 5699K/7912K, paused 5ms+7ms, total 76ms
03-25 04:12:00.223 D/dalvikvm(  285): GC_CONCURRENT freed 705K, 28% free 5723K/7912K, paused 6ms+27ms, total 230ms
03-25 04:12:00.733 I/ActivityManager(  285): Force stopping package org.qeo.android.service appid=10046 user=-1
03-25 04:12:00.793 I/PackageManager(  285): Package org.qeo.android.service codePath changed from /data/app/org.qeo.android.service-1.apk to /data/app/org.qeo.android.service-2.apk; Retaining data and using new
03-25 04:12:00.813 I/PackageManager(  285): Running dexopt on: org.qeo.android.service
03-25 04:12:01.373 W/dalvikvm( 1487): method Lcom/actionbarsherlock/internal/widget/IcsLinearLayout;.drawDividersHorizontal incorrectly overrides package-private method with same name in Landroid/widget/LinearLayout;
03-25 04:12:01.373 W/dalvikvm( 1487): method Lcom/actionbarsherlock/internal/widget/IcsLinearLayout;.drawDividersVertical incorrectly overrides package-private method with same name in Landroid/widget/LinearLayout;
03-25 04:12:01.373 W/dalvikvm( 1487): method Lcom/actionbarsherlock/internal/widget/IcsLinearLayout;.drawHorizontalDivider incorrectly overrides package-private method with same name in Landroid/widget/LinearLayout;
03-25 04:12:01.373 W/dalvikvm( 1487): method Lcom/actionbarsherlock/internal/widget/IcsLinearLayout;.drawVerticalDivider incorrectly overrides package-private method with same name in Landroid/widget/LinearLayout;
03-25 04:12:02.653 D/dalvikvm( 1487): DexOpt: load 366ms, verify+opt 1085ms, 1840980 bytes
03-25 04:12:02.733 I/ActivityManager(  285): Force stopping package org.qeo.android.service appid=10046 user=-1
03-25 04:12:02.733 W/PackageManager(  285): Code path for pkg : org.qeo.android.service changing from /data/app/org.qeo.android.service-1.apk to /data/app/org.qeo.android.service-2.apk
03-25 04:12:02.743 W/PackageManager(  285): Resource path for pkg : org.qeo.android.service changing from /data/app/org.qeo.android.service-1.apk to /data/app/org.qeo.android.service-2.apk
03-25 04:12:02.854 I/ActivityManager(  285): Force stopping package org.qeo.android.service appid=10046 user=0
03-25 04:12:02.944 D/dalvikvm(  425): GC_EXPLICIT freed 805K, 14% free 8196K/9440K, paused 2ms+14ms, total 57ms
03-25 04:12:02.964 D/dalvikvm(  477): GC_EXPLICIT freed 384K, 17% free 2866K/3432K, paused 4ms+3ms, total 109ms
03-25 04:12:03.034 I/InputReader(  285): Reconfiguring input devices.  changes=0x00000010
03-25 04:12:03.054 D/BackupManagerService(  285): Received broadcast Intent { act=android.intent.action.PACKAGE_REMOVED dat=package:org.qeo.android.service flg=0x8000010 (has extras) }
03-25 04:12:03.074 W/ContextImpl(  845): Calling a method in the system process without a qualified user: android.app.ContextImpl.startService:1385 android.content.ContextWrapper.startService:473 android.content.ContextWrapper.startService:473 com.android.keychain.KeyChainBroadcastReceiver.onReceive:12 android.app.ActivityThread.handleReceiver:2424 
03-25 04:12:03.184 D/BackupManagerService(  285): Received broadcast Intent { act=android.intent.action.PACKAGE_ADDED dat=package:org.qeo.android.service flg=0x8000010 (has extras) }
03-25 04:12:03.184 V/BackupManagerService(  285): removePackageParticipantsLocked: uid=10046 #1
03-25 04:12:03.184 V/BackupManagerService(  285): addPackageParticipantsLocked: #1
03-25 04:12:03.224 I/InputReader(  285): Reconfiguring input devices.  changes=0x00000010
03-25 04:12:03.353 D/dalvikvm(  285): GC_CONCURRENT freed 758K, 28% free 5728K/7912K, paused 18ms+15ms, total 203ms
03-25 04:12:03.643 D/dalvikvm(  285): GC_EXPLICIT freed 678K, 35% free 5176K/7912K, paused 16ms+24ms, total 251ms
03-25 04:12:03.673 W/RecognitionManagerService(  285): no available voice recognition services found for user 0
03-25 04:12:03.723 D/AndroidRuntime( 1476): Shutting down VM
03-25 04:12:03.723 E/cutils-trace( 1476): Error opening trace file: No such file or directory (2)
03-25 04:12:03.733 D/dalvikvm( 1476): GC_CONCURRENT freed 91K, 17% free 477K/572K, paused 0ms+0ms, total 8ms
03-25 04:12:08.014 D/AndroidRuntime( 1543): 
03-25 04:12:08.014 D/AndroidRuntime( 1543): >>>>>> AndroidRuntime START com.android.internal.os.RuntimeInit <<<<<<
03-25 04:12:08.024 D/AndroidRuntime( 1544): 
03-25 04:12:08.024 D/AndroidRuntime( 1544): >>>>>> AndroidRuntime START com.android.internal.os.RuntimeInit <<<<<<
03-25 04:12:08.024 D/AndroidRuntime( 1543): CheckJNI is ON
03-25 04:12:08.024 D/AndroidRuntime( 1544): CheckJNI is ON
03-25 04:12:08.064 D/dalvikvm( 1543): Trying to load lib libjavacore.so 0x0
03-25 04:12:08.074 D/dalvikvm( 1544): Trying to load lib libjavacore.so 0x0
03-25 04:12:08.084 D/dalvikvm( 1544): Added shared lib libjavacore.so 0x0
03-25 04:12:08.094 D/dalvikvm( 1543): Added shared lib libjavacore.so 0x0
03-25 04:12:08.144 D/dalvikvm( 1543): Trying to load lib libnativehelper.so 0x0
03-25 04:12:08.144 D/dalvikvm( 1544): Trying to load lib libnativehelper.so 0x0
03-25 04:12:08.144 D/dalvikvm( 1543): Added shared lib libnativehelper.so 0x0
03-25 04:12:08.154 D/dalvikvm( 1544): Added shared lib libnativehelper.so 0x0
03-25 04:12:08.283 E/cutils-trace( 1544): Error opening trace file: No such file or directory (2)
03-25 04:12:08.283 E/cutils-trace( 1543): Error opening trace file: No such file or directory (2)
03-25 04:12:09.064 D/AndroidRuntime( 1543): Calling main entry com.android.commands.pm.Pm
03-25 04:12:09.064 D/AndroidRuntime( 1544): Calling main entry com.android.commands.pm.Pm
03-25 04:12:09.124 W/ActivityManager(  285): No content provider found for permission revoke: file:///data/local/tmp/qeo-android-tests-debug-unaligned.apk
03-25 04:12:09.134 W/ActivityManager(  285): No content provider found for permission revoke: file:///data/local/tmp/qeo-android-tests-debug-unaligned.apk
03-25 04:12:09.134 I/PackageManager(  285): Copying native libraries to /data/app-lib/vmdl-767809854
03-25 04:12:09.214 I/PackageManager(  285): Running dexopt on: org.qeo.android.library.test
03-25 04:12:09.463 D/dalvikvm( 1564): DexOpt: load 34ms, verify+opt 119ms, 389340 bytes
03-25 04:12:09.483 I/ActivityManager(  285): Force stopping package org.qeo.android.library.test appid=10046 user=-1
03-25 04:12:09.673 D/dalvikvm(  285): GC_CONCURRENT freed 586K, 35% free 5176K/7912K, paused 4ms+8ms, total 75ms
03-25 04:12:09.683 W/ActivityManager(  285): No content provider found for permission revoke: file:///data/local/tmp/qeo-android-tests-debug-unaligned.apk
03-25 04:12:09.723 D/dalvikvm(  784): GC_CONCURRENT freed 359K, 16% free 2584K/3072K, paused 4ms+2ms, total 34ms
03-25 04:12:09.723 E/StrictMode(  784): A resource was acquired at attached stack trace but never released. See java.io.Closeable for information on avoiding resource leaks.
03-25 04:12:09.723 E/StrictMode(  784): java.lang.Throwable: Explicit termination method 'close' not called
03-25 04:12:09.723 E/StrictMode(  784): 	at dalvik.system.CloseGuard.open(CloseGuard.java:184)
03-25 04:12:09.723 E/StrictMode(  784): 	at android.os.ParcelFileDescriptor.<init>(ParcelFileDescriptor.java:405)
03-25 04:12:09.723 E/StrictMode(  784): 	at android.os.Parcel.readFileDescriptor(Parcel.java:1502)
03-25 04:12:09.723 E/StrictMode(  784): 	at android.os.ParcelFileDescriptor$1.createFromParcel(ParcelFileDescriptor.java:434)
03-25 04:12:09.723 E/StrictMode(  784): 	at android.os.ParcelFileDescriptor$1.createFromParcel(ParcelFileDescriptor.java:431)
03-25 04:12:09.723 E/StrictMode(  784): 	at com.android.internal.app.IMediaContainerService$Stub.onTransact(IMediaContainerService.java:91)
03-25 04:12:09.723 E/StrictMode(  784): 	at android.os.Binder.execTransact(Binder.java:388)
03-25 04:12:09.723 E/StrictMode(  784): 	at dalvik.system.NativeStart.run(Native Method)
03-25 04:12:09.793 W/ActivityManager(  285): No content provider found for permission revoke: file:///data/local/tmp/qeo-android-tests-debug-unaligned.apk
03-25 04:12:09.793 I/PackageManager(  285): Copying native libraries to /data/app-lib/vmdl-972072676
03-25 04:12:09.884 I/InputReader(  285): Reconfiguring input devices.  changes=0x00000010
03-25 04:12:09.894 D/BackupManagerService(  285): Received broadcast Intent { act=android.intent.action.PACKAGE_ADDED dat=package:org.qeo.android.library.test flg=0x8000010 (has extras) }
03-25 04:12:09.904 V/BackupManagerService(  285): addPackageParticipantsLocked: #1
03-25 04:12:10.124 W/RecognitionManagerService(  285): no available voice recognition services found for user 0
03-25 04:12:10.174 D/dalvikvm(  285): GC_EXPLICIT freed 236K, 35% free 5172K/7912K, paused 4ms+8ms, total 228ms
03-25 04:12:10.184 D/AndroidRuntime( 1543): Shutting down VM
03-25 04:12:10.194 D/dalvikvm( 1543): GC_CONCURRENT freed 91K, 17% free 477K/572K, paused 0ms+0ms, total 7ms
03-25 04:12:10.253 I/ActivityManager(  285): Force stopping package org.qeo.android.library.test appid=10046 user=-1
03-25 04:12:10.313 I/PackageManager(  285): Package org.qeo.android.library.test codePath changed from /data/app/org.qeo.android.library.test-1.apk to /data/app/org.qeo.android.library.test-2.apk; Retaining data and using new
03-25 04:12:10.313 I/PackageManager(  285): Running dexopt on: org.qeo.android.library.test
03-25 04:12:10.763 D/dalvikvm( 1571): DexOpt: load 62ms, verify+opt 250ms, 389340 bytes
03-25 04:12:10.783 I/ActivityManager(  285): Force stopping package org.qeo.android.library.test appid=10046 user=-1
03-25 04:12:10.783 W/PackageManager(  285): Code path for pkg : org.qeo.android.library.test changing from /data/app/org.qeo.android.library.test-1.apk to /data/app/org.qeo.android.library.test-2.apk
03-25 04:12:10.793 W/PackageManager(  285): Resource path for pkg : org.qeo.android.library.test changing from /data/app/org.qeo.android.library.test-1.apk to /data/app/org.qeo.android.library.test-2.apk
03-25 04:12:11.373 D/AndroidRuntime( 1578): 
03-25 04:12:11.373 D/AndroidRuntime( 1578): >>>>>> AndroidRuntime START com.android.internal.os.RuntimeInit <<<<<<
03-25 04:12:11.373 D/AndroidRuntime( 1578): CheckJNI is ON
03-25 04:12:11.478 D/dalvikvm( 1578): Trying to load lib libjavacore.so 0x0
03-25 04:12:11.483 D/dalvikvm( 1578): Added shared lib libjavacore.so 0x0
03-25 04:12:11.513 D/dalvikvm( 1578): Trying to load lib libnativehelper.so 0x0
03-25 04:12:11.513 D/dalvikvm( 1578): Added shared lib libnativehelper.so 0x0
03-25 04:12:11.643 E/cutils-trace( 1578): Error opening trace file: No such file or directory (2)
03-25 04:12:11.733 D/dalvikvm(  285): GC_CONCURRENT freed 551K, 35% free 5170K/7912K, paused 5ms+5ms, total 142ms
03-25 04:12:11.834 I/ActivityManager(  285): Force stopping package org.qeo.android.library.test appid=10046 user=0
03-25 04:12:11.974 I/InputReader(  285): Reconfiguring input devices.  changes=0x00000010
03-25 04:12:12.014 D/BackupManagerService(  285): Received broadcast Intent { act=android.intent.action.PACKAGE_REMOVED dat=package:org.qeo.android.library.test flg=0x8000010 (has extras) }
03-25 04:12:12.064 W/ContextImpl(  845): Calling a method in the system process without a qualified user: android.app.ContextImpl.startService:1385 android.content.ContextWrapper.startService:473 android.content.ContextWrapper.startService:473 com.android.keychain.KeyChainBroadcastReceiver.onReceive:12 android.app.ActivityThread.handleReceiver:2424 
03-25 04:12:12.154 D/BackupManagerService(  285): Received broadcast Intent { act=android.intent.action.PACKAGE_ADDED dat=package:org.qeo.android.library.test flg=0x8000010 (has extras) }
03-25 04:12:12.243 V/BackupManagerService(  285): removePackageParticipantsLocked: uid=10046 #1
03-25 04:12:12.243 V/BackupManagerService(  285): addPackageParticipantsLocked: #1
03-25 04:12:12.253 I/InputReader(  285): Reconfiguring input devices.  changes=0x00000010
03-25 04:12:12.373 D/AndroidRuntime( 1578): Calling main entry com.android.commands.pm.Pm
03-25 04:12:12.693 D/dalvikvm(  285): GC_EXPLICIT freed 410K, 35% free 5191K/7912K, paused 3ms+81ms, total 202ms
03-25 04:12:12.713 D/AndroidRuntime( 1544): Shutting down VM
03-25 04:12:12.723 D/dalvikvm( 1544): GC_CONCURRENT freed 91K, 17% free 477K/572K, paused 0ms+1ms, total 7ms
03-25 04:12:12.733 W/ActivityManager(  285): No content provider found for permission revoke: file:///data/local/tmp/qeo-android-tests-debug-test-unaligned.apk
03-25 04:12:12.753 W/ActivityManager(  285): No content provider found for permission revoke: file:///data/local/tmp/qeo-android-tests-debug-test-unaligned.apk
03-25 04:12:12.753 I/PackageManager(  285): Copying native libraries to /data/app-lib/vmdl390673758
03-25 04:12:12.803 W/RecognitionManagerService(  285): no available voice recognition services found for user 0
03-25 04:12:12.903 I/PackageManager(  285): Running dexopt on: org.qeo.android.library.test.test
03-25 04:12:13.134 D/dalvikvm( 1589): DexOpt: load 56ms, verify+opt 32ms, 194956 bytes
03-25 04:12:13.503 D/dalvikvm(  285): GC_CONCURRENT freed 546K, 35% free 5215K/7912K, paused 11ms+25ms, total 175ms
03-25 04:12:13.633 I/ActivityManager(  285): Force stopping package org.qeo.android.library.test.test appid=10047 user=-1
03-25 04:12:13.723 D/AndroidRuntime( 1596): 
03-25 04:12:13.723 D/AndroidRuntime( 1596): >>>>>> AndroidRuntime START com.android.internal.os.RuntimeInit <<<<<<
03-25 04:12:13.723 D/AndroidRuntime( 1596): CheckJNI is ON
03-25 04:12:13.763 D/dalvikvm( 1596): Trying to load lib libjavacore.so 0x0
03-25 04:12:13.783 D/dalvikvm( 1596): Added shared lib libjavacore.so 0x0
03-25 04:12:13.824 D/dalvikvm( 1596): Trying to load lib libnativehelper.so 0x0
03-25 04:12:13.844 D/dalvikvm( 1596): Added shared lib libnativehelper.so 0x0
03-25 04:12:13.854 I/InputReader(  285): Reconfiguring input devices.  changes=0x00000010
03-25 04:12:13.854 D/BackupManagerService(  285): Received broadcast Intent { act=android.intent.action.PACKAGE_ADDED dat=package:org.qeo.android.library.test.test flg=0x8000010 (has extras) }
03-25 04:12:13.863 V/BackupManagerService(  285): addPackageParticipantsLocked: #1
03-25 04:12:13.974 E/cutils-trace( 1596): Error opening trace file: No such file or directory (2)
03-25 04:12:14.373 W/RecognitionManagerService(  285): no available voice recognition services found for user 0
03-25 04:12:14.493 D/dalvikvm(  285): GC_EXPLICIT freed 322K, 35% free 5174K/7912K, paused 7ms+147ms, total 539ms
03-25 04:12:14.503 D/AndroidRuntime( 1578): Shutting down VM
03-25 04:12:14.513 D/dalvikvm( 1578): GC_CONCURRENT freed 91K, 17% free 477K/572K, paused 0ms+0ms, total 6ms
03-25 04:12:14.643 D/AndroidRuntime( 1596): Calling main entry com.android.commands.pm.Pm
03-25 04:12:14.673 W/ActivityManager(  285): No content provider found for permission revoke: file:///data/local/tmp/qeo-android-tests-debug-test-unaligned.apk
03-25 04:12:14.683 W/ActivityManager(  285): No content provider found for permission revoke: file:///data/local/tmp/qeo-android-tests-debug-test-unaligned.apk
03-25 04:12:14.683 I/PackageManager(  285): Copying native libraries to /data/app-lib/vmdl1147463788
03-25 04:12:14.824 I/ActivityManager(  285): Force stopping package org.qeo.android.library.test.test appid=10047 user=-1
03-25 04:12:14.914 I/PackageManager(  285): Package org.qeo.android.library.test.test codePath changed from /data/app/org.qeo.android.library.test.test-1.apk to /data/app/org.qeo.android.library.test.test-2.apk; Retaining data and using new
03-25 04:12:14.924 I/PackageManager(  285): Running dexopt on: org.qeo.android.library.test.test
03-25 04:12:15.253 D/dalvikvm( 1611): DexOpt: load 62ms, verify+opt 39ms, 194956 bytes
03-25 04:12:15.273 I/ActivityManager(  285): Force stopping package org.qeo.android.library.test.test appid=10047 user=-1
03-25 04:12:15.273 W/PackageManager(  285): Code path for pkg : org.qeo.android.library.test.test changing from /data/app/org.qeo.android.library.test.test-1.apk to /data/app/org.qeo.android.library.test.test-2.apk
03-25 04:12:15.273 W/PackageManager(  285): Resource path for pkg : org.qeo.android.library.test.test changing from /data/app/org.qeo.android.library.test.test-1.apk to /data/app/org.qeo.android.library.test.test-2.apk
03-25 04:12:15.513 D/AndroidRuntime( 1609): 
03-25 04:12:15.513 D/AndroidRuntime( 1609): >>>>>> AndroidRuntime START com.android.internal.os.RuntimeInit <<<<<<
03-25 04:12:15.513 D/dalvikvm(  285): GC_CONCURRENT freed 569K, 35% free 5180K/7912K, paused 5ms+16ms, total 140ms
03-25 04:12:15.543 D/AndroidRuntime( 1609): CheckJNI is ON
03-25 04:12:15.583 D/dalvikvm( 1609): Trying to load lib libjavacore.so 0x0
03-25 04:12:15.603 D/dalvikvm( 1609): Added shared lib libjavacore.so 0x0
03-25 04:12:15.653 D/dalvikvm( 1609): Trying to load lib libnativehelper.so 0x0
03-25 04:12:15.653 D/dalvikvm( 1609): Added shared lib libnativehelper.so 0x0
03-25 04:12:15.663 I/ActivityManager(  285): Force stopping package org.qeo.android.library.test.test appid=10047 user=0
03-25 04:12:15.793 I/InputReader(  285): Reconfiguring input devices.  changes=0x00000010
03-25 04:12:15.793 E/cutils-trace( 1609): Error opening trace file: No such file or directory (2)
03-25 04:12:15.814 D/BackupManagerService(  285): Received broadcast Intent { act=android.intent.action.PACKAGE_REMOVED dat=package:org.qeo.android.library.test.test flg=0x8000010 (has extras) }
03-25 04:12:15.874 W/ContextImpl(  845): Calling a method in the system process without a qualified user: android.app.ContextImpl.startService:1385 android.content.ContextWrapper.startService:473 android.content.ContextWrapper.startService:473 com.android.keychain.KeyChainBroadcastReceiver.onReceive:12 android.app.ActivityThread.handleReceiver:2424 
03-25 04:12:15.984 D/BackupManagerService(  285): Received broadcast Intent { act=android.intent.action.PACKAGE_ADDED dat=package:org.qeo.android.library.test.test flg=0x8000010 (has extras) }
03-25 04:12:16.054 V/BackupManagerService(  285): removePackageParticipantsLocked: uid=10047 #1
03-25 04:12:16.054 V/BackupManagerService(  285): addPackageParticipantsLocked: #1
03-25 04:12:16.064 I/InputReader(  285): Reconfiguring input devices.  changes=0x00000010
03-25 04:12:16.533 D/AndroidRuntime( 1609): Calling main entry com.android.commands.am.Am
03-25 04:12:16.533 D/dalvikvm( 1609): Note: class Landroid/app/ActivityManagerNative; has 163 unimplemented (abstract) methods
03-25 04:12:16.573 I/ActivityManager(  285): Force stopping package org.qeo.android.library.test appid=10046 user=0
03-25 04:12:16.593 W/dalvikvm( 1622): PR_CAPBSET_DROP 0 failed: Invalid argument. Please make sure your kernel is compiled with file capabilities support enabled.
03-25 04:12:16.593 W/dalvikvm( 1622): PR_CAPBSET_DROP 1 failed: Invalid argument. Please make sure your kernel is compiled with file capabilities support enabled.
03-25 04:12:16.593 W/dalvikvm( 1622): PR_CAPBSET_DROP 2 failed: Invalid argument. Please make sure your kernel is compiled with file capabilities support enabled.
03-25 04:12:16.593 W/dalvikvm( 1622): PR_CAPBSET_DROP 3 failed: Invalid argument. Please make sure your kernel is compiled with file capabilities support enabled.
03-25 04:12:16.593 W/dalvikvm( 1622): PR_CAPBSET_DROP 4 failed: Invalid argument. Please make sure your kernel is compiled with file capabilities support enabled.
03-25 04:12:16.593 W/dalvikvm( 1622): PR_CAPBSET_DROP 5 failed: Invalid argument. Please make sure your kernel is compiled with file capabilities support enabled.
03-25 04:12:16.593 W/dalvikvm( 1622): PR_CAPBSET_DROP 6 failed: Invalid argument. Please make sure your kernel is compiled with file capabilities support enabled.
03-25 04:12:16.593 W/dalvikvm( 1622): PR_CAPBSET_DROP 7 failed: Invalid argument. Please make sure your kernel is compiled with file capabilities support enabled.
03-25 04:12:16.593 W/dalvikvm( 1622): PR_CAPBSET_DROP 8 failed: Invalid argument. Please make sure your kernel is compiled with file capabilities support enabled.
03-25 04:12:16.593 W/dalvikvm( 1622): PR_CAPBSET_DROP 9 failed: Invalid argument. Please make sure your kernel is compiled with file capabilities support enabled.
03-25 04:12:16.593 W/dalvikvm( 1622): PR_CAPBSET_DROP 10 failed: Invalid argument. Please make sure your kernel is compiled with file capabilities support enabled.
03-25 04:12:16.603 W/dalvikvm( 1622): PR_CAPBSET_DROP 11 failed: Invalid argument. Please make sure your kernel is compiled with file capabilities support enabled.
03-25 04:12:16.603 W/dalvikvm( 1622): PR_CAPBSET_DROP 12 failed: Invalid argument. Please make sure your kernel is compiled with file capabilities support enabled.
03-25 04:12:16.603 W/dalvikvm( 1622): PR_CAPBSET_DROP 13 failed: Invalid argument. Please make sure your kernel is compiled with file capabilities support enabled.
03-25 04:12:16.603 W/dalvikvm( 1622): PR_CAPBSET_DROP 14 failed: Invalid argument. Please make sure your kernel is compiled with file capabilities support enabled.
03-25 04:12:16.603 W/dalvikvm( 1622): PR_CAPBSET_DROP 15 failed: Invalid argument. Please make sure your kernel is compiled with file capabilities support enabled.
03-25 04:12:16.603 W/dalvikvm( 1622): PR_CAPBSET_DROP 16 failed: Invalid argument. Please make sure your kernel is compiled with file capabilities support enabled.
03-25 04:12:16.603 W/dalvikvm( 1622): PR_CAPBSET_DROP 17 failed: Invalid argument. Please make sure your kernel is compiled with file capabilities support enabled.
03-25 04:12:16.603 W/dalvikvm( 1622): PR_CAPBSET_DROP 18 failed: Invalid argument. Please make sure your kernel is compiled with file capabilities support enabled.
03-25 04:12:16.603 W/dalvikvm( 1622): PR_CAPBSET_DROP 19 failed: Invalid argument. Please make sure your kernel is compiled with file capabilities support enabled.
03-25 04:12:16.603 W/dalvikvm( 1622): PR_CAPBSET_DROP 20 failed: Invalid argument. Please make sure your kernel is compiled with file capabilities support enabled.
03-25 04:12:16.603 W/dalvikvm( 1622): PR_CAPBSET_DROP 21 failed: Invalid argument. Please make sure your kernel is compiled with file capabilities support enabled.
03-25 04:12:16.603 W/dalvikvm( 1622): PR_CAPBSET_DROP 22 failed: Invalid argument. Please make sure your kernel is compiled with file capabilities support enabled.
03-25 04:12:16.603 W/dalvikvm( 1622): PR_CAPBSET_DROP 23 failed: Invalid argument. Please make sure your kernel is compiled with file capabilities support enabled.
03-25 04:12:16.613 W/dalvikvm( 1622): PR_CAPBSET_DROP 24 failed: Invalid argument. Please make sure your kernel is compiled with file capabilities support enabled.
03-25 04:12:16.613 W/dalvikvm( 1622): PR_CAPBSET_DROP 25 failed: Invalid argument. Please make sure your kernel is compiled with file capabilities support enabled.
03-25 04:12:16.613 W/dalvikvm( 1622): PR_CAPBSET_DROP 26 failed: Invalid argument. Please make sure your kernel is compiled with file capabilities support enabled.
03-25 04:12:16.613 W/dalvikvm( 1622): PR_CAPBSET_DROP 27 failed: Invalid argument. Please make sure your kernel is compiled with file capabilities support enabled.
03-25 04:12:16.613 W/dalvikvm( 1622): PR_CAPBSET_DROP 28 failed: Invalid argument. Please make sure your kernel is compiled with file capabilities support enabled.
03-25 04:12:16.613 W/dalvikvm( 1622): PR_CAPBSET_DROP 29 failed: Invalid argument. Please make sure your kernel is compiled with file capabilities support enabled.
03-25 04:12:16.613 W/dalvikvm( 1622): PR_CAPBSET_DROP 30 failed: Invalid argument. Please make sure your kernel is compiled with file capabilities support enabled.
03-25 04:12:16.613 W/dalvikvm( 1622): PR_CAPBSET_DROP 31 failed: Invalid argument. Please make sure your kernel is compiled with file capabilities support enabled.
03-25 04:12:16.613 W/dalvikvm( 1622): PR_CAPBSET_DROP 32 failed: Invalid argument. Please make sure your kernel is compiled with file capabilities support enabled.
03-25 04:12:16.613 W/dalvikvm( 1622): PR_CAPBSET_DROP 33 failed: Invalid argument. Please make sure your kernel is compiled with file capabilities support enabled.
03-25 04:12:16.623 D/dalvikvm( 1622): Not late-enabling CheckJNI (already on)
03-25 04:12:16.633 I/ActivityManager(  285): Start proc org.qeo.android.library.test for added application org.qeo.android.library.test: pid=1622 uid=10046 gids={50046, 3003, 1028}
03-25 04:12:16.894 D/dalvikvm( 1622): GC_CONCURRENT freed 421K, 18% free 2598K/3136K, paused 10ms+13ms, total 86ms
03-25 04:12:16.894 D/dalvikvm( 1622): WAIT_FOR_CONCURRENT_GC blocked 21ms
03-25 04:12:17.074 D/dalvikvm( 1622): GC_CONCURRENT freed 418K, 17% free 2664K/3200K, paused 4ms+12ms, total 45ms
03-25 04:12:17.333 D/dalvikvm( 1622): GC_CONCURRENT freed 472K, 19% free 2674K/3264K, paused 4ms+16ms, total 62ms
03-25 04:12:17.453 I/TestRunner( 1622): started: testAndroidTestCaseSetupProperly(org.qeo.BigDataTest)
03-25 04:12:17.473 D/QeoJunit( 1622): setup
03-25 04:12:17.473 D/QeoJunit( 1622): Binding to service
03-25 04:12:17.483 I/Qeo     ( 1622): initialize Qeo connection
03-25 04:12:17.483 I/Qeo     ( 1622): initialize Qeo service connection
03-25 04:12:17.493 I/Qeo     ( 1622): Service not embedded
03-25 04:12:17.513 W/dalvikvm( 1636): PR_CAPBSET_DROP 0 failed: Invalid argument. Please make sure your kernel is compiled with file capabilities support enabled.
03-25 04:12:17.513 W/dalvikvm( 1636): PR_CAPBSET_DROP 1 failed: Invalid argument. Please make sure your kernel is compiled with file capabilities support enabled.
03-25 04:12:17.513 W/dalvikvm( 1636): PR_CAPBSET_DROP 2 failed: Invalid argument. Please make sure your kernel is compiled with file capabilities support enabled.
03-25 04:12:17.513 W/dalvikvm( 1636): PR_CAPBSET_DROP 3 failed: Invalid argument. Please make sure your kernel is compiled with file capabilities support enabled.
03-25 04:12:17.513 W/dalvikvm( 1636): PR_CAPBSET_DROP 4 failed: Invalid argument. Please make sure your kernel is compiled with file capabilities support enabled.
03-25 04:12:17.513 W/dalvikvm( 1636): PR_CAPBSET_DROP 5 failed: Invalid argument. Please make sure your kernel is compiled with file capabilities support enabled.
03-25 04:12:17.513 W/dalvikvm( 1636): PR_CAPBSET_DROP 6 failed: Invalid argument. Please make sure your kernel is compiled with file capabilities support enabled.
03-25 04:12:17.513 W/dalvikvm( 1636): PR_CAPBSET_DROP 7 failed: Invalid argument. Please make sure your kernel is compiled with file capabilities support enabled.
03-25 04:12:17.513 W/dalvikvm( 1636): PR_CAPBSET_DROP 8 failed: Invalid argument. Please make sure your kernel is compiled with file capabilities support enabled.
03-25 04:12:17.513 W/dalvikvm( 1636): PR_CAPBSET_DROP 9 failed: Invalid argument. Please make sure your kernel is compiled with file capabilities support enabled.
03-25 04:12:17.513 W/dalvikvm( 1636): PR_CAPBSET_DROP 10 failed: Invalid argument. Please make sure your kernel is compiled with file capabilities support enabled.
03-25 04:12:17.523 W/dalvikvm( 1636): PR_CAPBSET_DROP 11 failed: Invalid argument. Please make sure your kernel is compiled with file capabilities support enabled.
03-25 04:12:17.523 W/dalvikvm( 1636): PR_CAPBSET_DROP 12 failed: Invalid argument. Please make sure your kernel is compiled with file capabilities support enabled.
03-25 04:12:17.523 W/dalvikvm( 1636): PR_CAPBSET_DROP 13 failed: Invalid argument. Please make sure your kernel is compiled with file capabilities support enabled.
03-25 04:12:17.523 W/dalvikvm( 1636): PR_CAPBSET_DROP 14 failed: Invalid argument. Please make sure your kernel is compiled with file capabilities support enabled.
03-25 04:12:17.523 W/dalvikvm( 1636): PR_CAPBSET_DROP 15 failed: Invalid argument. Please make sure your kernel is compiled with file capabilities support enabled.
03-25 04:12:17.523 W/dalvikvm( 1636): PR_CAPBSET_DROP 16 failed: Invalid argument. Please make sure your kernel is compiled with file capabilities support enabled.
03-25 04:12:17.533 W/dalvikvm( 1636): PR_CAPBSET_DROP 17 failed: Invalid argument. Please make sure your kernel is compiled with file capabilities support enabled.
03-25 04:12:17.533 W/dalvikvm( 1636): PR_CAPBSET_DROP 18 failed: Invalid argument. Please make sure your kernel is compiled with file capabilities support enabled.
03-25 04:12:17.533 W/dalvikvm( 1636): PR_CAPBSET_DROP 19 failed: Invalid argument. Please make sure your kernel is compiled with file capabilities support enabled.
03-25 04:12:17.533 W/dalvikvm( 1636): PR_CAPBSET_DROP 20 failed: Invalid argument. Please make sure your kernel is compiled with file capabilities support enabled.
03-25 04:12:17.533 W/dalvikvm( 1636): PR_CAPBSET_DROP 21 failed: Invalid argument. Please make sure your kernel is compiled with file capabilities support enabled.
03-25 04:12:17.533 W/dalvikvm( 1636): PR_CAPBSET_DROP 22 failed: Invalid argument. Please make sure your kernel is compiled with file capabilities support enabled.
03-25 04:12:17.533 W/dalvikvm( 1636): PR_CAPBSET_DROP 23 failed: Invalid argument. Please make sure your kernel is compiled with file capabilities support enabled.
03-25 04:12:17.533 W/dalvikvm( 1636): PR_CAPBSET_DROP 24 failed: Invalid argument. Please make sure your kernel is compiled with file capabilities support enabled.
03-25 04:12:17.533 W/dalvikvm( 1636): PR_CAPBSET_DROP 25 failed: Invalid argument. Please make sure your kernel is compiled with file capabilities support enabled.
03-25 04:12:17.533 W/dalvikvm( 1636): PR_CAPBSET_DROP 26 failed: Invalid argument. Please make sure your kernel is compiled with file capabilities support enabled.
03-25 04:12:17.533 W/dalvikvm( 1636): PR_CAPBSET_DROP 27 failed: Invalid argument. Please make sure your kernel is compiled with file capabilities support enabled.
03-25 04:12:17.533 W/dalvikvm( 1636): PR_CAPBSET_DROP 28 failed: Invalid argument. Please make sure your kernel is compiled with file capabilities support enabled.
03-25 04:12:17.543 W/dalvikvm( 1636): PR_CAPBSET_DROP 29 failed: Invalid argument. Please make sure your kernel is compiled with file capabilities support enabled.
03-25 04:12:17.543 W/dalvikvm( 1636): PR_CAPBSET_DROP 30 failed: Invalid argument. Please make sure your kernel is compiled with file capabilities support enabled.
03-25 04:12:17.543 W/dalvikvm( 1636): PR_CAPBSET_DROP 31 failed: Invalid argument. Please make sure your kernel is compiled with file capabilities support enabled.
03-25 04:12:17.543 W/dalvikvm( 1636): PR_CAPBSET_DROP 32 failed: Invalid argument. Please make sure your kernel is compiled with file capabilities support enabled.
03-25 04:12:17.543 W/dalvikvm( 1636): PR_CAPBSET_DROP 33 failed: Invalid argument. Please make sure your kernel is compiled with file capabilities support enabled.
03-25 04:12:17.543 D/dalvikvm( 1636): Not late-enabling CheckJNI (already on)
03-25 04:12:17.553 I/ActivityManager(  285): Start proc org.qeo.android.service for service org.qeo.android.service/.QeoService: pid=1636 uid=10046 gids={50046, 3003, 1028}
03-25 04:12:17.623 D/dalvikvm(  477): GC_CONCURRENT freed 390K, 17% free 2864K/3436K, paused 12ms+3ms, total 253ms
03-25 04:12:17.653 D/dalvikvm(  285): GC_EXPLICIT freed 467K, 35% free 5218K/7912K, paused 4ms+576ms, total 1314ms
03-25 04:12:17.693 W/RecognitionManagerService(  285): no available voice recognition services found for user 0
03-25 04:12:17.783 D/AndroidRuntime( 1596): Shutting down VM
03-25 04:12:17.793 D/dalvikvm( 1596): GC_CONCURRENT freed 91K, 17% free 477K/572K, paused 0ms+3ms, total 8ms
03-25 04:12:17.823 D/dalvikvm( 1636): Trying to load lib /data/app-lib/org.qeo.android.service-2/libqeoJNI.so 0x416efe58
03-25 04:12:17.823 D/dalvikvm( 1636): Added shared lib /data/app-lib/org.qeo.android.service-2/libqeoJNI.so 0x416efe58
03-25 04:12:17.834 I/QeoService( 1636): Qeo version is 0.19.0-SNAPSHOT
03-25 04:12:17.834 I/QeoService( 1636): Creating service
03-25 04:12:17.844 E/WifiStateMachine(  285): Error! unhandled message{ what=131157 when=0 }
03-25 04:12:17.854 I/QeoService( 1636): Binding to Qeo Service
03-25 04:12:18.343 D/dalvikvm( 1636): GC_CONCURRENT freed 283K, 14% free 2630K/3032K, paused 18ms+2ms, total 116ms
03-25 04:12:18.733 D/AndroidRuntime( 1656): 
03-25 04:12:18.733 D/AndroidRuntime( 1656): >>>>>> AndroidRuntime START com.android.internal.os.RuntimeInit <<<<<<
03-25 04:12:18.733 D/AndroidRuntime( 1656): CheckJNI is ON
03-25 04:12:18.773 D/dalvikvm( 1656): Trying to load lib libjavacore.so 0x0
03-25 04:12:18.803 D/dalvikvm( 1656): Added shared lib libjavacore.so 0x0
03-25 04:12:18.854 D/dalvikvm( 1656): Trying to load lib libnativehelper.so 0x0
03-25 04:12:18.854 D/dalvikvm( 1656): Added shared lib libnativehelper.so 0x0
03-25 04:12:18.904 I/QeoService( 1636): Qeo init completed
03-25 04:12:18.904 I/Qeo     ( 1622): Manifest popup disabled by application
03-25 04:12:19.004 E/cutils-trace( 1656): Error opening trace file: No such file or directory (2)
03-25 04:12:19.044 D/dalvikvm( 1622): GC_CONCURRENT freed 411K, 19% free 2661K/3264K, paused 29ms+20ms, total 135ms
03-25 04:12:19.333 I/QeoService( 1636): Qeo manifest accept needed for application with uid 10046
03-25 04:12:19.733 D/AndroidRuntime( 1656): Calling main entry com.android.commands.am.Am
03-25 04:12:19.733 D/dalvikvm( 1656): Note: class Landroid/app/ActivityManagerNative; has 163 unimplemented (abstract) methods
03-25 04:12:19.763 I/ActivityManager(  285): Force stopping package org.qeo.android.library.test appid=10046 user=0
03-25 04:12:19.763 I/ActivityManager(  285): Killing proc 1622:org.qeo.android.library.test/u0a10046: force stop org.qeo.android.library.test
03-25 04:12:19.773 I/QeoService( 1636): unbinding to Qeo Service
03-25 04:12:19.773 I/QeoService( 1636): onDestroy(destroying service)
03-25 04:12:19.783 W/ActivityManager(  285): Crash of app org.qeo.android.library.test running instrumentation ComponentInfo{org.qeo.android.library.test.test/android.test.InstrumentationTestRunner}
03-25 04:12:19.783 D/AndroidRuntime( 1609): Shutting down VM
03-25 04:12:19.793 D/dalvikvm( 1609): GC_CONCURRENT freed 98K, 18% free 481K/580K, paused 1ms+0ms, total 9ms
03-25 04:12:19.834 D/QeoJunit( 1622): Binding to service done
03-25 04:12:20.014 I/ActivityManager(  285): Force stopping package org.qeo.android.library.test appid=10046 user=0
03-25 04:12:20.034 W/dalvikvm( 1670): PR_CAPBSET_DROP 0 failed: Invalid argument. Please make sure your kernel is compiled with file capabilities support enabled.
03-25 04:12:20.034 W/dalvikvm( 1670): PR_CAPBSET_DROP 1 failed: Invalid argument. Please make sure your kernel is compiled with file capabilities support enabled.
03-25 04:12:20.044 W/dalvikvm( 1670): PR_CAPBSET_DROP 2 failed: Invalid argument. Please make sure your kernel is compiled with file capabilities support enabled.
03-25 04:12:20.044 W/dalvikvm( 1670): PR_CAPBSET_DROP 3 failed: Invalid argument. Please make sure your kernel is compiled with file capabilities support enabled.
03-25 04:12:20.044 W/dalvikvm( 1670): PR_CAPBSET_DROP 4 failed: Invalid argument. Please make sure your kernel is compiled with file capabilities support enabled.
03-25 04:12:20.044 W/dalvikvm( 1670): PR_CAPBSET_DROP 5 failed: Invalid argument. Please make sure your kernel is compiled with file capabilities support enabled.
03-25 04:12:20.044 W/dalvikvm( 1670): PR_CAPBSET_DROP 6 failed: Invalid argument. Please make sure your kernel is compiled with file capabilities support enabled.
03-25 04:12:20.044 W/dalvikvm( 1670): PR_CAPBSET_DROP 7 failed: Invalid argument. Please make sure your kernel is compiled with file capabilities support enabled.
03-25 04:12:20.054 W/dalvikvm( 1670): PR_CAPBSET_DROP 8 failed: Invalid argument. Please make sure your kernel is compiled with file capabilities support enabled.
03-25 04:12:20.054 W/dalvikvm( 1670): PR_CAPBSET_DROP 9 failed: Invalid argument. Please make sure your kernel is compiled with file capabilities support enabled.
03-25 04:12:20.054 W/dalvikvm( 1670): PR_CAPBSET_DROP 10 failed: Invalid argument. Please make sure your kernel is compiled with file capabilities support enabled.
03-25 04:12:20.054 W/dalvikvm( 1670): PR_CAPBSET_DROP 11 failed: Invalid argument. Please make sure your kernel is compiled with file capabilities support enabled.
