03-25 04:12:20.054 W/dalvikvm( 1670): PR_CAPBSET_DROP 12 failed: Invalid argument. Please make sure your kernel is compiled with file capabilities support enabled.
03-25 04:12:20.054 W/dalvikvm( 1670): PR_CAPBSET_DROP 13 failed: Invalid argument. Please make sure your kernel is compiled with file capabilities support enabled.
03-25 04:12:20.054 W/dalvikvm( 1670): PR_CAPBSET_DROP 14 failed: Invalid argument. Please make sure your kernel is compiled with file capabilities support enabled.
03-25 04:12:20.054 W/dalvikvm( 1670): PR_CAPBSET_DROP 15 failed: Invalid argument. Please make sure your kernel is compiled with file capabilities support enabled.
03-25 04:12:20.054 W/dalvikvm( 1670): PR_CAPBSET_DROP 16 failed: Invalid argument. Please make sure your kernel is compiled with file capabilities support enabled.
03-25 04:12:20.054 W/dalvikvm( 1670): PR_CAPBSET_DROP 17 failed: Invalid argument. Please make sure your kernel is compiled with file capabilities support enabled.
03-25 04:12:20.054 W/dalvikvm( 1670): PR_CAPBSET_DROP 18 failed: Invalid argument. Please make sure your kernel is compiled with file capabilities support enabled.
03-25 04:12:20.054 W/dalvikvm( 1670): PR_CAPBSET_DROP 19 failed: Invalid argument. Please make sure your kernel is compiled with file capabilities support enabled.
03-25 04:12:20.054 W/dalvikvm( 1670): PR_CAPBSET_DROP 20 failed: Invalid argument. Please make sure your kernel is compiled with file capabilities support enabled.
03-25 04:12:20.064 W/dalvikvm( 1670): PR_CAPBSET_DROP 21 failed: Invalid argument. Please make sure your kernel is compiled with file capabilities support enabled.
03-25 04:12:20.064 W/dalvikvm( 1670): PR_CAPBSET_DROP 22 failed: Invalid argument. Please make sure your kernel is compiled with file capabilities support enabled.
03-25 04:12:20.064 W/dalvikvm( 1670): PR_CAPBSET_DROP 23 failed: Invalid argument. Please make sure your kernel is compiled with file capabilities support enabled.
03-25 04:12:20.064 W/dalvikvm( 1670): PR_CAPBSET_DROP 24 failed: Invalid argument. Please make sure your kernel is compiled with file capabilities support enabled.
03-25 04:12:20.064 W/dalvikvm( 1670): PR_CAPBSET_DROP 25 failed: Invalid argument. Please make sure your kernel is compiled with file capabilities support enabled.
03-25 04:12:20.064 W/dalvikvm( 1670): PR_CAPBSET_DROP 26 failed: Invalid argument. Please make sure your kernel is compiled with file capabilities support enabled.
03-25 04:12:20.064 W/dalvikvm( 1670): PR_CAPBSET_DROP 27 failed: Invalid argument. Please make sure your kernel is compiled with file capabilities support enabled.
03-25 04:12:20.064 W/dalvikvm( 1670): PR_CAPBSET_DROP 28 failed: Invalid argument. Please make sure your kernel is compiled with file capabilities support enabled.
03-25 04:12:20.064 W/dalvikvm( 1670): PR_CAPBSET_DROP 29 failed: Invalid argument. Please make sure your kernel is compiled with file capabilities support enabled.
03-25 04:12:20.074 W/dalvikvm( 1670): PR_CAPBSET_DROP 30 failed: Invalid argument. Please make sure your kernel is compiled with file capabilities support enabled.
03-25 04:12:20.074 W/dalvikvm( 1670): PR_CAPBSET_DROP 31 failed: Invalid argument. Please make sure your kernel is compiled with file capabilities support enabled.
03-25 04:12:20.074 W/dalvikvm( 1670): PR_CAPBSET_DROP 32 failed: Invalid argument. Please make sure your kernel is compiled with file capabilities support enabled.
03-25 04:12:20.074 W/dalvikvm( 1670): PR_CAPBSET_DROP 33 failed: Invalid argument. Please make sure your kernel is compiled with file capabilities support enabled.
03-25 04:12:20.084 D/dalvikvm( 1670): Not late-enabling CheckJNI (already on)
03-25 04:12:20.084 I/ActivityManager(  285): Start proc org.qeo.android.library.test for added application org.qeo.android.library.test: pid=1670 uid=10046 gids={50046, 3003, 1028}
03-25 04:12:20.134 W/ActivityManager(  285): Unbind failed: could not find connection for android.os.BinderProxy@41bd5bd8
03-25 04:12:20.194 E/WifiStateMachine(  285): Error! unhandled message{ what=131156 when=-13ms }
03-25 04:12:20.633 D/dalvikvm( 1670): GC_CONCURRENT freed 374K, 16% free 2590K/3084K, paused 4ms+4ms, total 146ms
03-25 04:12:20.673 D/AndroidRuntime( 1671): 
03-25 04:12:20.673 D/AndroidRuntime( 1671): >>>>>> AndroidRuntime START com.android.internal.os.RuntimeInit <<<<<<
03-25 04:12:20.673 D/AndroidRuntime( 1671): CheckJNI is ON
03-25 04:12:20.723 D/dalvikvm( 1671): Trying to load lib libjavacore.so 0x0
03-25 04:12:20.753 D/dalvikvm( 1671): Added shared lib libjavacore.so 0x0
03-25 04:12:20.824 D/dalvikvm( 1671): Trying to load lib libnativehelper.so 0x0
03-25 04:12:20.824 D/dalvikvm( 1671): Added shared lib libnativehelper.so 0x0
03-25 04:12:20.874 D/dalvikvm( 1670): GC_CONCURRENT freed 429K, 18% free 2592K/3140K, paused 3ms+15ms, total 70ms
03-25 04:12:20.974 E/cutils-trace( 1671): Error opening trace file: No such file or directory (2)
03-25 04:12:21.273 D/dalvikvm( 1670): GC_CONCURRENT freed 364K, 16% free 2646K/3140K, paused 3ms+8ms, total 75ms
03-25 04:12:21.613 D/dalvikvm( 1670): GC_CONCURRENT freed 414K, 17% free 2648K/3184K, paused 4ms+16ms, total 82ms
03-25 04:12:21.703 D/AndroidRuntime( 1671): Calling main entry com.android.commands.pm.Pm
03-25 04:12:21.713 I/TestRunner( 1670): started: testAndroidTestCaseSetupProperly(org.qeo.BigDataTest)
03-25 04:12:21.733 W/PackageManager(  285): Couldn't delete native library directory /data/app-lib/org.qeo.android.library.test.test
03-25 04:12:21.763 I/ActivityManager(  285): Force stopping package org.qeo.android.library.test.test appid=10047 user=-1
03-25 04:12:21.763 D/QeoJunit( 1670): setup
03-25 04:12:21.763 D/QeoJunit( 1670): Binding to service
03-25 04:12:21.814 I/Qeo     ( 1670): initialize Qeo connection
03-25 04:12:21.814 I/Qeo     ( 1670): initialize Qeo service connection
03-25 04:12:21.824 I/Qeo     ( 1670): Service not embedded
03-25 04:12:21.834 I/QeoService( 1636): Qeo version is 0.19.0-SNAPSHOT
03-25 04:12:21.834 I/QeoService( 1636): Creating service
03-25 04:12:21.844 E/WifiStateMachine(  285): Error! unhandled message{ what=131157 when=0 }
03-25 04:12:21.854 I/QeoService( 1636): Binding to Qeo Service
03-25 04:12:21.874 D/keystore(   42): calling clear_uid in state: 3
03-25 04:12:21.884 I/ActivityManager(  285): Force stopping package org.qeo.android.library.test.test appid=10047 user=0
03-25 04:12:22.124 I/QeoService( 1636): Qeo init completed
03-25 04:12:22.134 I/Qeo     ( 1670): Manifest popup disabled by application
03-25 04:12:22.253 I/InputReader(  285): Reconfiguring input devices.  changes=0x00000010
03-25 04:12:22.323 D/BackupManagerService(  285): Received broadcast Intent { act=android.intent.action.PACKAGE_REMOVED dat=package:org.qeo.android.library.test.test flg=0x8000010 (has extras) }
03-25 04:12:22.323 V/BackupManagerService(  285): removePackageParticipantsLocked: uid=10047 #1
03-25 04:12:22.503 D/dalvikvm( 1636): GC_CONCURRENT freed 245K, 12% free 2787K/3152K, paused 4ms+16ms, total 61ms
03-25 04:12:22.603 D/QeoJunit( 1670): Binding to service done
03-25 04:12:22.613 I/QeoService( 1636): unbinding to Qeo Service
03-25 04:12:22.613 I/QeoService( 1636): onDestroy(destroying service)
03-25 04:12:22.623 I/TestRunner( 1670): finished: testAndroidTestCaseSetupProperly(org.qeo.BigDataTest)
03-25 04:12:22.623 I/TestRunner( 1670): passed: testAndroidTestCaseSetupProperly(org.qeo.BigDataTest)
03-25 04:12:22.643 I/TestRunner( 1670): started: testEvent100(org.qeo.BigDataTest)
03-25 04:12:22.663 D/QeoJunit( 1670): setup
03-25 04:12:22.663 D/QeoJunit( 1670): Binding to service
03-25 04:12:22.663 I/Qeo     ( 1670): initialize Qeo connection
03-25 04:12:22.663 I/Qeo     ( 1670): initialize Qeo service connection
03-25 04:12:22.663 I/Qeo     ( 1670): Service not embedded
03-25 04:12:22.683 E/WifiStateMachine(  285): Error! unhandled message{ what=131156 when=-1ms }
03-25 04:12:22.693 I/QeoService( 1636): Qeo version is 0.19.0-SNAPSHOT
03-25 04:12:22.693 I/QeoService( 1636): Creating service
03-25 04:12:22.693 E/WifiStateMachine(  285): Error! unhandled message{ what=131157 when=-1ms }
03-25 04:12:22.703 I/QeoService( 1636): Binding to Qeo Service
03-25 04:12:22.964 I/QeoService( 1636): Qeo init completed
03-25 04:12:22.964 I/Qeo     ( 1670): Manifest popup disabled by application
03-25 04:12:23.184 D/QeoJunit( 1670): Binding to service done
03-25 04:12:23.274 D/dalvikvm( 1670): GC_FOR_ALLOC freed 232K, 17% free 2662K/3204K, paused 20ms, total 21ms
03-25 04:12:23.274 I/dalvikvm-heap( 1670): Grow heap (frag case) to 2.810MB for 102416-byte allocation
03-25 04:12:23.323 D/dalvikvm( 1670): GC_FOR_ALLOC freed <1K, 17% free 2762K/3308K, paused 17ms, total 18ms
03-25 04:12:23.353 D/dalvikvm( 1670): GC_FOR_ALLOC freed 7K, 17% free 2764K/3308K, paused 18ms, total 18ms
03-25 04:12:23.353 I/dalvikvm-heap( 1670): Grow heap (frag case) to 2.909MB for 102588-byte allocation
03-25 04:12:23.393 D/dalvikvm( 1636): GC_FOR_ALLOC freed 351K, 15% free 2886K/3360K, paused 24ms, total 30ms
03-25 04:12:23.443 D/dalvikvm( 1636): GC_CONCURRENT freed 171K, 19% free 2824K/3464K, paused 4ms+9ms, total 56ms
03-25 04:12:23.443 D/dalvikvm( 1636): WAIT_FOR_CONCURRENT_GC blocked 23ms
03-25 04:12:23.473 D/dalvikvm( 1636): GC_FOR_ALLOC freed 45K, 17% free 2878K/3464K, paused 24ms, total 24ms
03-25 04:12:23.473 I/dalvikvm-heap( 1636): Grow heap (frag case) to 3.020MB for 102416-byte allocation
03-25 04:12:23.493 D/dalvikvm( 1636): GC_FOR_ALLOC freed 100K, 20% free 2878K/3568K, paused 20ms, total 20ms
03-25 04:12:23.743 D/dalvikvm( 1670): GC_FOR_ALLOC freed 100K, 20% free 2763K/3412K, paused 18ms, total 18ms
03-25 04:12:23.844 D/dalvikvm( 1636): GC_FOR_ALLOC freed 210K, 22% free 2783K/3568K, paused 19ms, total 19ms
03-25 04:12:23.864 D/dalvikvm( 1670): GC_FOR_ALLOC freed 0K, 17% free 2864K/3412K, paused 20ms, total 20ms
03-25 04:12:23.864 I/dalvikvm-heap( 1670): Grow heap (frag case) to 3.006MB for 102588-byte allocation
03-25 04:12:23.884 D/dalvikvm( 1670): GC_FOR_ALLOC freed 0K, 16% free 2964K/3516K, paused 21ms, total 21ms
03-25 04:12:23.904 D/dalvikvm( 1670): GC_FOR_ALLOC freed 101K, 19% free 2865K/3516K, paused 19ms, total 19ms
03-25 04:12:23.924 D/dalvikvm( 1670): GC_FOR_ALLOC freed 0K, 16% free 2965K/3516K, paused 19ms, total 19ms
03-25 04:12:23.924 I/dalvikvm-heap( 1670): Grow heap (frag case) to 3.105MB for 102416-byte allocation
03-25 04:12:23.954 D/dalvikvm( 1670): GC_FOR_ALLOC freed 100K, 19% free 2965K/3620K, paused 22ms, total 22ms
03-25 04:12:23.984 I/QeoService( 1636): unbinding to Qeo Service
03-25 04:12:23.984 I/QeoService( 1636): onDestroy(destroying service)
03-25 04:12:23.994 I/TestRunner( 1670): finished: testEvent100(org.qeo.BigDataTest)
03-25 04:12:23.994 I/TestRunner( 1670): passed: testEvent100(org.qeo.BigDataTest)
03-25 04:12:24.014 I/TestRunner( 1670): started: testEvent1500(org.qeo.BigDataTest)
03-25 04:12:24.024 D/QeoJunit( 1670): setup
03-25 04:12:24.024 D/QeoJunit( 1670): Binding to service
03-25 04:12:24.034 I/Qeo     ( 1670): initialize Qeo connection
03-25 04:12:24.034 I/Qeo     ( 1670): initialize Qeo service connection
03-25 04:12:24.044 I/Qeo     ( 1670): Service not embedded
03-25 04:12:24.064 E/WifiStateMachine(  285): Error! unhandled message{ what=131156 when=-1ms }
03-25 04:12:24.064 I/QeoService( 1636): Qeo version is 0.19.0-SNAPSHOT
03-25 04:12:24.064 I/QeoService( 1636): Creating service
03-25 04:12:24.074 E/WifiStateMachine(  285): Error! unhandled message{ what=131157 when=-1ms }
03-25 04:12:24.084 I/QeoService( 1636): Binding to Qeo Service
03-25 04:12:24.124 W/ContextImpl(  845): Calling a method in the system process without a qualified user: android.app.ContextImpl.startService:1385 android.content.ContextWrapper.startService:473 android.content.ContextWrapper.startService:473 com.android.keychain.KeyChainBroadcastReceiver.onReceive:12 android.app.ActivityThread.handleReceiver:2424 
03-25 04:12:24.323 D/VoicemailCleanupService(  477): Cleaning up data for package: org.qeo.android.library.test.test
03-25 04:12:24.353 I/QeoService( 1636): Qeo init completed
03-25 04:12:24.353 I/Qeo     ( 1670): Manifest popup disabled by application
03-25 04:12:24.583 D/QeoJunit( 1670): Binding to service done
03-25 04:12:24.633 D/dalvikvm( 1670): GC_FOR_ALLOC freed 353K, 27% free 2669K/3620K, paused 19ms, total 20ms
03-25 04:12:24.633 I/dalvikvm-heap( 1670): Grow heap (frag case) to 4.183MB for 1536016-byte allocation
03-25 04:12:24.683 D/dalvikvm( 1670): GC_CONCURRENT freed <1K, 19% free 4169K/5124K, paused 4ms+4ms, total 46ms
03-25 04:12:24.984 D/dalvikvm( 1670): GC_FOR_ALLOC freed 1K, 19% free 4169K/5124K, paused 17ms, total 17ms
03-25 04:12:24.994 I/dalvikvm-heap( 1670): Grow heap (frag case) to 5.648MB for 1536188-byte allocation
03-25 04:12:25.024 D/dalvikvm( 1670): GC_CONCURRENT freed 0K, 15% free 5669K/6628K, paused 3ms+2ms, total 35ms
03-25 04:12:25.024 D/dalvikvm( 1670): WAIT_FOR_CONCURRENT_GC blocked 17ms
03-25 04:12:25.064 D/dalvikvm( 1636): GC_FOR_ALLOC freed 380K, 22% free 2783K/3568K, paused 23ms, total 25ms
03-25 04:12:25.104 D/dalvikvm( 1636): GC_FOR_ALLOC freed 25K, 20% free 2887K/3568K, paused 33ms, total 33ms
03-25 04:12:25.114 I/dalvikvm-heap( 1636): Grow heap (frag case) to 4.396MB for 1536188-byte allocation
03-25 04:12:25.134 D/dalvikvm( 1636): GC_FOR_ALLOC freed 67K, 15% free 4319K/5072K, paused 26ms, total 26ms
03-25 04:12:25.164 D/dalvikvm( 1636): GC_CONCURRENT freed <1K, 15% free 4319K/5072K, paused 3ms+2ms, total 28ms
03-25 04:12:25.164 D/dalvikvm( 1636): WAIT_FOR_CONCURRENT_GC blocked 12ms
03-25 04:12:25.164 I/dalvikvm-heap( 1636): Grow heap (frag case) to 4.455MB for 131088-byte allocation
03-25 04:12:25.194 D/dalvikvm( 1636): GC_FOR_ALLOC freed 128K, 17% free 4319K/5204K, paused 22ms, total 22ms
03-25 04:12:25.223 D/dalvikvm( 1636): GC_FOR_ALLOC freed 257K, 20% free 4191K/5204K, paused 19ms, total 19ms
03-25 04:12:25.253 D/dalvikvm( 1636): GC_FOR_ALLOC freed 257K, 20% free 4191K/5204K, paused 19ms, total 19ms
03-25 04:12:25.283 D/dalvikvm( 1636): GC_FOR_ALLOC freed 258K, 20% free 4190K/5204K, paused 21ms, total 21ms
03-25 04:12:25.313 D/dalvikvm( 1636): GC_FOR_ALLOC freed 257K, 20% free 4190K/5204K, paused 20ms, total 20ms
03-25 04:12:25.363 D/dalvikvm( 1636): GC_FOR_ALLOC freed 1759K, 47% free 2783K/5204K, paused 19ms, total 19ms
03-25 04:12:25.363 I/dalvikvm-heap( 1636): Grow heap (frag case) to 4.294MB for 1536016-byte allocation
03-25 04:12:25.393 D/dalvikvm( 1636): GC_CONCURRENT freed 0K, 18% free 4283K/5204K, paused 3ms+3ms, total 26ms
03-25 04:12:25.393 D/dalvikvm( 1636): WAIT_FOR_CONCURRENT_GC blocked 13ms
03-25 04:12:25.403 I/dalvikvm-heap( 1636): Grow heap (frag case) to 5.759MB for 1536016-byte allocation
03-25 04:12:25.423 D/dalvikvm( 1636): GC_FOR_ALLOC freed 1500K, 37% free 4283K/6708K, paused 21ms, total 21ms
03-25 04:12:25.533 D/dalvikvm( 1636): GC_CONCURRENT freed <1K, 37% free 4283K/6708K, paused 4ms+72ms, total 104ms
03-25 04:12:26.354 D/dalvikvm(  285): JIT unchain all for threadid=21
03-25 04:12:28.563 W/dalvikvm(  285): threadid=18: spin on suspend #1 threadid=21 (pcf=0)
03-25 04:12:28.894 W/dalvikvm(  285): threadid=18: spin on suspend resolved in 3270 msec
03-25 04:12:29.553 D/dalvikvm( 1636): GC_FOR_ALLOC freed 1594K, 20% free 2691K/3356K, paused 19ms, total 19ms
03-25 04:12:29.563 I/dalvikvm-heap( 1636): Grow heap (frag case) to 4.205MB for 1536016-byte allocation
03-25 04:12:29.593 D/dalvikvm( 1636): GC_CONCURRENT freed 0K, 14% free 4191K/4860K, paused 4ms+2ms, total 28ms
03-25 04:12:29.593 D/dalvikvm( 1636): WAIT_FOR_CONCURRENT_GC blocked 18ms
03-25 04:12:29.633 D/dalvikvm( 1636): GC_FOR_ALLOC freed 3K, 14% free 4191K/4860K, paused 29ms, total 29ms
03-25 04:12:29.643 I/dalvikvm-heap( 1636): Grow heap (frag case) to 5.670MB for 1536188-byte allocation
03-25 04:12:29.673 D/dalvikvm( 1636): GC_CONCURRENT freed 0K, 11% free 5692K/6364K, paused 4ms+7ms, total 33ms
03-25 04:12:29.673 D/dalvikvm( 1636): WAIT_FOR_CONCURRENT_GC blocked 23ms
03-25 04:12:29.703 D/dalvikvm( 1670): GC_FOR_ALLOC freed 1725K, 36% free 4297K/6628K, paused 22ms, total 22ms
03-25 04:12:29.703 I/dalvikvm-heap( 1670): Grow heap (frag case) to 5.773MB for 1536188-byte allocation
03-25 04:12:29.743 D/dalvikvm( 1670): GC_CONCURRENT freed 0K, 13% free 5797K/6628K, paused 4ms+2ms, total 36ms
03-25 04:12:29.743 D/dalvikvm( 1670): WAIT_FOR_CONCURRENT_GC blocked 32ms
03-25 04:12:29.783 D/dalvikvm( 1670): GC_FOR_ALLOC freed 514K, 18% free 5670K/6892K, paused 21ms, total 21ms
03-25 04:12:29.824 D/dalvikvm( 1670): GC_FOR_ALLOC freed 643K, 18% free 5670K/6892K, paused 21ms, total 21ms
03-25 04:12:29.864 D/dalvikvm( 1670): GC_FOR_ALLOC freed 1757K, 39% free 4262K/6892K, paused 21ms, total 21ms
03-25 04:12:29.864 I/dalvikvm-heap( 1670): Grow heap (frag case) to 5.739MB for 1536016-byte allocation
03-25 04:12:29.904 D/dalvikvm( 1670): GC_CONCURRENT freed 0K, 17% free 5762K/6892K, paused 4ms+2ms, total 34ms
03-25 04:12:29.904 D/dalvikvm( 1670): WAIT_FOR_CONCURRENT_GC blocked 31ms
03-25 04:12:29.914 I/dalvikvm-heap( 1670): Grow heap (frag case) to 7.204MB for 1536016-byte allocation
03-25 04:12:29.944 D/dalvikvm( 1670): GC_FOR_ALLOC freed 1500K, 32% free 5762K/8396K, paused 22ms, total 22ms
03-25 04:12:30.094 I/QeoService( 1636): unbinding to Qeo Service
03-25 04:12:30.094 I/QeoService( 1636): onDestroy(destroying service)
03-25 04:12:30.104 I/TestRunner( 1670): finished: testEvent1500(org.qeo.BigDataTest)
03-25 04:12:30.104 I/TestRunner( 1670): passed: testEvent1500(org.qeo.BigDataTest)
03-25 04:12:30.124 I/TestRunner( 1670): started: testEvent300(org.qeo.BigDataTest)
03-25 04:12:30.144 D/QeoJunit( 1670): setup
03-25 04:12:30.144 D/QeoJunit( 1670): Binding to service
03-25 04:12:30.154 I/Qeo     ( 1670): initialize Qeo connection
03-25 04:12:30.154 I/Qeo     ( 1670): initialize Qeo service connection
03-25 04:12:30.154 I/Qeo     ( 1670): Service not embedded
03-25 04:12:30.204 I/QeoService( 1636): Qeo version is 0.19.0-SNAPSHOT
03-25 04:12:30.204 I/QeoService( 1636): Creating service
03-25 04:12:30.204 E/WifiStateMachine(  285): Error! unhandled message{ what=131156 when=-6ms }
03-25 04:12:30.213 E/WifiStateMachine(  285): Error! unhandled message{ what=131157 when=0 }
03-25 04:12:30.223 I/QeoService( 1636): Binding to Qeo Service
03-25 04:12:30.483 I/QeoService( 1636): Qeo init completed
03-25 04:12:30.483 I/Qeo     ( 1670): Manifest popup disabled by application
03-25 04:12:30.693 D/QeoJunit( 1670): Binding to service done
03-25 04:12:30.814 D/dalvikvm( 1636): GC_FOR_ALLOC freed 3404K, 56% free 2920K/6628K, paused 23ms, total 25ms
03-25 04:12:30.884 D/dalvikvm( 1636): GC_CONCURRENT freed 650K, 19% free 2745K/3356K, paused 11ms+2ms, total 45ms
03-25 04:12:30.884 D/dalvikvm( 1636): WAIT_FOR_CONCURRENT_GC blocked 25ms
03-25 04:12:30.894 I/dalvikvm-heap( 1636): Grow heap (frag case) to 3.085MB for 307216-byte allocation
03-25 04:12:30.914 D/dalvikvm( 1636): GC_FOR_ALLOC freed <1K, 17% free 3044K/3660K, paused 21ms, total 21ms
03-25 04:12:30.914 I/dalvikvm-heap( 1636): Grow heap (frag case) to 3.378MB for 307216-byte allocation
03-25 04:12:30.934 D/dalvikvm( 1636): GC_FOR_ALLOC freed 300K, 24% free 3044K/3964K, paused 20ms, total 20ms
03-25 04:12:31.763 D/dalvikvm( 1636): GC_FOR_ALLOC freed 349K, 25% free 3001K/3964K, paused 20ms, total 21ms
03-25 04:12:31.763 I/dalvikvm-heap( 1636): Grow heap (frag case) to 3.336MB for 307388-byte allocation
03-25 04:12:31.794 D/dalvikvm( 1636): GC_FOR_ALLOC freed <1K, 23% free 3301K/4268K, paused 26ms, total 27ms
03-25 04:12:31.814 D/dalvikvm( 1670): GC_FOR_ALLOC freed 3621K, 64% free 3101K/8396K, paused 24ms, total 24ms
03-25 04:12:31.854 D/dalvikvm( 1670): GC_FOR_ALLOC freed 557K, 65% free 3017K/8396K, paused 23ms, total 24ms
03-25 04:12:31.884 D/dalvikvm( 1670): GC_CONCURRENT freed <1K, 61% free 3317K/8396K, paused 3ms+2ms, total 29ms
03-25 04:12:31.884 D/dalvikvm( 1670): WAIT_FOR_CONCURRENT_GC blocked 23ms
03-25 04:12:31.944 I/QeoService( 1636): unbinding to Qeo Service
03-25 04:12:31.944 I/QeoService( 1636): onDestroy(destroying service)
03-25 04:12:31.954 I/TestRunner( 1670): finished: testEvent300(org.qeo.BigDataTest)
03-25 04:12:31.954 I/TestRunner( 1670): passed: testEvent300(org.qeo.BigDataTest)
03-25 04:12:31.974 I/TestRunner( 1670): started: testEvent900(org.qeo.BigDataTest)
03-25 04:12:31.994 D/QeoJunit( 1670): setup
03-25 04:12:31.994 D/QeoJunit( 1670): Binding to service
03-25 04:12:32.004 I/Qeo     ( 1670): initialize Qeo connection
03-25 04:12:32.004 I/Qeo     ( 1670): initialize Qeo service connection
03-25 04:12:32.004 I/Qeo     ( 1670): Service not embedded
03-25 04:12:32.044 E/WifiStateMachine(  285): Error! unhandled message{ what=131156 when=-1ms }
03-25 04:12:32.044 I/QeoService( 1636): Qeo version is 0.19.0-SNAPSHOT
03-25 04:12:32.044 I/QeoService( 1636): Creating service
03-25 04:12:32.044 E/WifiStateMachine(  285): Error! unhandled message{ what=131157 when=-1ms }
03-25 04:12:32.064 D/dalvikvm(  285): GC_EXPLICIT freed 483K, 35% free 5213K/7912K, paused 3490ms+60ms, total 6448ms
03-25 04:12:32.134 I/QeoService( 1636): Binding to Qeo Service
03-25 04:12:32.184 D/AndroidRuntime( 1671): Shutting down VM
03-25 04:12:32.194 D/dalvikvm( 1671): GC_CONCURRENT freed 90K, 17% free 474K/568K, paused 0ms+1ms, total 7ms
03-25 04:12:32.553 D/dalvikvm( 1636): GREF has increased to 201
03-25 04:12:32.563 I/QeoService( 1636): Qeo init completed
03-25 04:12:32.573 I/Qeo     ( 1670): Manifest popup disabled by application
03-25 04:12:32.944 D/dalvikvm( 1636): GC_CONCURRENT freed 911K, 35% free 2785K/4268K, paused 3ms+33ms, total 84ms
03-25 04:12:33.044 D/AndroidRuntime( 1720): 
03-25 04:12:33.044 D/AndroidRuntime( 1720): >>>>>> AndroidRuntime START com.android.internal.os.RuntimeInit <<<<<<
03-25 04:12:33.044 D/AndroidRuntime( 1720): CheckJNI is ON
03-25 04:12:33.084 D/dalvikvm( 1720): Trying to load lib libjavacore.so 0x0
03-25 04:12:33.084 D/QeoJunit( 1670): Binding to service done
03-25 04:12:33.104 D/dalvikvm( 1720): Added shared lib libjavacore.so 0x0
03-25 04:12:33.164 D/dalvikvm( 1720): Trying to load lib libnativehelper.so 0x0
03-25 04:12:33.164 D/dalvikvm( 1720): Added shared lib libnativehelper.so 0x0
03-25 04:12:33.193 D/dalvikvm( 1670): GC_FOR_ALLOC freed 998K, 16% free 2675K/3180K, paused 37ms, total 49ms
03-25 04:12:33.193 I/dalvikvm-heap( 1670): Grow heap (frag case) to 3.603MB for 921616-byte allocation
03-25 04:12:33.283 D/dalvikvm( 1670): GC_CONCURRENT freed <1K, 13% free 3575K/4084K, paused 3ms+7ms, total 85ms
03-25 04:12:33.303 E/cutils-trace( 1720): Error opening trace file: No such file or directory (2)
03-25 04:12:33.633 D/dalvikvm( 1670): GC_FOR_ALLOC freed 1K, 13% free 3575K/4084K, paused 37ms, total 37ms
03-25 04:12:33.653 I/dalvikvm-heap( 1670): Grow heap (frag case) to 4.483MB for 921788-byte allocation
03-25 04:12:33.693 D/dalvikvm( 1670): GC_CONCURRENT freed 0K, 11% free 4475K/4988K, paused 4ms+2ms, total 44ms
03-25 04:12:33.693 D/dalvikvm( 1670): WAIT_FOR_CONCURRENT_GC blocked 13ms
03-25 04:12:33.753 D/dalvikvm( 1636): GC_FOR_ALLOC freed 117K, 34% free 2856K/4268K, paused 40ms, total 40ms
03-25 04:12:33.753 I/dalvikvm-heap( 1636): Grow heap (frag case) to 3.780MB for 921788-byte allocation
03-25 04:12:33.804 D/dalvikvm( 1636): GC_FOR_ALLOC freed <1K, 28% free 3756K/5172K, paused 46ms, total 46ms
03-25 04:12:33.884 D/dalvikvm( 1636): GC_CONCURRENT freed 258K, 28% free 3756K/5172K, paused 3ms+22ms, total 83ms
03-25 04:12:33.974 D/dalvikvm( 1636): GC_CONCURRENT freed 536K, 31% free 3606K/5172K, paused 2ms+2ms, total 70ms
03-25 04:12:33.974 D/dalvikvm( 1636): WAIT_FOR_CONCURRENT_GC blocked 43ms
03-25 04:12:34.044 D/dalvikvm( 1636): GC_FOR_ALLOC freed 1030K, 48% free 2709K/5172K, paused 60ms, total 60ms
03-25 04:12:34.044 I/dalvikvm-heap( 1636): Grow heap (frag case) to 3.636MB for 921616-byte allocation
03-25 04:12:34.054 D/AndroidRuntime( 1720): Calling main entry com.android.commands.pm.Pm
03-25 04:12:34.074 W/PackageManager(  285): Couldn't delete native library directory /data/app-lib/org.qeo.android.library.test
03-25 04:12:34.084 I/ActivityManager(  285): Force stopping package org.qeo.android.library.test appid=10046 user=-1
03-25 04:12:34.084 I/ActivityManager(  285): Killing proc 1670:org.qeo.android.library.test/u0a10046: force stop org.qeo.android.library.test
03-25 04:12:34.103 W/ActivityManager(  285): Crash of app org.qeo.android.library.test running instrumentation ComponentInfo{org.qeo.android.library.test.test/android.test.InstrumentationTestRunner}
03-25 04:12:34.134 D/dalvikvm( 1636): GC_FOR_ALLOC freed 0K, 31% free 3609K/5172K, paused 80ms, total 80ms
03-25 04:12:34.134 I/dalvikvm-heap( 1636): Grow heap (frag case) to 4.515MB for 921616-byte allocation
03-25 04:12:34.213 D/AndroidRuntime( 1656): Shutting down VM
03-25 04:12:34.223 D/dalvikvm( 1656): GC_CONCURRENT freed 206K, 31% free 485K/696K, paused 1ms+0ms, total 9ms
03-25 04:12:34.223 D/dalvikvm( 1636): GC_FOR_ALLOC freed 0K, 13% free 4509K/5172K, paused 87ms, total 87ms
03-25 04:12:34.253 I/QeoService( 1636): unbinding to Qeo Service
03-25 04:12:34.253 I/QeoService( 1636): onDestroy(destroying service)
03-25 04:12:35.054 D/AndroidRuntime( 1733): 
03-25 04:12:35.054 D/AndroidRuntime( 1733): >>>>>> AndroidRuntime START com.android.internal.os.RuntimeInit <<<<<<
03-25 04:12:35.054 D/AndroidRuntime( 1733): CheckJNI is ON
03-25 04:12:35.084 D/dalvikvm( 1733): Trying to load lib libjavacore.so 0x0
03-25 04:12:35.114 D/dalvikvm( 1733): Added shared lib libjavacore.so 0x0
03-25 04:12:35.174 D/dalvikvm( 1733): Trying to load lib libnativehelper.so 0x0
03-25 04:12:35.174 D/dalvikvm( 1733): Added shared lib libnativehelper.so 0x0
03-25 04:12:35.293 E/cutils-trace( 1733): Error opening trace file: No such file or directory (2)
03-25 04:12:36.024 D/AndroidRuntime( 1733): Calling main entry com.android.commands.pm.Pm
03-25 04:12:37.493 D/dalvikvm( 1636): GC_FOR_ALLOC freed 1808K, 48% free 2706K/5172K, paused 19ms, total 19ms
03-25 04:12:37.493 I/dalvikvm-heap( 1636): Grow heap (frag case) to 3.633MB for 921616-byte allocation
03-25 04:12:37.533 D/dalvikvm( 1636): GC_CONCURRENT freed 0K, 31% free 3606K/5172K, paused 8ms+12ms, total 36ms
03-25 04:12:37.533 D/dalvikvm( 1636): WAIT_FOR_CONCURRENT_GC blocked 29ms
03-25 04:12:37.563 D/dalvikvm( 1636): GC_FOR_ALLOC freed 3K, 31% free 3606K/5172K, paused 19ms, total 20ms
03-25 04:12:37.563 I/dalvikvm-heap( 1636): Grow heap (frag case) to 4.512MB for 921788-byte allocation
03-25 04:12:37.593 D/dalvikvm( 1636): GC_CONCURRENT freed <1K, 13% free 4506K/5172K, paused 8ms+2ms, total 31ms
03-25 04:12:37.593 D/dalvikvm( 1636): WAIT_FOR_CONCURRENT_GC blocked 23ms
03-25 04:12:37.603 I/dalvikvm-heap( 1636): Grow heap (frag case) to 4.637MB for 131088-byte allocation
03-25 04:12:37.623 D/dalvikvm( 1636): GC_FOR_ALLOC freed <1K, 13% free 4634K/5304K, paused 23ms, total 23ms
03-25 04:12:37.643 D/dalvikvm( 1670): GC_FOR_ALLOC freed 1036K, 30% free 3703K/5252K, paused 21ms, total 21ms
03-25 04:12:37.653 I/dalvikvm-heap( 1670): Grow heap (frag case) to 4.607MB for 921788-byte allocation
03-25 04:12:37.683 D/dalvikvm( 1670): GC_CONCURRENT freed 0K, 13% free 4603K/5252K, paused 4ms+2ms, total 36ms
03-25 04:12:37.683 D/dalvikvm( 1670): WAIT_FOR_CONCURRENT_GC blocked 32ms
03-25 04:12:37.723 D/dalvikvm( 1670): GC_FOR_ALLOC freed 385K, 17% free 4475K/5384K, paused 20ms, total 20ms
03-25 04:12:37.753 D/dalvikvm( 1670): GC_FOR_ALLOC freed 385K, 17% free 4475K/5384K, paused 20ms, total 20ms
03-25 04:12:37.783 D/dalvikvm( 1670): GC_FOR_ALLOC freed 1029K, 34% free 3580K/5384K, paused 20ms, total 20ms
03-25 04:12:37.783 I/dalvikvm-heap( 1670): Grow heap (frag case) to 4.487MB for 921616-byte allocation
03-25 04:12:37.813 D/dalvikvm( 1670): GC_CONCURRENT freed 0K, 17% free 4480K/5384K, paused 4ms+2ms, total 27ms
03-25 04:12:37.813 D/dalvikvm( 1670): WAIT_FOR_CONCURRENT_GC blocked 24ms
03-25 04:12:37.824 I/dalvikvm-heap( 1670): Grow heap (frag case) to 5.366MB for 921616-byte allocation
03-25 04:12:37.844 D/dalvikvm( 1670): GC_FOR_ALLOC freed 900K, 29% free 4480K/6288K, paused 21ms, total 21ms
03-25 04:12:37.944 I/ActivityManager(  285): Force stopping package org.qeo.android.library.test appid=-1 user=0
03-25 04:12:37.964 W/ActivityManager(  285): Unbind failed: could not find connection for android.os.BinderProxy@41bfb9e0
03-25 04:12:37.964 I/ActivityManager(  285): Force stopping package org.qeo.android.library.test appid=10046 user=0
03-25 04:12:37.973 E/WifiStateMachine(  285): Error! unhandled message{ what=131156 when=0 }
03-25 04:12:38.134 I/InputReader(  285): Reconfiguring input devices.  changes=0x00000010
03-25 04:12:38.174 D/BackupManagerService(  285): Received broadcast Intent { act=android.intent.action.PACKAGE_REMOVED dat=package:org.qeo.android.library.test flg=0x8000010 (has extras) }
03-25 04:12:38.193 V/BackupManagerService(  285): removePackageParticipantsLocked: uid=10046 #1
03-25 04:12:38.254 W/ContextImpl(  845): Calling a method in the system process without a qualified user: android.app.ContextImpl.startService:1385 android.content.ContextWrapper.startService:473 android.content.ContextWrapper.startService:473 com.android.keychain.KeyChainBroadcastReceiver.onReceive:12 android.app.ActivityThread.handleReceiver:2424 
03-25 04:12:38.303 D/VoicemailCleanupService(  477): Cleaning up data for package: org.qeo.android.library.test
03-25 04:12:38.553 D/dalvikvm(  285): GC_EXPLICIT freed 488K, 35% free 5182K/7912K, paused 43ms+9ms, total 275ms
03-25 04:12:38.563 D/AndroidRuntime( 1720): Shutting down VM
03-25 04:12:38.573 D/dalvikvm( 1720): GC_CONCURRENT freed 90K, 17% free 474K/568K, paused 0ms+0ms, total 7ms
03-25 04:12:38.603 W/PackageManager(  285): Package named 'org.qeo.android.library.test.test' doesn't exist.
03-25 04:12:38.683 D/dalvikvm(  285): GC_EXPLICIT freed 75K, 36% free 5112K/7912K, paused 6ms+7ms, total 76ms
03-25 04:12:38.683 D/AndroidRuntime( 1733): Shutting down VM
03-25 04:12:38.693 D/dalvikvm( 1733): GC_CONCURRENT freed 90K, 17% free 474K/568K, paused 1ms+0ms, total 8ms
03-25 04:12:39.233 D/AndroidRuntime( 1749): 
03-25 04:12:39.233 D/AndroidRuntime( 1749): >>>>>> AndroidRuntime START com.android.internal.os.RuntimeInit <<<<<<
03-25 04:12:39.233 D/AndroidRuntime( 1749): CheckJNI is ON
03-25 04:12:39.293 D/dalvikvm( 1749): Trying to load lib libjavacore.so 0x0
03-25 04:12:39.313 D/dalvikvm( 1749): Added shared lib libjavacore.so 0x0
03-25 04:12:39.363 D/dalvikvm( 1749): Trying to load lib libnativehelper.so 0x0
03-25 04:12:39.363 D/dalvikvm( 1749): Added shared lib libnativehelper.so 0x0
03-25 04:12:39.433 E/cutils-trace( 1749): Error opening trace file: No such file or directory (2)
03-25 04:12:39.814 D/AndroidRuntime( 1749): Calling main entry com.android.commands.pm.Pm
03-25 04:12:39.834 W/PackageManager(  285): Package named 'org.qeo.android.library.test' doesn't exist.
03-25 04:12:39.904 D/dalvikvm(  285): GC_EXPLICIT freed 7K, 36% free 5109K/7912K, paused 4ms+6ms, total 75ms
03-25 04:12:39.904 D/AndroidRuntime( 1749): Shutting down VM
03-25 04:12:39.924 D/dalvikvm( 1749): GC_CONCURRENT freed 90K, 17% free 474K/568K, paused 1ms+1ms, total 8ms
