03-25 04:09:58.673 W/dalvikvm( 1062): PR_CAPBSET_DROP 14 failed: Invalid argument. Please make sure your kernel is compiled with file capabilities support enabled.
03-25 04:09:58.673 W/dalvikvm( 1062): PR_CAPBSET_DROP 15 failed: Invalid argument. Please make sure your kernel is compiled with file capabilities support enabled.
03-25 04:09:58.673 W/dalvikvm( 1062): PR_CAPBSET_DROP 16 failed: Invalid argument. Please make sure your kernel is compiled with file capabilities support enabled.
03-25 04:09:58.673 W/dalvikvm( 1062): PR_CAPBSET_DROP 17 failed: Invalid argument. Please make sure your kernel is compiled with file capabilities support enabled.
03-25 04:09:58.673 W/dalvikvm( 1062): PR_CAPBSET_DROP 18 failed: Invalid argument. Please make sure your kernel is compiled with file capabilities support enabled.
03-25 04:09:58.673 W/dalvikvm( 1062): PR_CAPBSET_DROP 19 failed: Invalid argument. Please make sure your kernel is compiled with file capabilities support enabled.
03-25 04:09:58.673 W/dalvikvm( 1062): PR_CAPBSET_DROP 20 failed: Invalid argument. Please make sure your kernel is compiled with file capabilities support enabled.
03-25 04:09:58.673 W/dalvikvm( 1062): PR_CAPBSET_DROP 21 failed: Invalid argument. Please make sure your kernel is compiled with file capabilities support enabled.
03-25 04:09:58.683 W/dalvikvm( 1062): PR_CAPBSET_DROP 22 failed: Invalid argument. Please make sure your kernel is compiled with file capabilities support enabled.
03-25 04:09:58.683 W/dalvikvm( 1062): PR_CAPBSET_DROP 23 failed: Invalid argument. Please make sure your kernel is compiled with file capabilities support enabled.
03-25 04:09:58.683 W/dalvikvm( 1062): PR_CAPBSET_DROP 24 failed: Invalid argument. Please make sure your kernel is compiled with file capabilities support enabled.
03-25 04:09:58.683 W/dalvikvm( 1062): PR_CAPBSET_DROP 25 failed: Invalid argument. Please make sure your kernel is compiled with file capabilities support enabled.
03-25 04:09:58.683 W/dalvikvm( 1062): PR_CAPBSET_DROP 26 failed: Invalid argument. Please make sure your kernel is compiled with file capabilities support enabled.
03-25 04:09:58.683 W/dalvikvm( 1062): PR_CAPBSET_DROP 27 failed: Invalid argument. Please make sure your kernel is compiled with file capabilities support enabled.
03-25 04:09:58.683 W/dalvikvm( 1062): PR_CAPBSET_DROP 28 failed: Invalid argument. Please make sure your kernel is compiled with file capabilities support enabled.
03-25 04:09:58.683 W/dalvikvm( 1062): PR_CAPBSET_DROP 29 failed: Invalid argument. Please make sure your kernel is compiled with file capabilities support enabled.
03-25 04:09:58.693 W/dalvikvm( 1062): PR_CAPBSET_DROP 30 failed: Invalid argument. Please make sure your kernel is compiled with file capabilities support enabled.
03-25 04:09:58.693 W/dalvikvm( 1062): PR_CAPBSET_DROP 31 failed: Invalid argument. Please make sure your kernel is compiled with file capabilities support enabled.
03-25 04:09:58.693 W/dalvikvm( 1062): PR_CAPBSET_DROP 32 failed: Invalid argument. Please make sure your kernel is compiled with file capabilities support enabled.
03-25 04:09:58.693 W/dalvikvm( 1062): PR_CAPBSET_DROP 33 failed: Invalid argument. Please make sure your kernel is compiled with file capabilities support enabled.
03-25 04:09:58.693 D/dalvikvm( 1062): Not late-enabling CheckJNI (already on)
03-25 04:09:58.753 E/cutils-trace( 1048): Error opening trace file: No such file or directory (2)
03-25 04:09:58.753 I/ActivityManager(  285): Start proc org.qeo.android.qeomanagement for added application org.qeo.android.qeomanagement: pid=1062 uid=10047 gids={50047, 1028}
03-25 04:09:58.813 D/dalvikvm(   38): GC_EXPLICIT freed 38K, 6% free 2507K/2664K, paused 2ms+3ms, total 89ms
03-25 04:09:58.923 D/dalvikvm(   38): GC_EXPLICIT freed <1K, 6% free 2507K/2664K, paused 2ms+19ms, total 108ms
03-25 04:09:59.004 D/dalvikvm(   38): GC_EXPLICIT freed <1K, 6% free 2507K/2664K, paused 3ms+2ms, total 81ms
03-25 04:09:59.214 D/dalvikvm( 1062): GC_CONCURRENT freed 307K, 14% free 2665K/3092K, paused 5ms+25ms, total 92ms
03-25 04:09:59.433 D/dalvikvm( 1062): GC_CONCURRENT freed 466K, 18% free 2670K/3256K, paused 12ms+9ms, total 74ms
03-25 04:09:59.563 D/AndroidRuntime( 1048): Calling main entry com.android.commands.am.Am
03-25 04:09:59.563 D/dalvikvm( 1048): Note: class Landroid/app/ActivityManagerNative; has 163 unimplemented (abstract) methods
03-25 04:09:59.594 I/ActivityManager(  285): Force stopping package org.qeo.android.qeomanagement appid=10047 user=0
03-25 04:09:59.603 I/ActivityManager(  285): Killing proc 1062:org.qeo.android.qeomanagement/u0a10047: force stop org.qeo.android.qeomanagement
03-25 04:09:59.603 W/ActivityManager(  285): Crash of app org.qeo.android.qeomanagement running instrumentation ComponentInfo{org.qeo.android.qeomanagement.test/android.test.InstrumentationTestRunner}
03-25 04:09:59.613 D/AndroidRuntime( 1041): Shutting down VM
03-25 04:09:59.623 D/dalvikvm( 1041): GC_CONCURRENT freed 93K, 17% free 480K/576K, paused 1ms+2ms, total 8ms
03-25 04:09:59.663 D/dalvikvm( 1062): GC_CONCURRENT freed 440K, 18% free 2690K/3256K, paused 5ms+4ms, total 71ms
03-25 04:09:59.753 D/dalvikvm( 1062): GC_CONCURRENT freed 435K, 18% free 2682K/3256K, paused 4ms+4ms, total 35ms
03-25 04:09:59.843 I/ActivityManager(  285): Force stopping package org.qeo.android.qeomanagement appid=10047 user=0
03-25 04:09:59.863 W/dalvikvm( 1081): PR_CAPBSET_DROP 0 failed: Invalid argument. Please make sure your kernel is compiled with file capabilities support enabled.
03-25 04:09:59.863 W/dalvikvm( 1081): PR_CAPBSET_DROP 1 failed: Invalid argument. Please make sure your kernel is compiled with file capabilities support enabled.
03-25 04:09:59.863 W/dalvikvm( 1081): PR_CAPBSET_DROP 2 failed: Invalid argument. Please make sure your kernel is compiled with file capabilities support enabled.
03-25 04:09:59.863 W/dalvikvm( 1081): PR_CAPBSET_DROP 3 failed: Invalid argument. Please make sure your kernel is compiled with file capabilities support enabled.
03-25 04:09:59.863 W/dalvikvm( 1081): PR_CAPBSET_DROP 4 failed: Invalid argument. Please make sure your kernel is compiled with file capabilities support enabled.
03-25 04:09:59.863 W/dalvikvm( 1081): PR_CAPBSET_DROP 5 failed: Invalid argument. Please make sure your kernel is compiled with file capabilities support enabled.
03-25 04:09:59.863 W/dalvikvm( 1081): PR_CAPBSET_DROP 6 failed: Invalid argument. Please make sure your kernel is compiled with file capabilities support enabled.
03-25 04:09:59.863 W/dalvikvm( 1081): PR_CAPBSET_DROP 7 failed: Invalid argument. Please make sure your kernel is compiled with file capabilities support enabled.
03-25 04:09:59.873 W/dalvikvm( 1081): PR_CAPBSET_DROP 8 failed: Invalid argument. Please make sure your kernel is compiled with file capabilities support enabled.
03-25 04:09:59.873 W/dalvikvm( 1081): PR_CAPBSET_DROP 9 failed: Invalid argument. Please make sure your kernel is compiled with file capabilities support enabled.
03-25 04:09:59.873 W/dalvikvm( 1081): PR_CAPBSET_DROP 10 failed: Invalid argument. Please make sure your kernel is compiled with file capabilities support enabled.
03-25 04:09:59.873 W/dalvikvm( 1081): PR_CAPBSET_DROP 11 failed: Invalid argument. Please make sure your kernel is compiled with file capabilities support enabled.
03-25 04:09:59.873 W/dalvikvm( 1081): PR_CAPBSET_DROP 12 failed: Invalid argument. Please make sure your kernel is compiled with file capabilities support enabled.
03-25 04:09:59.873 W/dalvikvm( 1081): PR_CAPBSET_DROP 13 failed: Invalid argument. Please make sure your kernel is compiled with file capabilities support enabled.
03-25 04:09:59.873 W/dalvikvm( 1081): PR_CAPBSET_DROP 14 failed: Invalid argument. Please make sure your kernel is compiled with file capabilities support enabled.
03-25 04:09:59.873 W/dalvikvm( 1081): PR_CAPBSET_DROP 15 failed: Invalid argument. Please make sure your kernel is compiled with file capabilities support enabled.
03-25 04:09:59.873 W/dalvikvm( 1081): PR_CAPBSET_DROP 16 failed: Invalid argument. Please make sure your kernel is compiled with file capabilities support enabled.
03-25 04:09:59.873 W/dalvikvm( 1081): PR_CAPBSET_DROP 17 failed: Invalid argument. Please make sure your kernel is compiled with file capabilities support enabled.
03-25 04:09:59.883 W/dalvikvm( 1081): PR_CAPBSET_DROP 18 failed: Invalid argument. Please make sure your kernel is compiled with file capabilities support enabled.
03-25 04:09:59.883 W/dalvikvm( 1081): PR_CAPBSET_DROP 19 failed: Invalid argument. Please make sure your kernel is compiled with file capabilities support enabled.
03-25 04:09:59.883 W/dalvikvm( 1081): PR_CAPBSET_DROP 20 failed: Invalid argument. Please make sure your kernel is compiled with file capabilities support enabled.
03-25 04:09:59.883 W/dalvikvm( 1081): PR_CAPBSET_DROP 21 failed: Invalid argument. Please make sure your kernel is compiled with file capabilities support enabled.
03-25 04:09:59.883 W/dalvikvm( 1081): PR_CAPBSET_DROP 22 failed: Invalid argument. Please make sure your kernel is compiled with file capabilities support enabled.
03-25 04:09:59.883 W/dalvikvm( 1081): PR_CAPBSET_DROP 23 failed: Invalid argument. Please make sure your kernel is compiled with file capabilities support enabled.
03-25 04:09:59.883 W/dalvikvm( 1081): PR_CAPBSET_DROP 24 failed: Invalid argument. Please make sure your kernel is compiled with file capabilities support enabled.
03-25 04:09:59.883 W/dalvikvm( 1081): PR_CAPBSET_DROP 25 failed: Invalid argument. Please make sure your kernel is compiled with file capabilities support enabled.
03-25 04:09:59.883 W/dalvikvm( 1081): PR_CAPBSET_DROP 26 failed: Invalid argument. Please make sure your kernel is compiled with file capabilities support enabled.
03-25 04:09:59.883 W/dalvikvm( 1081): PR_CAPBSET_DROP 27 failed: Invalid argument. Please make sure your kernel is compiled with file capabilities support enabled.
03-25 04:09:59.883 W/dalvikvm( 1081): PR_CAPBSET_DROP 28 failed: Invalid argument. Please make sure your kernel is compiled with file capabilities support enabled.
03-25 04:09:59.893 W/dalvikvm( 1081): PR_CAPBSET_DROP 29 failed: Invalid argument. Please make sure your kernel is compiled with file capabilities support enabled.
03-25 04:09:59.893 W/dalvikvm( 1081): PR_CAPBSET_DROP 30 failed: Invalid argument. Please make sure your kernel is compiled with file capabilities support enabled.
03-25 04:09:59.893 W/dalvikvm( 1081): PR_CAPBSET_DROP 31 failed: Invalid argument. Please make sure your kernel is compiled with file capabilities support enabled.
03-25 04:09:59.893 W/dalvikvm( 1081): PR_CAPBSET_DROP 32 failed: Invalid argument. Please make sure your kernel is compiled with file capabilities support enabled.
03-25 04:09:59.893 W/dalvikvm( 1081): PR_CAPBSET_DROP 33 failed: Invalid argument. Please make sure your kernel is compiled with file capabilities support enabled.
03-25 04:09:59.903 D/dalvikvm( 1081): Not late-enabling CheckJNI (already on)
03-25 04:09:59.903 I/ActivityManager(  285): Start proc org.qeo.android.qeomanagement for added application org.qeo.android.qeomanagement: pid=1081 uid=10047 gids={50047, 1028}
03-25 04:10:00.483 D/AndroidRuntime( 1084): 
03-25 04:10:00.483 D/AndroidRuntime( 1084): >>>>>> AndroidRuntime START com.android.internal.os.RuntimeInit <<<<<<
03-25 04:10:00.513 D/AndroidRuntime( 1084): CheckJNI is ON
03-25 04:10:00.543 D/dalvikvm( 1084): Trying to load lib libjavacore.so 0x0
03-25 04:10:00.563 D/dalvikvm( 1084): Added shared lib libjavacore.so 0x0
03-25 04:10:00.623 D/dalvikvm( 1084): Trying to load lib libnativehelper.so 0x0
03-25 04:10:00.623 D/dalvikvm( 1084): Added shared lib libnativehelper.so 0x0
03-25 04:10:00.683 D/dalvikvm( 1081): GC_CONCURRENT freed 273K, 13% free 2671K/3064K, paused 4ms+25ms, total 101ms
03-25 04:10:00.753 E/cutils-trace( 1084): Error opening trace file: No such file or directory (2)
03-25 04:10:00.873 D/dalvikvm( 1081): GC_CONCURRENT freed 465K, 18% free 2670K/3252K, paused 3ms+4ms, total 66ms
03-25 04:10:01.064 D/dalvikvm( 1081): GC_CONCURRENT freed 436K, 18% free 2675K/3252K, paused 4ms+16ms, total 68ms
03-25 04:10:01.294 D/dalvikvm( 1081): GC_CONCURRENT freed 438K, 18% free 2684K/3252K, paused 4ms+2ms, total 113ms
03-25 04:10:01.503 D/AndroidRuntime( 1084): Calling main entry com.android.commands.pm.Pm
03-25 04:10:01.513 W/PackageManager(  285): Couldn't delete native library directory /data/app-lib/org.qeo.android.qeomanagement.test
03-25 04:10:01.533 I/ActivityManager(  285): Force stopping package org.qeo.android.qeomanagement.test appid=10048 user=-1
03-25 04:10:01.593 D/dalvikvm( 1081): GC_CONCURRENT freed 381K, 17% free 2705K/3252K, paused 13ms+4ms, total 55ms
03-25 04:10:01.703 D/dalvikvm( 1081): GC_CONCURRENT freed 457K, 18% free 2762K/3336K, paused 4ms+4ms, total 45ms
03-25 04:10:01.703 D/dalvikvm( 1081): WAIT_FOR_CONCURRENT_GC blocked 13ms
03-25 04:10:01.803 D/dalvikvm( 1081): GC_CONCURRENT freed 448K, 17% free 2826K/3392K, paused 16ms+3ms, total 43ms
03-25 04:10:01.803 D/dalvikvm( 1081): WAIT_FOR_CONCURRENT_GC blocked 12ms
03-25 04:10:01.913 D/dalvikvm( 1081): GC_CONCURRENT freed 552K, 20% free 2786K/3456K, paused 3ms+4ms, total 44ms
03-25 04:10:01.913 D/dalvikvm( 1081): WAIT_FOR_CONCURRENT_GC blocked 14ms
03-25 04:10:01.954 W/TestGrouping( 1081): Invalid Package: '' could not be found or has no tests
03-25 04:10:01.974 D/AndroidRuntime( 1048): Shutting down VM
03-25 04:10:01.984 D/dalvikvm( 1048): GC_CONCURRENT freed 93K, 17% free 480K/576K, paused 0ms+0ms, total 7ms
03-25 04:10:01.994 D/keystore(   42): calling clear_uid in state: 3
03-25 04:10:02.204 I/ActivityManager(  285): Force stopping package org.qeo.android.qeomanagement appid=10047 user=0
03-25 04:10:02.204 I/ActivityManager(  285): Killing proc 1081:org.qeo.android.qeomanagement/u0a10047: force stop org.qeo.android.qeomanagement
03-25 04:10:02.224 I/ActivityManager(  285): Force stopping package org.qeo.android.qeomanagement.test appid=10048 user=0
03-25 04:10:02.393 I/InputReader(  285): Reconfiguring input devices.  changes=0x00000010
03-25 04:10:02.493 D/BackupManagerService(  285): Received broadcast Intent { act=android.intent.action.PACKAGE_REMOVED dat=package:org.qeo.android.qeomanagement.test flg=0x8000010 (has extras) }
03-25 04:10:02.493 V/BackupManagerService(  285): removePackageParticipantsLocked: uid=10048 #1
03-25 04:10:02.693 W/ContextImpl(  845): Calling a method in the system process without a qualified user: android.app.ContextImpl.startService:1385 android.content.ContextWrapper.startService:473 android.content.ContextWrapper.startService:473 com.android.keychain.KeyChainBroadcastReceiver.onReceive:12 android.app.ActivityThread.handleReceiver:2424 
03-25 04:10:02.773 D/VoicemailCleanupService(  477): Cleaning up data for package: org.qeo.android.qeomanagement.test
03-25 04:10:02.823 D/AndroidRuntime( 1107): 
03-25 04:10:02.823 D/AndroidRuntime( 1107): >>>>>> AndroidRuntime START com.android.internal.os.RuntimeInit <<<<<<
03-25 04:10:02.833 D/AndroidRuntime( 1107): CheckJNI is ON
03-25 04:10:02.893 D/dalvikvm( 1107): Trying to load lib libjavacore.so 0x0
03-25 04:10:02.903 D/dalvikvm( 1107): Added shared lib libjavacore.so 0x0
03-25 04:10:02.974 D/dalvikvm( 1107): Trying to load lib libnativehelper.so 0x0
03-25 04:10:02.984 D/dalvikvm( 1107): Added shared lib libnativehelper.so 0x0
03-25 04:10:03.134 E/cutils-trace( 1107): Error opening trace file: No such file or directory (2)
03-25 04:10:03.324 D/dalvikvm(  285): GC_EXPLICIT freed 396K, 35% free 5186K/7912K, paused 30ms+90ms, total 454ms
03-25 04:10:03.373 D/AndroidRuntime( 1084): Shutting down VM
03-25 04:10:03.384 D/dalvikvm( 1084): GC_CONCURRENT freed 90K, 17% free 474K/568K, paused 1ms+2ms, total 8ms
03-25 04:10:03.773 D/dalvikvm(  477): GC_CONCURRENT freed 341K, 16% free 2905K/3428K, paused 4ms+30ms, total 118ms
03-25 04:10:03.863 D/AndroidRuntime( 1107): Calling main entry com.android.commands.pm.Pm
03-25 04:10:03.893 W/PackageManager(  285): Package named 'org.qeo.android.qeomanagement.test' doesn't exist.
03-25 04:10:04.184 D/dalvikvm(  285): GC_EXPLICIT freed 86K, 36% free 5107K/7912K, paused 4ms+56ms, total 289ms
03-25 04:10:04.184 D/AndroidRuntime( 1107): Shutting down VM
03-25 04:10:04.194 D/dalvikvm( 1107): GC_CONCURRENT freed 90K, 17% free 474K/568K, paused 1ms+1ms, total 8ms
03-25 04:10:04.274 D/AndroidRuntime( 1120): 
03-25 04:10:04.274 D/AndroidRuntime( 1120): >>>>>> AndroidRuntime START com.android.internal.os.RuntimeInit <<<<<<
03-25 04:10:04.274 D/AndroidRuntime( 1120): CheckJNI is ON
03-25 04:10:04.294 D/dalvikvm( 1120): Trying to load lib libjavacore.so 0x0
03-25 04:10:04.304 D/dalvikvm( 1120): Added shared lib libjavacore.so 0x0
03-25 04:10:04.333 D/dalvikvm( 1120): Trying to load lib libnativehelper.so 0x0
03-25 04:10:04.333 D/dalvikvm( 1120): Added shared lib libnativehelper.so 0x0
03-25 04:10:04.394 E/cutils-trace( 1120): Error opening trace file: No such file or directory (2)
03-25 04:10:05.044 D/AndroidRuntime( 1131): 
03-25 04:10:05.044 D/AndroidRuntime( 1131): >>>>>> AndroidRuntime START com.android.internal.os.RuntimeInit <<<<<<
03-25 04:10:05.074 D/AndroidRuntime( 1131): CheckJNI is ON
03-25 04:10:05.124 D/dalvikvm( 1131): Trying to load lib libjavacore.so 0x0
03-25 04:10:05.144 D/dalvikvm( 1131): Added shared lib libjavacore.so 0x0
03-25 04:10:05.154 D/AndroidRuntime( 1120): Calling main entry com.android.commands.pm.Pm
03-25 04:10:05.184 I/ActivityManager(  285): Force stopping package org.qeo.android.qeomanagement appid=10047 user=-1
03-25 04:10:05.194 W/PackageManager(  285): Couldn't delete native library directory /data/app-lib/org.qeo.android.qeomanagement
03-25 04:10:05.224 D/dalvikvm( 1131): Trying to load lib libnativehelper.so 0x0
03-25 04:10:05.224 D/dalvikvm( 1131): Added shared lib libnativehelper.so 0x0
03-25 04:10:05.314 D/keystore(   42): calling clear_uid in state: 3
03-25 04:10:05.314 I/ActivityManager(  285): Force stopping package org.qeo.android.qeomanagement appid=10047 user=0
03-25 04:10:05.363 E/cutils-trace( 1131): Error opening trace file: No such file or directory (2)
03-25 04:10:05.433 D/dalvikvm(  425): GC_EXPLICIT freed 552K, 13% free 8216K/9440K, paused 5ms+4ms, total 109ms
03-25 04:10:05.593 I/InputReader(  285): Reconfiguring input devices.  changes=0x00000010
03-25 04:10:05.633 D/BackupManagerService(  285): Received broadcast Intent { act=android.intent.action.PACKAGE_REMOVED dat=package:org.qeo.android.qeomanagement flg=0x8000010 (has extras) }
03-25 04:10:05.693 V/BackupManagerService(  285): removePackageParticipantsLocked: uid=10047 #1
03-25 04:10:05.944 W/ContextImpl(  845): Calling a method in the system process without a qualified user: android.app.ContextImpl.startService:1385 android.content.ContextWrapper.startService:473 android.content.ContextWrapper.startService:473 com.android.keychain.KeyChainBroadcastReceiver.onReceive:12 android.app.ActivityThread.handleReceiver:2424 
03-25 04:10:06.024 D/VoicemailCleanupService(  477): Cleaning up data for package: org.qeo.android.qeomanagement
03-25 04:10:06.104 D/AndroidRuntime( 1131): Calling main entry com.android.commands.pm.Pm
03-25 04:10:06.353 D/dalvikvm(  285): GC_EXPLICIT freed 374K, 35% free 5181K/7912K, paused 4ms+34ms, total 360ms
03-25 04:10:06.383 D/AndroidRuntime( 1120): Shutting down VM
03-25 04:10:06.394 D/dalvikvm( 1120): GC_CONCURRENT freed 90K, 17% free 474K/568K, paused 1ms+1ms, total 8ms
03-25 04:10:06.403 W/PackageManager(  285): Package named 'org.qeo.android.qeomanagement' doesn't exist.
03-25 04:10:06.483 D/dalvikvm(  285): GC_EXPLICIT freed 80K, 36% free 5102K/7912K, paused 5ms+7ms, total 84ms
03-25 04:10:06.483 D/AndroidRuntime( 1131): Shutting down VM
03-25 04:10:06.503 D/dalvikvm( 1131): GC_CONCURRENT freed 91K, 17% free 474K/568K, paused 0ms+0ms, total 7ms
03-25 04:10:12.294 D/AndroidRuntime( 1153): 
03-25 04:10:12.294 D/AndroidRuntime( 1153): >>>>>> AndroidRuntime START com.android.internal.os.RuntimeInit <<<<<<
03-25 04:10:12.304 D/AndroidRuntime( 1153): CheckJNI is ON
03-25 04:10:12.343 D/dalvikvm( 1153): Trying to load lib libjavacore.so 0x0
03-25 04:10:12.373 D/dalvikvm( 1153): Added shared lib libjavacore.so 0x0
03-25 04:10:12.403 D/dalvikvm( 1153): Trying to load lib libnativehelper.so 0x0
03-25 04:10:12.433 D/dalvikvm( 1153): Added shared lib libnativehelper.so 0x0
03-25 04:10:12.473 D/AndroidRuntime( 1156): 
03-25 04:10:12.473 D/AndroidRuntime( 1156): >>>>>> AndroidRuntime START com.android.internal.os.RuntimeInit <<<<<<
03-25 04:10:12.473 D/AndroidRuntime( 1156): CheckJNI is ON
03-25 04:10:12.513 D/dalvikvm( 1156): Trying to load lib libjavacore.so 0x0
03-25 04:10:12.523 D/dalvikvm( 1156): Added shared lib libjavacore.so 0x0
03-25 04:10:12.563 E/cutils-trace( 1153): Error opening trace file: No such file or directory (2)
03-25 04:10:12.583 D/dalvikvm( 1156): Trying to load lib libnativehelper.so 0x0
03-25 04:10:12.583 D/dalvikvm( 1156): Added shared lib libnativehelper.so 0x0
03-25 04:10:12.723 E/cutils-trace( 1156): Error opening trace file: No such file or directory (2)
03-25 04:10:13.304 D/AndroidRuntime( 1153): Calling main entry com.android.commands.pm.Pm
03-25 04:10:13.373 W/ActivityManager(  285): No content provider found for permission revoke: file:///data/local/tmp/qeo-android-service-debug-unaligned.apk
03-25 04:10:13.533 D/AndroidRuntime( 1156): Calling main entry com.android.commands.pm.Pm
03-25 04:10:14.094 W/ActivityManager(  285): No content provider found for permission revoke: file:///data/local/tmp/qeo-android-service-debug-unaligned.apk
03-25 04:10:14.094 I/PackageManager(  285): Copying native libraries to /data/app-lib/vmdl-852050515
03-25 04:10:15.014 D/dalvikvm(  285): GC_CONCURRENT freed 289K, 32% free 5409K/7912K, paused 5ms+7ms, total 65ms
03-25 04:10:15.294 D/dalvikvm(  285): GC_CONCURRENT freed 409K, 29% free 5632K/7912K, paused 5ms+7ms, total 74ms
03-25 04:10:15.523 D/dalvikvm(  285): GC_CONCURRENT freed 643K, 29% free 5693K/7912K, paused 5ms+8ms, total 75ms
03-25 04:10:15.703 D/dalvikvm(  285): GC_CONCURRENT freed 675K, 28% free 5707K/7912K, paused 5ms+9ms, total 73ms
03-25 04:10:15.893 D/dalvikvm(  285): GC_CONCURRENT freed 697K, 28% free 5707K/7912K, paused 5ms+7ms, total 72ms
03-25 04:10:16.084 D/dalvikvm(  285): GC_CONCURRENT freed 754K, 28% free 5705K/7912K, paused 6ms+7ms, total 77ms
03-25 04:10:16.244 D/dalvikvm(  285): GC_CONCURRENT freed 715K, 28% free 5709K/7912K, paused 5ms+7ms, total 72ms
03-25 04:10:17.473 I/ActivityManager(  285): Force stopping package org.qeo.android.service appid=10046 user=-1
03-25 04:10:17.533 I/PackageManager(  285): Package org.qeo.android.service codePath changed from /data/app/org.qeo.android.service-2.apk to /data/app/org.qeo.android.service-1.apk; Retaining data and using new
03-25 04:10:17.663 I/PackageManager(  285): Running dexopt on: org.qeo.android.service
03-25 04:10:17.733 D/dalvikvm(  285): GC_CONCURRENT freed 677K, 28% free 5710K/7912K, paused 6ms+22ms, total 108ms
03-25 04:10:18.553 W/dalvikvm( 1176): method Lcom/actionbarsherlock/internal/widget/IcsLinearLayout;.drawDividersHorizontal incorrectly overrides package-private method with same name in Landroid/widget/LinearLayout;
03-25 04:10:18.553 W/dalvikvm( 1176): method Lcom/actionbarsherlock/internal/widget/IcsLinearLayout;.drawDividersVertical incorrectly overrides package-private method with same name in Landroid/widget/LinearLayout;
03-25 04:10:18.563 W/dalvikvm( 1176): method Lcom/actionbarsherlock/internal/widget/IcsLinearLayout;.drawHorizontalDivider incorrectly overrides package-private method with same name in Landroid/widget/LinearLayout;
03-25 04:10:18.563 W/dalvikvm( 1176): method Lcom/actionbarsherlock/internal/widget/IcsLinearLayout;.drawVerticalDivider incorrectly overrides package-private method with same name in Landroid/widget/LinearLayout;
03-25 04:10:19.954 D/dalvikvm( 1176): DexOpt: load 374ms, verify+opt 1324ms, 2110484 bytes
03-25 04:10:20.054 W/PackageManager(  285): Code path for pkg : org.qeo.android.service changing from /data/app/org.qeo.android.service-2.apk to /data/app/org.qeo.android.service-1.apk
03-25 04:10:20.054 W/PackageManager(  285): Resource path for pkg : org.qeo.android.service changing from /data/app/org.qeo.android.service-2.apk to /data/app/org.qeo.android.service-1.apk
03-25 04:10:20.054 I/ActivityManager(  285): Force stopping package org.qeo.android.service appid=10046 user=-1
03-25 04:10:20.184 W/ActivityManager(  285): No content provider found for permission revoke: file:///data/local/tmp/qeo-android-service-debug-unaligned.apk
03-25 04:10:20.763 W/ActivityManager(  285): No content provider found for permission revoke: file:///data/local/tmp/qeo-android-service-debug-unaligned.apk
03-25 04:10:20.763 I/PackageManager(  285): Copying native libraries to /data/app-lib/vmdl1117187634
03-25 04:10:21.633 I/ActivityManager(  285): Force stopping package org.qeo.android.service appid=10046 user=0
03-25 04:10:21.693 D/dalvikvm(  425): GC_EXPLICIT freed 205K, 14% free 8193K/9440K, paused 3ms+14ms, total 59ms
03-25 04:10:21.753 D/dalvikvm(  784): GC_CONCURRENT freed 336K, 16% free 2556K/3020K, paused 2ms+2ms, total 33ms
03-25 04:10:21.763 E/StrictMode(  784): A resource was acquired at attached stack trace but never released. See java.io.Closeable for information on avoiding resource leaks.
03-25 04:10:21.763 E/StrictMode(  784): java.lang.Throwable: Explicit termination method 'close' not called
03-25 04:10:21.763 E/StrictMode(  784): 	at dalvik.system.CloseGuard.open(CloseGuard.java:184)
03-25 04:10:21.763 E/StrictMode(  784): 	at android.os.ParcelFileDescriptor.<init>(ParcelFileDescriptor.java:405)
03-25 04:10:21.763 E/StrictMode(  784): 	at android.os.Parcel.readFileDescriptor(Parcel.java:1502)
03-25 04:10:21.763 E/StrictMode(  784): 	at android.os.ParcelFileDescriptor$1.createFromParcel(ParcelFileDescriptor.java:434)
03-25 04:10:21.763 E/StrictMode(  784): 	at android.os.ParcelFileDescriptor$1.createFromParcel(ParcelFileDescriptor.java:431)
03-25 04:10:21.763 E/StrictMode(  784): 	at com.android.internal.app.IMediaContainerService$Stub.onTransact(IMediaContainerService.java:91)
03-25 04:10:21.763 E/StrictMode(  784): 	at android.os.Binder.execTransact(Binder.java:388)
03-25 04:10:21.763 E/StrictMode(  784): 	at dalvik.system.NativeStart.run(Native Method)
03-25 04:10:21.863 D/dalvikvm(  477): GC_EXPLICIT freed 209K, 17% free 2858K/3428K, paused 3ms+3ms, total 187ms
03-25 04:10:21.934 I/InputReader(  285): Reconfiguring input devices.  changes=0x00000010
03-25 04:10:21.944 D/BackupManagerService(  285): Received broadcast Intent { act=android.intent.action.PACKAGE_REMOVED dat=package:org.qeo.android.service flg=0x8000010 (has extras) }
03-25 04:10:21.994 D/BackupManagerService(  285): Received broadcast Intent { act=android.intent.action.PACKAGE_ADDED dat=package:org.qeo.android.service flg=0x8000010 (has extras) }
03-25 04:10:22.024 V/BackupManagerService(  285): removePackageParticipantsLocked: uid=10046 #1
03-25 04:10:22.024 V/BackupManagerService(  285): addPackageParticipantsLocked: #1
03-25 04:10:22.024 I/InputReader(  285): Reconfiguring input devices.  changes=0x00000010
03-25 04:10:22.144 W/ContextImpl(  845): Calling a method in the system process without a qualified user: android.app.ContextImpl.startService:1385 android.content.ContextWrapper.startService:473 android.content.ContextWrapper.startService:473 com.android.keychain.KeyChainBroadcastReceiver.onReceive:12 android.app.ActivityThread.handleReceiver:2424 
03-25 04:10:22.444 D/dalvikvm(  285): GC_EXPLICIT freed 1148K, 34% free 5224K/7912K, paused 23ms+52ms, total 215ms
03-25 04:10:22.573 W/RecognitionManagerService(  285): no available voice recognition services found for user 0
03-25 04:10:22.623 D/AndroidRuntime( 1153): Shutting down VM
03-25 04:10:22.643 D/dalvikvm( 1153): GC_CONCURRENT freed 91K, 17% free 477K/572K, paused 1ms+2ms, total 8ms
03-25 04:10:22.773 D/dalvikvm(  285): GC_CONCURRENT freed 460K, 32% free 5422K/7912K, paused 5ms+5ms, total 69ms
03-25 04:10:22.773 D/dalvikvm(  285): WAIT_FOR_CONCURRENT_GC blocked 55ms
03-25 04:10:23.224 D/dalvikvm(  285): GC_CONCURRENT freed 340K, 28% free 5717K/7912K, paused 5ms+42ms, total 173ms
03-25 04:10:23.643 D/AndroidRuntime( 1197): 
03-25 04:10:23.643 D/AndroidRuntime( 1197): >>>>>> AndroidRuntime START com.android.internal.os.RuntimeInit <<<<<<
03-25 04:10:23.643 D/AndroidRuntime( 1197): CheckJNI is ON
03-25 04:10:23.683 D/dalvikvm( 1197): Trying to load lib libjavacore.so 0x0
03-25 04:10:23.703 D/dalvikvm( 1197): Added shared lib libjavacore.so 0x0
03-25 04:10:23.763 D/dalvikvm( 1197): Trying to load lib libnativehelper.so 0x0
03-25 04:10:23.763 D/dalvikvm( 1197): Added shared lib libnativehelper.so 0x0
03-25 04:10:23.863 D/dalvikvm(  285): GC_CONCURRENT freed 728K, 28% free 5697K/7912K, paused 5ms+15ms, total 131ms
03-25 04:10:23.893 E/cutils-trace( 1197): Error opening trace file: No such file or directory (2)
03-25 04:10:24.234 D/dalvikvm(  285): GC_CONCURRENT freed 729K, 28% free 5699K/7912K, paused 6ms+20ms, total 153ms
03-25 04:10:24.613 D/dalvikvm(  285): GC_CONCURRENT freed 699K, 28% free 5710K/7912K, paused 16ms+20ms, total 179ms
03-25 04:10:24.633 D/AndroidRuntime( 1197): Calling main entry com.android.commands.pm.Pm
03-25 04:10:24.813 D/dalvikvm(  285): GC_CONCURRENT freed 754K, 28% free 5715K/7912K, paused 5ms+5ms, total 74ms
03-25 04:10:24.974 D/dalvikvm(  285): GC_CONCURRENT freed 734K, 28% free 5711K/7912K, paused 5ms+9ms, total 75ms
03-25 04:10:26.174 I/ActivityManager(  285): Force stopping package org.qeo.android.service appid=10046 user=-1
03-25 04:10:26.234 I/PackageManager(  285): Package org.qeo.android.service codePath changed from /data/app/org.qeo.android.service-1.apk to /data/app/org.qeo.android.service-2.apk; Retaining data and using new
03-25 04:10:26.323 I/PackageManager(  285): Running dexopt on: org.qeo.android.service
03-25 04:10:27.234 W/dalvikvm( 1208): method Lcom/actionbarsherlock/internal/widget/IcsLinearLayout;.drawDividersHorizontal incorrectly overrides package-private method with same name in Landroid/widget/LinearLayout;
03-25 04:10:27.234 W/dalvikvm( 1208): method Lcom/actionbarsherlock/internal/widget/IcsLinearLayout;.drawDividersVertical incorrectly overrides package-private method with same name in Landroid/widget/LinearLayout;
03-25 04:10:27.234 W/dalvikvm( 1208): method Lcom/actionbarsherlock/internal/widget/IcsLinearLayout;.drawHorizontalDivider incorrectly overrides package-private method with same name in Landroid/widget/LinearLayout;
03-25 04:10:27.234 W/dalvikvm( 1208): method Lcom/actionbarsherlock/internal/widget/IcsLinearLayout;.drawVerticalDivider incorrectly overrides package-private method with same name in Landroid/widget/LinearLayout;
03-25 04:10:28.653 D/dalvikvm( 1208): DexOpt: load 396ms, verify+opt 1339ms, 2110484 bytes
03-25 04:10:28.733 I/ActivityManager(  285): Force stopping package org.qeo.android.service appid=10046 user=-1
03-25 04:10:28.743 W/PackageManager(  285): Code path for pkg : org.qeo.android.service changing from /data/app/org.qeo.android.service-1.apk to /data/app/org.qeo.android.service-2.apk
03-25 04:10:28.743 W/PackageManager(  285): Resource path for pkg : org.qeo.android.service changing from /data/app/org.qeo.android.service-1.apk to /data/app/org.qeo.android.service-2.apk
03-25 04:10:28.873 D/dalvikvm(  285): GC_CONCURRENT freed 662K, 28% free 5737K/7912K, paused 5ms+11ms, total 75ms
03-25 04:10:28.934 I/ActivityManager(  285): Force stopping package org.qeo.android.service appid=10046 user=0
03-25 04:10:28.994 D/dalvikvm(  425): GC_EXPLICIT freed 301K, 14% free 8195K/9440K, paused 2ms+14ms, total 59ms
03-25 04:10:29.044 D/dalvikvm(  477): GC_EXPLICIT freed 132K, 17% free 2855K/3428K, paused 3ms+3ms, total 66ms
03-25 04:10:29.104 I/InputReader(  285): Reconfiguring input devices.  changes=0x00000010
03-25 04:10:29.124 D/BackupManagerService(  285): Received broadcast Intent { act=android.intent.action.PACKAGE_REMOVED dat=package:org.qeo.android.service flg=0x8000010 (has extras) }
03-25 04:10:29.154 W/ContextImpl(  845): Calling a method in the system process without a qualified user: android.app.ContextImpl.startService:1385 android.content.ContextWrapper.startService:473 android.content.ContextWrapper.startService:473 com.android.keychain.KeyChainBroadcastReceiver.onReceive:12 android.app.ActivityThread.handleReceiver:2424 
03-25 04:10:29.204 D/BackupManagerService(  285): Received broadcast Intent { act=android.intent.action.PACKAGE_ADDED dat=package:org.qeo.android.service flg=0x8000010 (has extras) }
03-25 04:10:29.234 V/BackupManagerService(  285): removePackageParticipantsLocked: uid=10046 #1
03-25 04:10:29.234 V/BackupManagerService(  285): addPackageParticipantsLocked: #1
03-25 04:10:29.244 I/InputReader(  285): Reconfiguring input devices.  changes=0x00000010
03-25 04:10:29.643 W/RecognitionManagerService(  285): no available voice recognition services found for user 0
03-25 04:10:29.703 D/dalvikvm(  285): GC_EXPLICIT freed 986K, 35% free 5192K/7912K, paused 4ms+94ms, total 292ms
03-25 04:10:29.733 D/AndroidRuntime( 1156): Shutting down VM
03-25 04:10:29.743 D/dalvikvm( 1156): GC_CONCURRENT freed 91K, 17% free 477K/572K, paused 0ms+1ms, total 7ms
03-25 04:10:29.753 W/ActivityManager(  285): No content provider found for permission revoke: file:///data/local/tmp/qeo-android-service-debug-test-unaligned.apk
03-25 04:10:29.763 W/ActivityManager(  285): No content provider found for permission revoke: file:///data/local/tmp/qeo-android-service-debug-test-unaligned.apk
03-25 04:10:29.763 I/PackageManager(  285): Copying native libraries to /data/app-lib/vmdl-100856873
03-25 04:10:29.823 I/PackageManager(  285): Running dexopt on: org.qeo.android.service.test
03-25 04:10:29.883 D/dalvikvm( 1210): DexOpt: load 11ms, verify+opt 6ms, 99236 bytes
03-25 04:10:29.893 I/ActivityManager(  285): Force stopping package org.qeo.android.service.test appid=10047 user=-1
03-25 04:10:30.154 I/InputReader(  285): Reconfiguring input devices.  changes=0x00000010
03-25 04:10:30.164 D/BackupManagerService(  285): Received broadcast Intent { act=android.intent.action.PACKAGE_ADDED dat=package:org.qeo.android.service.test flg=0x8000010 (has extras) }
03-25 04:10:30.234 V/BackupManagerService(  285): addPackageParticipantsLocked: #1
03-25 04:10:30.453 D/dalvikvm(  285): GC_CONCURRENT freed 589K, 35% free 5173K/7912K, paused 59ms+6ms, total 212ms
03-25 04:10:30.763 D/AndroidRuntime( 1217): 
03-25 04:10:30.763 D/AndroidRuntime( 1217): >>>>>> AndroidRuntime START com.android.internal.os.RuntimeInit <<<<<<
03-25 04:10:30.763 D/AndroidRuntime( 1217): CheckJNI is ON
03-25 04:10:30.813 D/dalvikvm( 1217): Trying to load lib libjavacore.so 0x0
03-25 04:10:30.823 W/RecognitionManagerService(  285): no available voice recognition services found for user 0
03-25 04:10:30.833 D/dalvikvm( 1217): Added shared lib libjavacore.so 0x0
03-25 04:10:30.883 D/dalvikvm( 1217): Trying to load lib libnativehelper.so 0x0
03-25 04:10:30.903 D/dalvikvm( 1217): Added shared lib libnativehelper.so 0x0
03-25 04:10:30.944 D/dalvikvm(  285): GC_EXPLICIT freed 112K, 35% free 5167K/7912K, paused 10ms+91ms, total 437ms
03-25 04:10:30.944 D/AndroidRuntime( 1197): Shutting down VM
03-25 04:10:30.964 D/dalvikvm( 1197): GC_CONCURRENT freed 92K, 17% free 477K/572K, paused 1ms+1ms, total 8ms
03-25 04:10:31.004 E/cutils-trace( 1217): Error opening trace file: No such file or directory (2)
03-25 04:10:31.683 D/AndroidRuntime( 1217): Calling main entry com.android.commands.pm.Pm
03-25 04:10:31.723 W/asset   (  784): Asset path /data/local/tmp/qeo-android-service-debug-test-unaligned.apk is neither a directory nor file (type=1).
03-25 04:10:31.723 W/DefContainer(  784): Failed to parse package
03-25 04:10:31.723 W/ActivityManager(  285): No content provider found for permission revoke: file:///data/local/tmp/qeo-android-service-debug-test-unaligned.apk
03-25 04:10:31.883 D/dalvikvm(  285): GC_EXPLICIT freed 65K, 36% free 5108K/7912K, paused 5ms+17ms, total 157ms
03-25 04:10:31.914 D/AndroidRuntime( 1217): Shutting down VM
03-25 04:10:31.924 D/dalvikvm( 1217): GC_CONCURRENT freed 118K, 20% free 487K/608K, paused 1ms+0ms, total 8ms
03-25 04:10:32.014 D/AndroidRuntime( 1228): 
03-25 04:10:32.014 D/AndroidRuntime( 1228): >>>>>> AndroidRuntime START com.android.internal.os.RuntimeInit <<<<<<
03-25 04:10:32.014 D/AndroidRuntime( 1228): CheckJNI is ON
03-25 04:10:32.044 D/dalvikvm( 1228): Trying to load lib libjavacore.so 0x0
03-25 04:10:32.054 D/dalvikvm( 1228): Added shared lib libjavacore.so 0x0
03-25 04:10:32.084 D/dalvikvm( 1228): Trying to load lib libnativehelper.so 0x0
03-25 04:10:32.084 D/dalvikvm( 1228): Added shared lib libnativehelper.so 0x0
03-25 04:10:32.204 E/cutils-trace( 1228): Error opening trace file: No such file or directory (2)
03-25 04:10:32.904 D/AndroidRuntime( 1228): Calling main entry com.android.commands.am.Am
03-25 04:10:32.904 D/dalvikvm( 1228): Note: class Landroid/app/ActivityManagerNative; has 163 unimplemented (abstract) methods
03-25 04:10:32.924 D/AndroidRuntime( 1242): 
03-25 04:10:32.924 D/AndroidRuntime( 1242): >>>>>> AndroidRuntime START com.android.internal.os.RuntimeInit <<<<<<
03-25 04:10:32.924 D/AndroidRuntime( 1242): CheckJNI is ON
03-25 04:10:32.944 I/ActivityManager(  285): Force stopping package org.qeo.android.service appid=10046 user=0
03-25 04:10:32.954 W/dalvikvm( 1246): PR_CAPBSET_DROP 0 failed: Invalid argument. Please make sure your kernel is compiled with file capabilities support enabled.
03-25 04:10:32.954 W/dalvikvm( 1246): PR_CAPBSET_DROP 1 failed: Invalid argument. Please make sure your kernel is compiled with file capabilities support enabled.
03-25 04:10:32.964 W/dalvikvm( 1246): PR_CAPBSET_DROP 2 failed: Invalid argument. Please make sure your kernel is compiled with file capabilities support enabled.
03-25 04:10:32.964 W/dalvikvm( 1246): PR_CAPBSET_DROP 3 failed: Invalid argument. Please make sure your kernel is compiled with file capabilities support enabled.
03-25 04:10:32.964 W/dalvikvm( 1246): PR_CAPBSET_DROP 4 failed: Invalid argument. Please make sure your kernel is compiled with file capabilities support enabled.
03-25 04:10:32.964 W/dalvikvm( 1246): PR_CAPBSET_DROP 5 failed: Invalid argument. Please make sure your kernel is compiled with file capabilities support enabled.
03-25 04:10:32.964 W/dalvikvm( 1246): PR_CAPBSET_DROP 6 failed: Invalid argument. Please make sure your kernel is compiled with file capabilities support enabled.
03-25 04:10:32.964 W/dalvikvm( 1246): PR_CAPBSET_DROP 7 failed: Invalid argument. Please make sure your kernel is compiled with file capabilities support enabled.
03-25 04:10:32.964 W/dalvikvm( 1246): PR_CAPBSET_DROP 8 failed: Invalid argument. Please make sure your kernel is compiled with file capabilities support enabled.
03-25 04:10:32.964 W/dalvikvm( 1246): PR_CAPBSET_DROP 9 failed: Invalid argument. Please make sure your kernel is compiled with file capabilities support enabled.
03-25 04:10:32.974 W/dalvikvm( 1246): PR_CAPBSET_DROP 10 failed: Invalid argument. Please make sure your kernel is compiled with file capabilities support enabled.
03-25 04:10:32.974 W/dalvikvm( 1246): PR_CAPBSET_DROP 11 failed: Invalid argument. Please make sure your kernel is compiled with file capabilities support enabled.
03-25 04:10:32.974 W/dalvikvm( 1246): PR_CAPBSET_DROP 12 failed: Invalid argument. Please make sure your kernel is compiled with file capabilities support enabled.
03-25 04:10:32.974 W/dalvikvm( 1246): PR_CAPBSET_DROP 13 failed: Invalid argument. Please make sure your kernel is compiled with file capabilities support enabled.
03-25 04:10:32.974 W/dalvikvm( 1246): PR_CAPBSET_DROP 14 failed: Invalid argument. Please make sure your kernel is compiled with file capabilities support enabled.
03-25 04:10:32.974 W/dalvikvm( 1246): PR_CAPBSET_DROP 15 failed: Invalid argument. Please make sure your kernel is compiled with file capabilities support enabled.
03-25 04:10:32.974 W/dalvikvm( 1246): PR_CAPBSET_DROP 16 failed: Invalid argument. Please make sure your kernel is compiled with file capabilities support enabled.
03-25 04:10:32.974 W/dalvikvm( 1246): PR_CAPBSET_DROP 17 failed: Invalid argument. Please make sure your kernel is compiled with file capabilities support enabled.
03-25 04:10:32.974 W/dalvikvm( 1246): PR_CAPBSET_DROP 18 failed: Invalid argument. Please make sure your kernel is compiled with file capabilities support enabled.
03-25 04:10:32.974 W/dalvikvm( 1246): PR_CAPBSET_DROP 19 failed: Invalid argument. Please make sure your kernel is compiled with file capabilities support enabled.
03-25 04:10:32.974 W/dalvikvm( 1246): PR_CAPBSET_DROP 20 failed: Invalid argument. Please make sure your kernel is compiled with file capabilities support enabled.
03-25 04:10:32.984 W/dalvikvm( 1246): PR_CAPBSET_DROP 21 failed: Invalid argument. Please make sure your kernel is compiled with file capabilities support enabled.
03-25 04:10:32.984 W/dalvikvm( 1246): PR_CAPBSET_DROP 22 failed: Invalid argument. Please make sure your kernel is compiled with file capabilities support enabled.
03-25 04:10:32.984 W/dalvikvm( 1246): PR_CAPBSET_DROP 23 failed: Invalid argument. Please make sure your kernel is compiled with file capabilities support enabled.
03-25 04:10:32.984 W/dalvikvm( 1246): PR_CAPBSET_DROP 24 failed: Invalid argument. Please make sure your kernel is compiled with file capabilities support enabled.
03-25 04:10:32.984 W/dalvikvm( 1246): PR_CAPBSET_DROP 25 failed: Invalid argument. Please make sure your kernel is compiled with file capabilities support enabled.
03-25 04:10:32.984 W/dalvikvm( 1246): PR_CAPBSET_DROP 26 failed: Invalid argument. Please make sure your kernel is compiled with file capabilities support enabled.
03-25 04:10:32.984 W/dalvikvm( 1246): PR_CAPBSET_DROP 27 failed: Invalid argument. Please make sure your kernel is compiled with file capabilities support enabled.
03-25 04:10:32.984 W/dalvikvm( 1246): PR_CAPBSET_DROP 28 failed: Invalid argument. Please make sure your kernel is compiled with file capabilities support enabled.
03-25 04:10:32.994 W/dalvikvm( 1246): PR_CAPBSET_DROP 29 failed: Invalid argument. Please make sure your kernel is compiled with file capabilities support enabled.
03-25 04:10:32.994 W/dalvikvm( 1246): PR_CAPBSET_DROP 30 failed: Invalid argument. Please make sure your kernel is compiled with file capabilities support enabled.
03-25 04:10:32.994 W/dalvikvm( 1246): PR_CAPBSET_DROP 31 failed: Invalid argument. Please make sure your kernel is compiled with file capabilities support enabled.
03-25 04:10:32.994 W/dalvikvm( 1246): PR_CAPBSET_DROP 32 failed: Invalid argument. Please make sure your kernel is compiled with file capabilities support enabled.
03-25 04:10:32.994 W/dalvikvm( 1246): PR_CAPBSET_DROP 33 failed: Invalid argument. Please make sure your kernel is compiled with file capabilities support enabled.
03-25 04:10:32.994 D/dalvikvm( 1246): Not late-enabling CheckJNI (already on)
03-25 04:10:33.034 I/ActivityManager(  285): Start proc org.qeo.android.service for added application org.qeo.android.service: pid=1246 uid=10046 gids={50046, 3003, 1015, 1028}
03-25 04:10:33.034 D/dalvikvm( 1242): Trying to load lib libjavacore.so 0x0
03-25 04:10:33.054 D/dalvikvm( 1242): Added shared lib libjavacore.so 0x0
03-25 04:10:33.094 D/dalvikvm( 1242): Trying to load lib libnativehelper.so 0x0
03-25 04:10:33.114 D/dalvikvm( 1242): Added shared lib libnativehelper.so 0x0
03-25 04:10:33.244 E/cutils-trace( 1242): Error opening trace file: No such file or directory (2)
03-25 04:10:33.423 D/dalvikvm( 1246): GC_CONCURRENT freed 310K, 14% free 2710K/3136K, paused 3ms+4ms, total 80ms
03-25 04:10:33.423 D/dalvikvm( 1246): WAIT_FOR_CONCURRENT_GC blocked 16ms
03-25 04:10:33.643 D/dalvikvm( 1246): GC_CONCURRENT freed 503K, 19% free 2705K/3328K, paused 4ms+14ms, total 66ms
03-25 04:10:33.823 D/dalvikvm( 1246): GC_CONCURRENT freed 478K, 18% free 2741K/3336K, paused 3ms+2ms, total 69ms
03-25 04:10:33.823 D/dalvikvm( 1246): WAIT_FOR_CONCURRENT_GC blocked 51ms
03-25 04:10:33.954 D/AndroidRuntime( 1242): Calling main entry com.android.commands.am.Am
03-25 04:10:33.964 D/dalvikvm( 1242): Note: class Landroid/app/ActivityManagerNative; has 163 unimplemented (abstract) methods
03-25 04:10:33.993 I/ActivityManager(  285): Force stopping package org.qeo.android.service appid=10046 user=0
03-25 04:10:33.993 I/ActivityManager(  285): Killing proc 1246:org.qeo.android.service/u0a10046: force stop org.qeo.android.service
03-25 04:10:33.993 W/ActivityManager(  285): Crash of app org.qeo.android.service running instrumentation ComponentInfo{org.qeo.android.service.test/android.test.InstrumentationTestRunner}
03-25 04:10:34.004 D/AndroidRuntime( 1228): Shutting down VM
03-25 04:10:34.024 D/dalvikvm( 1228): GC_CONCURRENT freed 93K, 17% free 480K/576K, paused 1ms+2ms, total 8ms
03-25 04:10:34.044 D/dalvikvm( 1246): GC_CONCURRENT freed 470K, 18% free 2785K/3372K, paused 3ms+2ms, total 81ms
03-25 04:10:34.044 D/dalvikvm( 1246): WAIT_FOR_CONCURRENT_GC blocked 13ms
03-25 04:10:34.144 D/dalvikvm( 1246): GC_CONCURRENT freed 471K, 18% free 2811K/3404K, paused 3ms+4ms, total 43ms
03-25 04:10:34.234 I/ActivityManager(  285): Force stopping package org.qeo.android.service appid=10046 user=0
03-25 04:10:34.264 W/dalvikvm( 1268): PR_CAPBSET_DROP 0 failed: Invalid argument. Please make sure your kernel is compiled with file capabilities support enabled.
03-25 04:10:34.264 W/dalvikvm( 1268): PR_CAPBSET_DROP 1 failed: Invalid argument. Please make sure your kernel is compiled with file capabilities support enabled.
03-25 04:10:34.264 W/dalvikvm( 1268): PR_CAPBSET_DROP 2 failed: Invalid argument. Please make sure your kernel is compiled with file capabilities support enabled.
03-25 04:10:34.264 W/dalvikvm( 1268): PR_CAPBSET_DROP 3 failed: Invalid argument. Please make sure your kernel is compiled with file capabilities support enabled.
03-25 04:10:34.264 W/dalvikvm( 1268): PR_CAPBSET_DROP 4 failed: Invalid argument. Please make sure your kernel is compiled with file capabilities support enabled.
03-25 04:10:34.264 W/dalvikvm( 1268): PR_CAPBSET_DROP 5 failed: Invalid argument. Please make sure your kernel is compiled with file capabilities support enabled.
03-25 04:10:34.264 W/dalvikvm( 1268): PR_CAPBSET_DROP 6 failed: Invalid argument. Please make sure your kernel is compiled with file capabilities support enabled.
03-25 04:10:34.264 W/dalvikvm( 1268): PR_CAPBSET_DROP 7 failed: Invalid argument. Please make sure your kernel is compiled with file capabilities support enabled.
03-25 04:10:34.264 W/dalvikvm( 1268): PR_CAPBSET_DROP 8 failed: Invalid argument. Please make sure your kernel is compiled with file capabilities support enabled.
03-25 04:10:34.264 W/dalvikvm( 1268): PR_CAPBSET_DROP 9 failed: Invalid argument. Please make sure your kernel is compiled with file capabilities support enabled.
03-25 04:10:34.274 W/dalvikvm( 1268): PR_CAPBSET_DROP 10 failed: Invalid argument. Please make sure your kernel is compiled with file capabilities support enabled.
03-25 04:10:34.274 W/dalvikvm( 1268): PR_CAPBSET_DROP 11 failed: Invalid argument. Please make sure your kernel is compiled with file capabilities support enabled.
03-25 04:10:34.274 W/dalvikvm( 1268): PR_CAPBSET_DROP 12 failed: Invalid argument. Please make sure your kernel is compiled with file capabilities support enabled.
03-25 04:10:34.274 W/dalvikvm( 1268): PR_CAPBSET_DROP 13 failed: Invalid argument. Please make sure your kernel is compiled with file capabilities support enabled.
03-25 04:10:34.274 W/dalvikvm( 1268): PR_CAPBSET_DROP 14 failed: Invalid argument. Please make sure your kernel is compiled with file capabilities support enabled.
03-25 04:10:34.274 W/dalvikvm( 1268): PR_CAPBSET_DROP 15 failed: Invalid argument. Please make sure your kernel is compiled with file capabilities support enabled.
03-25 04:10:34.274 W/dalvikvm( 1268): PR_CAPBSET_DROP 16 failed: Invalid argument. Please make sure your kernel is compiled with file capabilities support enabled.
03-25 04:10:34.274 W/dalvikvm( 1268): PR_CAPBSET_DROP 17 failed: Invalid argument. Please make sure your kernel is compiled with file capabilities support enabled.
03-25 04:10:34.274 W/dalvikvm( 1268): PR_CAPBSET_DROP 18 failed: Invalid argument. Please make sure your kernel is compiled with file capabilities support enabled.
03-25 04:10:34.274 W/dalvikvm( 1268): PR_CAPBSET_DROP 19 failed: Invalid argument. Please make sure your kernel is compiled with file capabilities support enabled.
03-25 04:10:34.274 W/dalvikvm( 1268): PR_CAPBSET_DROP 20 failed: Invalid argument. Please make sure your kernel is compiled with file capabilities support enabled.
03-25 04:10:34.274 W/dalvikvm( 1268): PR_CAPBSET_DROP 21 failed: Invalid argument. Please make sure your kernel is compiled with file capabilities support enabled.
03-25 04:10:34.274 W/dalvikvm( 1268): PR_CAPBSET_DROP 22 failed: Invalid argument. Please make sure your kernel is compiled with file capabilities support enabled.
03-25 04:10:34.284 W/dalvikvm( 1268): PR_CAPBSET_DROP 23 failed: Invalid argument. Please make sure your kernel is compiled with file capabilities support enabled.
03-25 04:10:34.284 W/dalvikvm( 1268): PR_CAPBSET_DROP 24 failed: Invalid argument. Please make sure your kernel is compiled with file capabilities support enabled.
03-25 04:10:34.284 W/dalvikvm( 1268): PR_CAPBSET_DROP 25 failed: Invalid argument. Please make sure your kernel is compiled with file capabilities support enabled.
03-25 04:10:34.284 W/dalvikvm( 1268): PR_CAPBSET_DROP 26 failed: Invalid argument. Please make sure your kernel is compiled with file capabilities support enabled.
03-25 04:10:34.284 W/dalvikvm( 1268): PR_CAPBSET_DROP 27 failed: Invalid argument. Please make sure your kernel is compiled with file capabilities support enabled.
