03-25 04:05:55.803 W/dalvikvm(  596): PR_CAPBSET_DROP 9 failed: Invalid argument. Please make sure your kernel is compiled with file capabilities support enabled.
03-25 04:05:55.803 W/dalvikvm(  596): PR_CAPBSET_DROP 10 failed: Invalid argument. Please make sure your kernel is compiled with file capabilities support enabled.
03-25 04:05:55.803 W/dalvikvm(  596): PR_CAPBSET_DROP 11 failed: Invalid argument. Please make sure your kernel is compiled with file capabilities support enabled.
03-25 04:05:55.803 W/dalvikvm(  596): PR_CAPBSET_DROP 12 failed: Invalid argument. Please make sure your kernel is compiled with file capabilities support enabled.
03-25 04:05:55.803 W/dalvikvm(  596): PR_CAPBSET_DROP 13 failed: Invalid argument. Please make sure your kernel is compiled with file capabilities support enabled.
03-25 04:05:55.803 W/dalvikvm(  596): PR_CAPBSET_DROP 14 failed: Invalid argument. Please make sure your kernel is compiled with file capabilities support enabled.
03-25 04:05:55.803 W/dalvikvm(  596): PR_CAPBSET_DROP 15 failed: Invalid argument. Please make sure your kernel is compiled with file capabilities support enabled.
03-25 04:05:55.803 W/dalvikvm(  596): PR_CAPBSET_DROP 16 failed: Invalid argument. Please make sure your kernel is compiled with file capabilities support enabled.
03-25 04:05:55.803 W/dalvikvm(  596): PR_CAPBSET_DROP 17 failed: Invalid argument. Please make sure your kernel is compiled with file capabilities support enabled.
03-25 04:05:55.803 W/dalvikvm(  596): PR_CAPBSET_DROP 18 failed: Invalid argument. Please make sure your kernel is compiled with file capabilities support enabled.
03-25 04:05:55.803 W/dalvikvm(  596): PR_CAPBSET_DROP 19 failed: Invalid argument. Please make sure your kernel is compiled with file capabilities support enabled.
03-25 04:05:55.803 W/dalvikvm(  596): PR_CAPBSET_DROP 20 failed: Invalid argument. Please make sure your kernel is compiled with file capabilities support enabled.
03-25 04:05:55.803 W/dalvikvm(  596): PR_CAPBSET_DROP 21 failed: Invalid argument. Please make sure your kernel is compiled with file capabilities support enabled.
03-25 04:05:55.803 W/dalvikvm(  596): PR_CAPBSET_DROP 22 failed: Invalid argument. Please make sure your kernel is compiled with file capabilities support enabled.
03-25 04:05:55.803 W/dalvikvm(  596): PR_CAPBSET_DROP 23 failed: Invalid argument. Please make sure your kernel is compiled with file capabilities support enabled.
03-25 04:05:55.803 W/dalvikvm(  596): PR_CAPBSET_DROP 24 failed: Invalid argument. Please make sure your kernel is compiled with file capabilities support enabled.
03-25 04:05:55.803 W/dalvikvm(  596): PR_CAPBSET_DROP 25 failed: Invalid argument. Please make sure your kernel is compiled with file capabilities support enabled.
03-25 04:05:55.803 W/dalvikvm(  596): PR_CAPBSET_DROP 26 failed: Invalid argument. Please make sure your kernel is compiled with file capabilities support enabled.
03-25 04:05:55.803 W/dalvikvm(  596): PR_CAPBSET_DROP 27 failed: Invalid argument. Please make sure your kernel is compiled with file capabilities support enabled.
03-25 04:05:55.803 W/dalvikvm(  596): PR_CAPBSET_DROP 28 failed: Invalid argument. Please make sure your kernel is compiled with file capabilities support enabled.
03-25 04:05:55.803 W/dalvikvm(  596): PR_CAPBSET_DROP 29 failed: Invalid argument. Please make sure your kernel is compiled with file capabilities support enabled.
03-25 04:05:55.803 W/dalvikvm(  596): PR_CAPBSET_DROP 30 failed: Invalid argument. Please make sure your kernel is compiled with file capabilities support enabled.
03-25 04:05:55.803 W/dalvikvm(  596): PR_CAPBSET_DROP 31 failed: Invalid argument. Please make sure your kernel is compiled with file capabilities support enabled.
03-25 04:05:55.803 W/dalvikvm(  596): PR_CAPBSET_DROP 32 failed: Invalid argument. Please make sure your kernel is compiled with file capabilities support enabled.
03-25 04:05:55.803 W/dalvikvm(  596): PR_CAPBSET_DROP 33 failed: Invalid argument. Please make sure your kernel is compiled with file capabilities support enabled.
03-25 04:05:55.813 I/ActivityManager(  285): Start proc com.android.email for service com.android.email/.service.AccountService: pid=596 uid=10024 gids={50024, 3003, 1015, 1028}
03-25 04:05:55.873 D/ExtensionsFactory(  579): No custom extensions.
03-25 04:05:55.893 D/AlertReceiver(  579): onReceive: a=android.intent.action.BOOT_COMPLETED Intent { act=android.intent.action.BOOT_COMPLETED flg=0x10 cmp=com.android.calendar/.alerts.AlertReceiver (has extras) }
03-25 04:05:55.893 D/dalvikvm(  285): GREF has increased to 501
03-25 04:05:55.923 W/dalvikvm(  613): PR_CAPBSET_DROP 0 failed: Invalid argument. Please make sure your kernel is compiled with file capabilities support enabled.
03-25 04:05:55.923 W/dalvikvm(  613): PR_CAPBSET_DROP 1 failed: Invalid argument. Please make sure your kernel is compiled with file capabilities support enabled.
03-25 04:05:55.923 W/dalvikvm(  613): PR_CAPBSET_DROP 2 failed: Invalid argument. Please make sure your kernel is compiled with file capabilities support enabled.
03-25 04:05:55.923 W/dalvikvm(  613): PR_CAPBSET_DROP 3 failed: Invalid argument. Please make sure your kernel is compiled with file capabilities support enabled.
03-25 04:05:55.923 W/dalvikvm(  613): PR_CAPBSET_DROP 4 failed: Invalid argument. Please make sure your kernel is compiled with file capabilities support enabled.
03-25 04:05:55.923 W/dalvikvm(  613): PR_CAPBSET_DROP 5 failed: Invalid argument. Please make sure your kernel is compiled with file capabilities support enabled.
03-25 04:05:55.923 W/dalvikvm(  613): PR_CAPBSET_DROP 6 failed: Invalid argument. Please make sure your kernel is compiled with file capabilities support enabled.
03-25 04:05:55.923 W/dalvikvm(  613): PR_CAPBSET_DROP 7 failed: Invalid argument. Please make sure your kernel is compiled with file capabilities support enabled.
03-25 04:05:55.923 W/dalvikvm(  613): PR_CAPBSET_DROP 8 failed: Invalid argument. Please make sure your kernel is compiled with file capabilities support enabled.
03-25 04:05:55.923 W/dalvikvm(  613): PR_CAPBSET_DROP 9 failed: Invalid argument. Please make sure your kernel is compiled with file capabilities support enabled.
03-25 04:05:55.923 W/dalvikvm(  613): PR_CAPBSET_DROP 10 failed: Invalid argument. Please make sure your kernel is compiled with file capabilities support enabled.
03-25 04:05:55.923 W/dalvikvm(  613): PR_CAPBSET_DROP 11 failed: Invalid argument. Please make sure your kernel is compiled with file capabilities support enabled.
03-25 04:05:55.923 W/dalvikvm(  613): PR_CAPBSET_DROP 12 failed: Invalid argument. Please make sure your kernel is compiled with file capabilities support enabled.
03-25 04:05:55.923 W/dalvikvm(  613): PR_CAPBSET_DROP 13 failed: Invalid argument. Please make sure your kernel is compiled with file capabilities support enabled.
03-25 04:05:55.923 W/dalvikvm(  613): PR_CAPBSET_DROP 14 failed: Invalid argument. Please make sure your kernel is compiled with file capabilities support enabled.
03-25 04:05:55.923 W/dalvikvm(  613): PR_CAPBSET_DROP 15 failed: Invalid argument. Please make sure your kernel is compiled with file capabilities support enabled.
03-25 04:05:55.923 W/dalvikvm(  613): PR_CAPBSET_DROP 16 failed: Invalid argument. Please make sure your kernel is compiled with file capabilities support enabled.
03-25 04:05:55.923 W/dalvikvm(  613): PR_CAPBSET_DROP 17 failed: Invalid argument. Please make sure your kernel is compiled with file capabilities support enabled.
03-25 04:05:55.923 W/dalvikvm(  613): PR_CAPBSET_DROP 18 failed: Invalid argument. Please make sure your kernel is compiled with file capabilities support enabled.
03-25 04:05:55.923 W/dalvikvm(  613): PR_CAPBSET_DROP 19 failed: Invalid argument. Please make sure your kernel is compiled with file capabilities support enabled.
03-25 04:05:55.923 W/dalvikvm(  613): PR_CAPBSET_DROP 20 failed: Invalid argument. Please make sure your kernel is compiled with file capabilities support enabled.
03-25 04:05:55.923 W/dalvikvm(  613): PR_CAPBSET_DROP 21 failed: Invalid argument. Please make sure your kernel is compiled with file capabilities support enabled.
03-25 04:05:55.923 W/dalvikvm(  613): PR_CAPBSET_DROP 22 failed: Invalid argument. Please make sure your kernel is compiled with file capabilities support enabled.
03-25 04:05:55.923 W/dalvikvm(  613): PR_CAPBSET_DROP 23 failed: Invalid argument. Please make sure your kernel is compiled with file capabilities support enabled.
03-25 04:05:55.923 W/dalvikvm(  613): PR_CAPBSET_DROP 24 failed: Invalid argument. Please make sure your kernel is compiled with file capabilities support enabled.
03-25 04:05:55.923 W/dalvikvm(  613): PR_CAPBSET_DROP 25 failed: Invalid argument. Please make sure your kernel is compiled with file capabilities support enabled.
03-25 04:05:55.923 W/dalvikvm(  613): PR_CAPBSET_DROP 26 failed: Invalid argument. Please make sure your kernel is compiled with file capabilities support enabled.
03-25 04:05:55.923 W/dalvikvm(  613): PR_CAPBSET_DROP 27 failed: Invalid argument. Please make sure your kernel is compiled with file capabilities support enabled.
03-25 04:05:55.923 W/dalvikvm(  613): PR_CAPBSET_DROP 28 failed: Invalid argument. Please make sure your kernel is compiled with file capabilities support enabled.
03-25 04:05:55.923 W/dalvikvm(  613): PR_CAPBSET_DROP 29 failed: Invalid argument. Please make sure your kernel is compiled with file capabilities support enabled.
03-25 04:05:55.923 W/dalvikvm(  613): PR_CAPBSET_DROP 30 failed: Invalid argument. Please make sure your kernel is compiled with file capabilities support enabled.
03-25 04:05:55.923 W/dalvikvm(  613): PR_CAPBSET_DROP 31 failed: Invalid argument. Please make sure your kernel is compiled with file capabilities support enabled.
03-25 04:05:55.923 W/dalvikvm(  613): PR_CAPBSET_DROP 32 failed: Invalid argument. Please make sure your kernel is compiled with file capabilities support enabled.
03-25 04:05:55.923 W/dalvikvm(  613): PR_CAPBSET_DROP 33 failed: Invalid argument. Please make sure your kernel is compiled with file capabilities support enabled.
03-25 04:05:55.943 I/ActivityManager(  285): Start proc com.android.mms for broadcast com.android.mms/.transaction.MmsSystemEventReceiver: pid=613 uid=10017 gids={50017, 3003, 1015, 1028}
03-25 04:05:56.224 D/CountryDetector(  285): The first listener is added
03-25 04:05:56.274 V/MmsConfig(  613): mnc/mcc: 310260
03-25 04:05:56.274 V/MmsConfig(  613): tag: bool value: enabledMMS - true
03-25 04:05:56.274 V/MmsConfig(  613): tag: int value: maxMessageSize - 307200
03-25 04:05:56.274 V/MmsConfig(  613): tag: int value: maxImageHeight - 480
03-25 04:05:56.274 V/MmsConfig(  613): tag: int value: maxImageWidth - 640
03-25 04:05:56.274 V/MmsConfig(  613): tag: int value: defaultSMSMessagesPerThread - 500
03-25 04:05:56.274 V/MmsConfig(  613): tag: int value: defaultMMSMessagesPerThread - 50
03-25 04:05:56.274 V/MmsConfig(  613): tag: int value: minMessageCountPerThread - 10
03-25 04:05:56.274 V/MmsConfig(  613): tag: int value: maxMessageCountPerThread - 5000
03-25 04:05:56.274 V/MmsConfig(  613): tag: string value: uaProfUrl - http://www.google.com/oha/rdf/ua-profile-kila.xml
03-25 04:05:56.274 V/MmsConfig(  613): tag: int value: recipientLimit - -1
03-25 04:05:56.274 V/MmsConfig(  613): tag: bool value: enableMultipartSMS - true
03-25 04:05:56.274 V/MmsConfig(  613): tag: int value: smsToMmsTextThreshold - -1
03-25 04:05:56.274 V/MmsConfig(  613): tag: bool value: enableSlideDuration - true
03-25 04:05:56.274 V/MmsConfig(  613): tag: int value: maxMessageTextSize - -1
03-25 04:05:56.414 D/dalvikvm(  413): GREF has increased to 201
03-25 04:05:56.434 D/AlertService(  579): 0 Action = android.intent.action.BOOT_COMPLETED
03-25 04:05:56.454 D/Eas Debug(  562): Logging: 
03-25 04:05:56.464 E/ConnectivityService(  285): startUsingNetworkFeature took too long: 4493ms
03-25 04:05:56.464 D/ConnectivityService(  285): [CheckMp] isMobileOk: hipri started
03-25 04:05:56.494 D/Mms:app (  613): cancelNotification
03-25 04:05:56.534 I/LauncherIconVisibilityManager(  394): Boot has been completed
03-25 04:05:56.554 I/LauncherIconVisibilityManager(  394): Activity has already been disabled: ComponentInfo{com.android.inputmethod.latin/com.android.inputmethod.latin.setup.SetupActivity}
03-25 04:05:56.693 D/AlertService(  579): Scheduling next alarm with AlarmScheduler. sEventReminderReceived: null
03-25 04:05:56.713 V/AlarmClock(  526): No next alarm
03-25 04:05:56.713 V/AlarmClock(  526): Setting next alarm string in system to null
03-25 04:05:56.733 V/AlarmClock(  526): AlarmInitReceiver - Reset timers and clear stopwatch data
03-25 04:05:56.763 V/AlarmClock(  526): No next alarm
03-25 04:05:56.763 V/AlarmClock(  526): Setting next alarm string in system to null
03-25 04:05:56.773 V/AlarmClock(  526): AlarmInitReceiver finished
03-25 04:05:56.803 W/dalvikvm(  659): PR_CAPBSET_DROP 0 failed: Invalid argument. Please make sure your kernel is compiled with file capabilities support enabled.
03-25 04:05:56.803 W/dalvikvm(  659): PR_CAPBSET_DROP 1 failed: Invalid argument. Please make sure your kernel is compiled with file capabilities support enabled.
03-25 04:05:56.803 W/dalvikvm(  659): PR_CAPBSET_DROP 2 failed: Invalid argument. Please make sure your kernel is compiled with file capabilities support enabled.
03-25 04:05:56.803 W/dalvikvm(  659): PR_CAPBSET_DROP 3 failed: Invalid argument. Please make sure your kernel is compiled with file capabilities support enabled.
03-25 04:05:56.803 W/dalvikvm(  659): PR_CAPBSET_DROP 4 failed: Invalid argument. Please make sure your kernel is compiled with file capabilities support enabled.
03-25 04:05:56.803 W/dalvikvm(  659): PR_CAPBSET_DROP 5 failed: Invalid argument. Please make sure your kernel is compiled with file capabilities support enabled.
03-25 04:05:56.803 W/dalvikvm(  659): PR_CAPBSET_DROP 6 failed: Invalid argument. Please make sure your kernel is compiled with file capabilities support enabled.
03-25 04:05:56.803 W/dalvikvm(  659): PR_CAPBSET_DROP 7 failed: Invalid argument. Please make sure your kernel is compiled with file capabilities support enabled.
03-25 04:05:56.803 W/dalvikvm(  659): PR_CAPBSET_DROP 8 failed: Invalid argument. Please make sure your kernel is compiled with file capabilities support enabled.
03-25 04:05:56.803 W/dalvikvm(  659): PR_CAPBSET_DROP 9 failed: Invalid argument. Please make sure your kernel is compiled with file capabilities support enabled.
03-25 04:05:56.803 W/dalvikvm(  659): PR_CAPBSET_DROP 10 failed: Invalid argument. Please make sure your kernel is compiled with file capabilities support enabled.
03-25 04:05:56.803 W/dalvikvm(  659): PR_CAPBSET_DROP 11 failed: Invalid argument. Please make sure your kernel is compiled with file capabilities support enabled.
03-25 04:05:56.803 W/dalvikvm(  659): PR_CAPBSET_DROP 12 failed: Invalid argument. Please make sure your kernel is compiled with file capabilities support enabled.
03-25 04:05:56.803 W/dalvikvm(  659): PR_CAPBSET_DROP 13 failed: Invalid argument. Please make sure your kernel is compiled with file capabilities support enabled.
03-25 04:05:56.803 W/dalvikvm(  659): PR_CAPBSET_DROP 14 failed: Invalid argument. Please make sure your kernel is compiled with file capabilities support enabled.
03-25 04:05:56.803 W/dalvikvm(  659): PR_CAPBSET_DROP 15 failed: Invalid argument. Please make sure your kernel is compiled with file capabilities support enabled.
03-25 04:05:56.803 W/dalvikvm(  659): PR_CAPBSET_DROP 16 failed: Invalid argument. Please make sure your kernel is compiled with file capabilities support enabled.
03-25 04:05:56.803 W/dalvikvm(  659): PR_CAPBSET_DROP 17 failed: Invalid argument. Please make sure your kernel is compiled with file capabilities support enabled.
03-25 04:05:56.803 W/dalvikvm(  659): PR_CAPBSET_DROP 18 failed: Invalid argument. Please make sure your kernel is compiled with file capabilities support enabled.
03-25 04:05:56.803 W/dalvikvm(  659): PR_CAPBSET_DROP 19 failed: Invalid argument. Please make sure your kernel is compiled with file capabilities support enabled.
03-25 04:05:56.803 W/dalvikvm(  659): PR_CAPBSET_DROP 20 failed: Invalid argument. Please make sure your kernel is compiled with file capabilities support enabled.
03-25 04:05:56.803 W/dalvikvm(  659): PR_CAPBSET_DROP 21 failed: Invalid argument. Please make sure your kernel is compiled with file capabilities support enabled.
03-25 04:05:56.803 W/dalvikvm(  659): PR_CAPBSET_DROP 22 failed: Invalid argument. Please make sure your kernel is compiled with file capabilities support enabled.
03-25 04:05:56.803 W/dalvikvm(  659): PR_CAPBSET_DROP 23 failed: Invalid argument. Please make sure your kernel is compiled with file capabilities support enabled.
03-25 04:05:56.803 W/dalvikvm(  659): PR_CAPBSET_DROP 24 failed: Invalid argument. Please make sure your kernel is compiled with file capabilities support enabled.
03-25 04:05:56.803 W/dalvikvm(  659): PR_CAPBSET_DROP 25 failed: Invalid argument. Please make sure your kernel is compiled with file capabilities support enabled.
03-25 04:05:56.803 W/dalvikvm(  659): PR_CAPBSET_DROP 26 failed: Invalid argument. Please make sure your kernel is compiled with file capabilities support enabled.
03-25 04:05:56.803 W/dalvikvm(  659): PR_CAPBSET_DROP 27 failed: Invalid argument. Please make sure your kernel is compiled with file capabilities support enabled.
03-25 04:05:56.803 W/dalvikvm(  659): PR_CAPBSET_DROP 28 failed: Invalid argument. Please make sure your kernel is compiled with file capabilities support enabled.
03-25 04:05:56.803 W/dalvikvm(  659): PR_CAPBSET_DROP 29 failed: Invalid argument. Please make sure your kernel is compiled with file capabilities support enabled.
03-25 04:05:56.803 W/dalvikvm(  659): PR_CAPBSET_DROP 30 failed: Invalid argument. Please make sure your kernel is compiled with file capabilities support enabled.
03-25 04:05:56.803 W/dalvikvm(  659): PR_CAPBSET_DROP 31 failed: Invalid argument. Please make sure your kernel is compiled with file capabilities support enabled.
03-25 04:05:56.803 W/dalvikvm(  659): PR_CAPBSET_DROP 32 failed: Invalid argument. Please make sure your kernel is compiled with file capabilities support enabled.
03-25 04:05:56.803 W/dalvikvm(  659): PR_CAPBSET_DROP 33 failed: Invalid argument. Please make sure your kernel is compiled with file capabilities support enabled.
03-25 04:05:56.813 I/ActivityManager(  285): Start proc com.android.providers.calendar for broadcast com.android.providers.calendar/.CalendarReceiver: pid=659 uid=10037 gids={50037, 3003, 1015, 1028}
03-25 04:05:57.083 E/BluetoothAdapter(  443): Bluetooth binder is null
03-25 04:05:57.224 V/SmsReceiverService(  613): onStart: #2 mResultCode: -1 = Activity.RESULT_OK
03-25 04:05:57.283 D/ExchangeService(  562): Received deviceId from Email app: androidc259148960
03-25 04:05:57.283 D/ExchangeService(  562): Reconciling accounts...
03-25 04:05:57.304 D/ExchangeService(  562): !!! EAS ExchangeService, onStartCommand, startingUp = true, running = false
03-25 04:05:57.374 D/MmsSmsDatabaseHelper(  413): [MmsSmsDb] tableName: threads hasAutoIncrement: CREATE TABLE threads (_id INTEGER PRIMARY KEY AUTOINCREMENT,date INTEGER DEFAULT 0,message_count INTEGER DEFAULT 0,recipient_ids TEXT,snippet TEXT,snippet_cs INTEGER DEFAULT 0,read INTEGER DEFAULT 1,type INTEGER DEFAULT 0,error INTEGER DEFAULT 0,has_attachment INTEGER DEFAULT 0) result: true
03-25 04:05:57.573 D/dalvikvm(  425): GC_FOR_ALLOC freed 2121K, 25% free 7385K/9832K, paused 27ms, total 45ms
03-25 04:05:57.753 D/dalvikvm(  425): GREF has increased to 201
03-25 04:05:57.793 I/Choreographer(  425): Skipped 85 frames!  The application may be doing too much work on its main thread.
03-25 04:05:58.083 I/Choreographer(  425): Skipped 44 frames!  The application may be doing too much work on its main thread.
03-25 04:05:58.264 D/dalvikvm(  613): GC_CONCURRENT freed 216K, 12% free 2679K/3012K, paused 27ms+2ms, total 1057ms
03-25 04:05:58.314 D/dalvikvm(  365): GC_CONCURRENT freed 209K, 11% free 2677K/3000K, paused 8ms+5ms, total 918ms
03-25 04:05:58.324 D/MmsSmsDatabaseHelper(  413): [MmsSmsDb] tableName: canonical_addresses hasAutoIncrement: CREATE TABLE canonical_addresses (_id INTEGER PRIMARY KEY AUTOINCREMENT,address TEXT) result: true
03-25 04:05:58.364 D/MmsSmsDatabaseHelper(  413): [MmsSmsDb] tableName: part hasAutoIncrement: CREATE TABLE part (_id INTEGER PRIMARY KEY AUTOINCREMENT,mid INTEGER,seq INTEGER DEFAULT 0,ct TEXT,name TEXT,chset INTEGER,cd TEXT,fn TEXT,cid TEXT,cl TEXT,ctt_s INTEGER,ctt_t TEXT,_data TEXT,text TEXT) result: true
03-25 04:05:58.374 D/Eas Debug(  562): Logging: 
03-25 04:05:58.454 D/MmsSmsDatabaseHelper(  413): [MmsSmsDb] tableName: pdu hasAutoIncrement: CREATE TABLE pdu (_id INTEGER PRIMARY KEY AUTOINCREMENT,thread_id INTEGER,date INTEGER,date_sent INTEGER DEFAULT 0,msg_box INTEGER,read INTEGER DEFAULT 0,m_id TEXT,sub TEXT,sub_cs INTEGER,ct_t TEXT,ct_l TEXT,exp INTEGER,m_cls TEXT,m_type INTEGER,v INTEGER,m_size INTEGER,pri INTEGER,rr INTEGER,rpt_a INTEGER,resp_st INTEGER,st INTEGER,tr_id TEXT,retr_st INTEGER,retr_txt TEXT,retr_txt_cs INTEGER,read_status INTEGER,ct_cls INTEGER,resp_txt TEXT,d_tm INTEGER,d_rpt INTEGER,locked INTEGER DEFAULT 0,seen INTEGER DEFAULT 0,text_only INTEGER DEFAULT 0) result: true
03-25 04:05:58.464 D/MmsSmsDatabaseHelper(  413): [getWritableDatabase] hasAutoIncrementThreads: true hasAutoIncrementAddresses: true hasAutoIncrementPart: true hasAutoIncrementPdu: true
03-25 04:05:58.573 D/AlarmScheduler(  579): No events found starting within 1 week.
03-25 04:05:58.613 D/Tethering(  285): MasterInitialState.processMessage what=3
03-25 04:05:58.613 D/CaptivePortalTracker(  285): DelayedCaptiveCheckState{ what=1 when=0 obj=NetworkInfo: type: mobile_hipri[UMTS], state: CONNECTED/CONNECTED, reason: dataEnabled, extra: epc.tmobile.com, roaming: false, failover: false, isAvailable: true }
03-25 04:05:58.903 E/SQLiteLog(  596): (1) no such table: Account
03-25 04:05:58.913 W/EmailProvider(  596): Exception cleaning EmailProvider.dbandroid.database.sqlite.SQLiteException: no such table: Account (code 1): , while compiling: delete from Account WHERE displayName ISNULL;
03-25 04:05:58.983 W/MediaScanner(  365): Error opening directory '/storage/sdcard/.android_secure/', skipping: Permission denied.
03-25 04:05:59.314 D/Mms:app (  613): cancelNotification
03-25 04:05:59.324 D/EmailProvider(  596): fromDatabase accounts: 0
03-25 04:05:59.334 D/EmailProvider(  596): ending toDatabase transaction; copyCount = 0
03-25 04:05:59.344 D/EmailProvider(  596): ending fromDatabase transaction; copyCount = 0
03-25 04:05:59.374 V/MediaScanner(  365): pruneDeadThumbnailFiles... android.database.sqlite.SQLiteCursor@41737678
03-25 04:05:59.384 V/MediaScanner(  365): /pruneDeadThumbnailFiles... android.database.sqlite.SQLiteCursor@41737678
03-25 04:05:59.414 I/CalendarProvider2(  659): Sending notification intent: Intent { act=android.intent.action.PROVIDER_CHANGED dat=content://com.android.calendar }
03-25 04:05:59.414 W/ContentResolver(  659): Failed to get type for: content://com.android.calendar (Unknown URL content://com.android.calendar)
03-25 04:05:59.424 D/AlertReceiver(  579): onReceive: a=android.intent.action.PROVIDER_CHANGED Intent { act=android.intent.action.PROVIDER_CHANGED dat=content://com.android.calendar flg=0x10 cmp=com.android.calendar/.alerts.AlertReceiver }
03-25 04:05:59.464 D/AlertService(  579): 0 Action = android.intent.action.PROVIDER_CHANGED
03-25 04:05:59.673 D/dalvikvm(  285): GREF has increased to 601
03-25 04:05:59.683 D/dalvikvm(  365): GREF has increased to 201
03-25 04:05:59.813 W/ActivityManager(  285): Unable to start service Intent { cmp=com.android.email/.service.AttachmentDownloadService } U=0: not found
03-25 04:05:59.823 W/ActivityManager(  285): Unable to start service Intent { cmp=com.android.email/.service.AttachmentDownloadService } U=0: not found
03-25 04:05:59.833 D/ExchangeService(  562): !!! EAS ExchangeService, onStartCommand, startingUp = true, running = false
03-25 04:05:59.903 D/dalvikvm(  596): GC_CONCURRENT freed 194K, 11% free 2711K/3024K, paused 5ms+12ms, total 61ms
03-25 04:05:59.923 W/ActivityManager(  285): Unable to start service Intent { cmp=com.android.email/.service.AttachmentDownloadService } U=0: not found
03-25 04:06:00.643 D/dalvikvm(  425): GC_CONCURRENT freed 478K, 7% free 8412K/9040K, paused 5ms+6ms, total 58ms
03-25 04:06:00.973 I/ContactLocale(  477): AddressBook Labels [en_US]: [, A, B, C, D, E, F, G, H, I, J, K, L, M, N, O, P, Q, R, S, T, U, V, W, X, Y, Z, , , , , , , , , , , , , , , , , , , , , , , , , , , , , , , , , , , , , , , , , , , , , , , , , , , , , , , , , , , , , , , , , , , , , , , , , , , , , , , , , , , , , , , , , , , , , , , , , , , , , , , , , , , , , , , , , , , , , , , , , , , , , , , , , , , , , , , , , , , , , , , , , , , , , , , , , , , , , , , , , , , , , , , , , , , , , , , , , , , , , , #, ]
03-25 04:06:01.023 W/MediaScanner(  365): Error opening directory '/storage/sdcard/.android_secure/', skipping: Permission denied.
03-25 04:06:01.093 V/MediaScanner(  365): pruneDeadThumbnailFiles... android.database.sqlite.SQLiteCursor@417421f8
03-25 04:06:01.093 V/MediaScanner(  365): /pruneDeadThumbnailFiles... android.database.sqlite.SQLiteCursor@417421f8
03-25 04:06:01.214 D/dalvikvm(  477): GC_CONCURRENT freed 246K, 12% free 2893K/3256K, paused 4ms+4ms, total 43ms
03-25 04:06:01.424 D/dalvikvm(  285): GC_EXPLICIT freed 658K, 26% free 5886K/7912K, paused 5ms+7ms, total 97ms
03-25 04:06:01.564 D/dalvikvm(  413): GC_CONCURRENT freed 341K, 16% free 3078K/3628K, paused 4ms+3ms, total 55ms
03-25 04:06:03.254 D/CaptivePortalTracker(  285): DelayedCaptiveCheckState{ what=2 when=-1ms arg1=1 }
03-25 04:06:03.274 D/CaptivePortalTracker(  285): Checking http://74.125.225.137/generate_204
03-25 04:06:04.475 D/AlertService(  579): Beginning updateAlertNotification
03-25 04:06:04.504 D/AlertService(  579): No fired or scheduled alerts
03-25 04:06:04.534 D/AlertService(  579): Scheduling next alarm with AlarmScheduler. sEventReminderReceived: null
03-25 04:06:04.554 D/AlarmScheduler(  579): No events found starting within 1 week.
03-25 04:06:09.893 D/AndroidRuntime(  708): 
03-25 04:06:09.893 D/AndroidRuntime(  708): >>>>>> AndroidRuntime START com.android.internal.os.RuntimeInit <<<<<<
03-25 04:06:09.893 D/AndroidRuntime(  708): CheckJNI is ON
03-25 04:06:09.923 D/dalvikvm(  708): Trying to load lib libjavacore.so 0x0
03-25 04:06:09.933 D/dalvikvm(  708): Added shared lib libjavacore.so 0x0
03-25 04:06:09.963 D/dalvikvm(  708): Trying to load lib libnativehelper.so 0x0
03-25 04:06:09.963 D/dalvikvm(  708): Added shared lib libnativehelper.so 0x0
03-25 04:06:10.033 E/cutils-trace(  708): Error opening trace file: No such file or directory (2)
03-25 04:06:10.404 D/AndroidRuntime(  708): Calling main entry com.android.commands.input.Input
03-25 04:06:10.414 I/Input   (  708): injectKeyEvent: KeyEvent { action=ACTION_DOWN, keyCode=KEYCODE_MENU, scanCode=0, metaState=0, flags=0x0, repeatCount=0, eventTime=56422, downTime=56422, deviceId=-1, source=0x101 }
03-25 04:06:10.504 I/Input   (  708): injectKeyEvent: KeyEvent { action=ACTION_UP, keyCode=KEYCODE_MENU, scanCode=0, metaState=0, flags=0x0, repeatCount=0, eventTime=56422, downTime=56422, deviceId=-1, source=0x101 }
03-25 04:06:10.514 D/InputEventConsistencyVerifier(  285): KeyEvent: ACTION_UP but key was not down.
03-25 04:06:10.514 D/InputEventConsistencyVerifier(  285):   in com.android.internal.policy.impl.keyguard.KeyguardHostView{418c17c8 V.E..... ......I. 0,38-480,800 #10202be android:id/keyguard_host_view}
03-25 04:06:10.514 D/InputEventConsistencyVerifier(  285):   0: sent at 56422000000, KeyEvent { action=ACTION_UP, keyCode=KEYCODE_MENU, scanCode=0, metaState=0, flags=0x0, repeatCount=0, eventTime=56422, downTime=56422, deviceId=-1, source=0x101 }
03-25 04:06:10.514 D/AndroidRuntime(  708): Shutting down VM
03-25 04:06:10.524 D/dalvikvm(  708): GC_CONCURRENT freed 94K, 18% free 471K/568K, paused 0ms+0ms, total 8ms
03-25 04:06:10.534 W/SoundPool(  285):   sample 0 not READY
03-25 04:06:10.563 D/PhoneStatusBar(  349): disable: < expand icons alerts ticker system_info BACK HOME recent* CLOCK search* >
03-25 04:06:10.683 D/PhoneStatusBar(  349): disable: < expand icons alerts ticker system_info back* home* recent clock* search >
03-25 04:06:10.723 I/ARMAssembler(   37): generated scanline__00000077:03515104_00009001_00000000 [131 ipp] (153 ins) at [0x411d8410:0x411d8674] in 811254 ns
03-25 04:06:11.103 V/TAG     (  285): bug 7643792: fitSystemWindows([0,38][0,0])
03-25 04:06:11.404 D/AndroidRuntime(  719): 
03-25 04:06:11.404 D/AndroidRuntime(  719): >>>>>> AndroidRuntime START com.android.internal.os.RuntimeInit <<<<<<
03-25 04:06:11.404 D/AndroidRuntime(  719): CheckJNI is ON
03-25 04:06:11.454 D/dalvikvm(  719): Trying to load lib libjavacore.so 0x0
03-25 04:06:11.464 D/dalvikvm(  719): Added shared lib libjavacore.so 0x0
03-25 04:06:11.524 D/dalvikvm(  719): Trying to load lib libnativehelper.so 0x0
03-25 04:06:11.534 D/dalvikvm(  719): Added shared lib libnativehelper.so 0x0
03-25 04:06:11.643 E/cutils-trace(  719): Error opening trace file: No such file or directory (2)
03-25 04:06:11.713 I/dalvikvm(  285): Jit: resizing JitTable from 4096 to 8192
03-25 04:06:12.093 D/AndroidRuntime(  719): Calling main entry com.android.commands.input.Input
03-25 04:06:12.093 I/Input   (  719): injectKeyEvent: KeyEvent { action=ACTION_DOWN, keyCode=KEYCODE_BACK, scanCode=0, metaState=0, flags=0x0, repeatCount=0, eventTime=58106, downTime=58106, deviceId=-1, source=0x101 }
03-25 04:06:12.113 I/Input   (  719): injectKeyEvent: KeyEvent { action=ACTION_UP, keyCode=KEYCODE_BACK, scanCode=0, metaState=0, flags=0x0, repeatCount=0, eventTime=58106, downTime=58106, deviceId=-1, source=0x101 }
03-25 04:06:12.153 D/AndroidRuntime(  719): Shutting down VM
03-25 04:06:12.163 D/dalvikvm(  719): GC_CONCURRENT freed 94K, 18% free 471K/568K, paused 1ms+1ms, total 8ms
03-25 04:06:13.304 D/CaptivePortalTracker(  285): Probably a portal: exception java.net.SocketTimeoutException: failed to connect to /74.125.225.137 (port 80) after 10000ms
03-25 04:06:13.304 D/CaptivePortalTracker(  285): Captive network NetworkInfo: type: mobile[UMTS], state: CONNECTED/CONNECTED, reason: connected, extra: epc.tmobile.com, roaming: false, failover: false, isAvailable: true
03-25 04:06:13.304 D/CaptivePortalTracker(  285): notifyPortalCheckCompleted: captive=true ni=NetworkInfo: type: mobile[UMTS], state: CONNECTED/CONNECTED, reason: connected, extra: epc.tmobile.com, roaming: false, failover: false, isAvailable: true
03-25 04:06:13.304 D/ConnectivityService(  285): captivePortalCheckCompleted: ni=NetworkInfo: type: mobile[UMTS], state: CONNECTED/CONNECTED, reason: connected, extra: epc.tmobile.com, roaming: false, failover: false, isAvailable: true captive=true
03-25 04:06:13.314 E/ConnectivityService(  285): Carrier Provisioning Urls file not found
03-25 04:06:13.314 D/ConnectivityService(  285): getMobileProvisioningUrl: mobile_provisioining_url from resource =
03-25 04:06:13.314 E/ConnectivityService(  285): Carrier Provisioning Urls file not found
03-25 04:06:13.334 D/CaptivePortalTracker(  285): setNotivicationVisible: make visible
03-25 04:06:13.394 D/CaptivePortalTracker(  285): ActiveNetworkState
03-25 04:06:13.394 I/Choreographer(  425): Skipped 34 frames!  The application may be doing too much work on its main thread.
03-25 04:06:13.733 D/SizeAdaptiveLayout(  349): com.android.internal.widget.SizeAdaptiveLayout{41879a88 V.E..... ......I. 0,0-0,0 #7f070058 app:id/adaptive}child view android.widget.FrameLayout{41850fa0 G.E..... ......ID 0,0-0,0 #1020307 android:id/status_bar_latest_event_content} measured out of bounds at 95px clamped to 96px
03-25 04:06:13.783 D/SizeAdaptiveLayout(  349): com.android.internal.widget.SizeAdaptiveLayout{41879a88 V.E..... ......ID 0,0-480,96 #7f070058 app:id/adaptive}child view android.widget.FrameLayout{41850fa0 V.E..... ......ID 0,0-480,96 #1020307 android:id/status_bar_latest_event_content} measured out of bounds at 95px clamped to 96px
03-25 04:06:26.466 D/InitAlarmsService(  579): Clearing and rescheduling alarms.
03-25 04:06:45.873 I/AudioService(  285):  AudioFocus  abandonAudioFocus() from android.media.AudioManager@416f7698com.android.music.MediaPlaybackService$3@416f62b8
03-25 04:06:52.356 D/ConnectivityService(  285): [CheckMp] isMobileOk: timed out
03-25 04:06:52.356 D/ConnectivityService(  285): [CheckMp] isMobileOk: F stop hipri
03-25 04:06:52.374 D/ConnectivityService(  285): stopUsingNetworkFeature: teardown net 0: enableHIPRI
03-25 04:06:52.404 D/ConnectivityService(  285): ConnectivityChange for mobile_hipri: DISCONNECTED/DISCONNECTED
03-25 04:06:52.424 E/logwrapper(  733): executing /system/bin/ip failed: No such file or directory
03-25 04:06:52.444 D/ConnectivityService(  285): [CheckMp] isMobileOk: X result=0
03-25 04:06:52.444 D/ConnectivityService(  285): [CheckMp] onPostExecute: result=0
03-25 04:06:52.444 D/ConnectivityService(  285): CheckMp.onComplete: result=0
03-25 04:06:52.444 D/ConnectivityService(  285): CheckMp.onComplete: ignore, connected or no connection
03-25 04:06:52.444 E/SecondaryTablController(   34): ip route del failed: /system/bin/ip route del 10.0.2.2/32 via 0.0.0.0 dev eth0 table 60
03-25 04:06:52.444 W/FrameworkListener(   34): Handler 'interface' error (No such device)
03-25 04:06:52.464 E/logwrapper(  734): executing /system/bin/ip failed: No such file or directory
03-25 04:06:52.484 E/SecondaryTablController(   34): ip route del failed: /system/bin/ip route del 0.0.0.0/0 via 10.0.2.2 dev eth0 table 60
03-25 04:06:52.494 W/FrameworkListener(   34): Handler 'interface' error (No such device)
03-25 04:06:52.523 D/Nat464Xlat(  285): requiresClat: netType=5, hasIPv4Address=true
03-25 04:06:55.533 D/Tethering(  285): MasterInitialState.processMessage what=3
03-25 04:06:55.563 D/Tethering(  285): MasterInitialState.processMessage what=3
03-25 04:09:00.174 D/dalvikvm(  285): GC_CONCURRENT freed 700K, 26% free 5916K/7912K, paused 4ms+7ms, total 208ms
03-25 04:09:29.853 D/AndroidRuntime(  765): 
03-25 04:09:29.853 D/AndroidRuntime(  765): >>>>>> AndroidRuntime START com.android.internal.os.RuntimeInit <<<<<<
03-25 04:09:29.853 D/AndroidRuntime(  764): 
03-25 04:09:29.853 D/AndroidRuntime(  764): >>>>>> AndroidRuntime START com.android.internal.os.RuntimeInit <<<<<<
03-25 04:09:29.853 D/AndroidRuntime(  764): CheckJNI is ON
03-25 04:09:29.863 D/AndroidRuntime(  765): CheckJNI is ON
03-25 04:09:29.903 D/dalvikvm(  765): Trying to load lib libjavacore.so 0x0
03-25 04:09:29.903 D/dalvikvm(  764): Trying to load lib libjavacore.so 0x0
03-25 04:09:29.923 D/dalvikvm(  764): Added shared lib libjavacore.so 0x0
03-25 04:09:29.923 D/dalvikvm(  765): Added shared lib libjavacore.so 0x0
03-25 04:09:29.984 D/dalvikvm(  764): Trying to load lib libnativehelper.so 0x0
03-25 04:09:29.984 D/dalvikvm(  764): Added shared lib libnativehelper.so 0x0
03-25 04:09:29.984 D/dalvikvm(  765): Trying to load lib libnativehelper.so 0x0
03-25 04:09:29.994 D/dalvikvm(  765): Added shared lib libnativehelper.so 0x0
03-25 04:09:30.094 E/cutils-trace(  764): Error opening trace file: No such file or directory (2)
03-25 04:09:30.113 E/cutils-trace(  765): Error opening trace file: No such file or directory (2)
03-25 04:09:30.883 D/AndroidRuntime(  765): Calling main entry com.android.commands.pm.Pm
03-25 04:09:30.893 D/AndroidRuntime(  764): Calling main entry com.android.commands.pm.Pm
03-25 04:09:30.933 W/dalvikvm(  784): PR_CAPBSET_DROP 0 failed: Invalid argument. Please make sure your kernel is compiled with file capabilities support enabled.
03-25 04:09:30.933 W/dalvikvm(  784): PR_CAPBSET_DROP 1 failed: Invalid argument. Please make sure your kernel is compiled with file capabilities support enabled.
03-25 04:09:30.933 W/dalvikvm(  784): PR_CAPBSET_DROP 2 failed: Invalid argument. Please make sure your kernel is compiled with file capabilities support enabled.
03-25 04:09:30.933 W/dalvikvm(  784): PR_CAPBSET_DROP 3 failed: Invalid argument. Please make sure your kernel is compiled with file capabilities support enabled.
03-25 04:09:30.933 W/dalvikvm(  784): PR_CAPBSET_DROP 4 failed: Invalid argument. Please make sure your kernel is compiled with file capabilities support enabled.
03-25 04:09:30.933 W/dalvikvm(  784): PR_CAPBSET_DROP 5 failed: Invalid argument. Please make sure your kernel is compiled with file capabilities support enabled.
03-25 04:09:30.943 W/dalvikvm(  784): PR_CAPBSET_DROP 6 failed: Invalid argument. Please make sure your kernel is compiled with file capabilities support enabled.
03-25 04:09:30.943 W/dalvikvm(  784): PR_CAPBSET_DROP 7 failed: Invalid argument. Please make sure your kernel is compiled with file capabilities support enabled.
03-25 04:09:30.943 W/dalvikvm(  784): PR_CAPBSET_DROP 8 failed: Invalid argument. Please make sure your kernel is compiled with file capabilities support enabled.
03-25 04:09:30.943 W/dalvikvm(  784): PR_CAPBSET_DROP 9 failed: Invalid argument. Please make sure your kernel is compiled with file capabilities support enabled.
03-25 04:09:30.943 W/dalvikvm(  784): PR_CAPBSET_DROP 10 failed: Invalid argument. Please make sure your kernel is compiled with file capabilities support enabled.
03-25 04:09:30.943 W/dalvikvm(  784): PR_CAPBSET_DROP 11 failed: Invalid argument. Please make sure your kernel is compiled with file capabilities support enabled.
03-25 04:09:30.943 W/dalvikvm(  784): PR_CAPBSET_DROP 12 failed: Invalid argument. Please make sure your kernel is compiled with file capabilities support enabled.
03-25 04:09:30.943 W/dalvikvm(  784): PR_CAPBSET_DROP 13 failed: Invalid argument. Please make sure your kernel is compiled with file capabilities support enabled.
03-25 04:09:30.943 W/dalvikvm(  784): PR_CAPBSET_DROP 14 failed: Invalid argument. Please make sure your kernel is compiled with file capabilities support enabled.
03-25 04:09:30.943 W/dalvikvm(  784): PR_CAPBSET_DROP 15 failed: Invalid argument. Please make sure your kernel is compiled with file capabilities support enabled.
03-25 04:09:30.943 W/dalvikvm(  784): PR_CAPBSET_DROP 16 failed: Invalid argument. Please make sure your kernel is compiled with file capabilities support enabled.
03-25 04:09:30.943 W/dalvikvm(  784): PR_CAPBSET_DROP 17 failed: Invalid argument. Please make sure your kernel is compiled with file capabilities support enabled.
03-25 04:09:30.943 W/dalvikvm(  784): PR_CAPBSET_DROP 18 failed: Invalid argument. Please make sure your kernel is compiled with file capabilities support enabled.
03-25 04:09:30.953 W/dalvikvm(  784): PR_CAPBSET_DROP 19 failed: Invalid argument. Please make sure your kernel is compiled with file capabilities support enabled.
03-25 04:09:30.953 W/dalvikvm(  784): PR_CAPBSET_DROP 20 failed: Invalid argument. Please make sure your kernel is compiled with file capabilities support enabled.
03-25 04:09:30.953 W/dalvikvm(  784): PR_CAPBSET_DROP 21 failed: Invalid argument. Please make sure your kernel is compiled with file capabilities support enabled.
03-25 04:09:30.953 W/dalvikvm(  784): PR_CAPBSET_DROP 22 failed: Invalid argument. Please make sure your kernel is compiled with file capabilities support enabled.
03-25 04:09:30.953 W/dalvikvm(  784): PR_CAPBSET_DROP 23 failed: Invalid argument. Please make sure your kernel is compiled with file capabilities support enabled.
03-25 04:09:30.953 W/dalvikvm(  784): PR_CAPBSET_DROP 24 failed: Invalid argument. Please make sure your kernel is compiled with file capabilities support enabled.
03-25 04:09:30.953 W/dalvikvm(  784): PR_CAPBSET_DROP 25 failed: Invalid argument. Please make sure your kernel is compiled with file capabilities support enabled.
03-25 04:09:30.953 W/dalvikvm(  784): PR_CAPBSET_DROP 26 failed: Invalid argument. Please make sure your kernel is compiled with file capabilities support enabled.
03-25 04:09:30.953 W/dalvikvm(  784): PR_CAPBSET_DROP 27 failed: Invalid argument. Please make sure your kernel is compiled with file capabilities support enabled.
03-25 04:09:30.953 W/dalvikvm(  784): PR_CAPBSET_DROP 28 failed: Invalid argument. Please make sure your kernel is compiled with file capabilities support enabled.
03-25 04:09:30.964 W/dalvikvm(  784): PR_CAPBSET_DROP 29 failed: Invalid argument. Please make sure your kernel is compiled with file capabilities support enabled.
03-25 04:09:30.964 W/dalvikvm(  784): PR_CAPBSET_DROP 30 failed: Invalid argument. Please make sure your kernel is compiled with file capabilities support enabled.
03-25 04:09:30.964 W/dalvikvm(  784): PR_CAPBSET_DROP 31 failed: Invalid argument. Please make sure your kernel is compiled with file capabilities support enabled.
03-25 04:09:30.964 W/dalvikvm(  784): PR_CAPBSET_DROP 32 failed: Invalid argument. Please make sure your kernel is compiled with file capabilities support enabled.
03-25 04:09:30.964 W/dalvikvm(  784): PR_CAPBSET_DROP 33 failed: Invalid argument. Please make sure your kernel is compiled with file capabilities support enabled.
03-25 04:09:30.984 I/ActivityManager(  285): Start proc com.android.defcontainer for service com.android.defcontainer/.DefaultContainerService: pid=784 uid=10027 gids={50027, 1015, 1023, 2001, 1028}
03-25 04:09:31.084 W/ActivityManager(  285): No content provider found for permission revoke: file:///data/local/tmp/qeo-android-debugconfig-debug-unaligned.apk
03-25 04:09:31.124 W/ActivityManager(  285): No content provider found for permission revoke: file:///data/local/tmp/qeo-android-debugconfig-debug-unaligned.apk
03-25 04:09:31.124 I/PackageManager(  285): Copying native libraries to /data/app-lib/vmdl-1704499923
03-25 04:09:31.354 I/PackageManager(  285): Running dexopt on: org.qeo.android.debugconfig
03-25 04:09:32.224 D/dalvikvm(  799): DexOpt: load 138ms, verify+opt 476ms, 1032188 bytes
03-25 04:09:32.254 I/ActivityManager(  285): Force stopping package org.qeo.android.debugconfig appid=10046 user=-1
03-25 04:09:32.453 W/ActivityManager(  285): No content provider found for permission revoke: file:///data/local/tmp/qeo-android-debugconfig-debug-unaligned.apk
03-25 04:09:32.483 W/ActivityManager(  285): No content provider found for permission revoke: file:///data/local/tmp/qeo-android-debugconfig-debug-unaligned.apk
03-25 04:09:32.483 I/PackageManager(  285): Copying native libraries to /data/app-lib/vmdl-853472774
03-25 04:09:32.553 W/dalvikvm(  800): PR_CAPBSET_DROP 0 failed: Invalid argument. Please make sure your kernel is compiled with file capabilities support enabled.
03-25 04:09:32.553 W/dalvikvm(  800): PR_CAPBSET_DROP 1 failed: Invalid argument. Please make sure your kernel is compiled with file capabilities support enabled.
03-25 04:09:32.553 W/dalvikvm(  800): PR_CAPBSET_DROP 2 failed: Invalid argument. Please make sure your kernel is compiled with file capabilities support enabled.
03-25 04:09:32.553 W/dalvikvm(  800): PR_CAPBSET_DROP 3 failed: Invalid argument. Please make sure your kernel is compiled with file capabilities support enabled.
03-25 04:09:32.553 W/dalvikvm(  800): PR_CAPBSET_DROP 4 failed: Invalid argument. Please make sure your kernel is compiled with file capabilities support enabled.
03-25 04:09:32.553 W/dalvikvm(  800): PR_CAPBSET_DROP 5 failed: Invalid argument. Please make sure your kernel is compiled with file capabilities support enabled.
03-25 04:09:32.553 W/dalvikvm(  800): PR_CAPBSET_DROP 6 failed: Invalid argument. Please make sure your kernel is compiled with file capabilities support enabled.
03-25 04:09:32.553 W/dalvikvm(  800): PR_CAPBSET_DROP 7 failed: Invalid argument. Please make sure your kernel is compiled with file capabilities support enabled.
03-25 04:09:32.553 W/dalvikvm(  800): PR_CAPBSET_DROP 8 failed: Invalid argument. Please make sure your kernel is compiled with file capabilities support enabled.
03-25 04:09:32.563 W/dalvikvm(  800): PR_CAPBSET_DROP 9 failed: Invalid argument. Please make sure your kernel is compiled with file capabilities support enabled.
03-25 04:09:32.563 W/dalvikvm(  800): PR_CAPBSET_DROP 10 failed: Invalid argument. Please make sure your kernel is compiled with file capabilities support enabled.
03-25 04:09:32.563 W/dalvikvm(  800): PR_CAPBSET_DROP 11 failed: Invalid argument. Please make sure your kernel is compiled with file capabilities support enabled.
03-25 04:09:32.563 W/dalvikvm(  800): PR_CAPBSET_DROP 12 failed: Invalid argument. Please make sure your kernel is compiled with file capabilities support enabled.
03-25 04:09:32.563 W/dalvikvm(  800): PR_CAPBSET_DROP 13 failed: Invalid argument. Please make sure your kernel is compiled with file capabilities support enabled.
03-25 04:09:32.563 W/dalvikvm(  800): PR_CAPBSET_DROP 14 failed: Invalid argument. Please make sure your kernel is compiled with file capabilities support enabled.
03-25 04:09:32.563 W/dalvikvm(  800): PR_CAPBSET_DROP 15 failed: Invalid argument. Please make sure your kernel is compiled with file capabilities support enabled.
03-25 04:09:32.563 W/dalvikvm(  800): PR_CAPBSET_DROP 16 failed: Invalid argument. Please make sure your kernel is compiled with file capabilities support enabled.
03-25 04:09:32.563 W/dalvikvm(  800): PR_CAPBSET_DROP 17 failed: Invalid argument. Please make sure your kernel is compiled with file capabilities support enabled.
03-25 04:09:32.563 W/dalvikvm(  800): PR_CAPBSET_DROP 18 failed: Invalid argument. Please make sure your kernel is compiled with file capabilities support enabled.
03-25 04:09:32.563 W/dalvikvm(  800): PR_CAPBSET_DROP 19 failed: Invalid argument. Please make sure your kernel is compiled with file capabilities support enabled.
03-25 04:09:32.563 W/dalvikvm(  800): PR_CAPBSET_DROP 20 failed: Invalid argument. Please make sure your kernel is compiled with file capabilities support enabled.
03-25 04:09:32.573 W/dalvikvm(  800): PR_CAPBSET_DROP 21 failed: Invalid argument. Please make sure your kernel is compiled with file capabilities support enabled.
03-25 04:09:32.573 W/dalvikvm(  800): PR_CAPBSET_DROP 22 failed: Invalid argument. Please make sure your kernel is compiled with file capabilities support enabled.
03-25 04:09:32.573 W/dalvikvm(  800): PR_CAPBSET_DROP 23 failed: Invalid argument. Please make sure your kernel is compiled with file capabilities support enabled.
03-25 04:09:32.573 W/dalvikvm(  800): PR_CAPBSET_DROP 24 failed: Invalid argument. Please make sure your kernel is compiled with file capabilities support enabled.
03-25 04:09:32.573 W/dalvikvm(  800): PR_CAPBSET_DROP 25 failed: Invalid argument. Please make sure your kernel is compiled with file capabilities support enabled.
03-25 04:09:32.573 W/dalvikvm(  800): PR_CAPBSET_DROP 26 failed: Invalid argument. Please make sure your kernel is compiled with file capabilities support enabled.
03-25 04:09:32.573 W/dalvikvm(  800): PR_CAPBSET_DROP 27 failed: Invalid argument. Please make sure your kernel is compiled with file capabilities support enabled.
03-25 04:09:32.573 W/dalvikvm(  800): PR_CAPBSET_DROP 28 failed: Invalid argument. Please make sure your kernel is compiled with file capabilities support enabled.
03-25 04:09:32.573 W/dalvikvm(  800): PR_CAPBSET_DROP 29 failed: Invalid argument. Please make sure your kernel is compiled with file capabilities support enabled.
03-25 04:09:32.583 W/dalvikvm(  800): PR_CAPBSET_DROP 30 failed: Invalid argument. Please make sure your kernel is compiled with file capabilities support enabled.
03-25 04:09:32.583 W/dalvikvm(  800): PR_CAPBSET_DROP 31 failed: Invalid argument. Please make sure your kernel is compiled with file capabilities support enabled.
03-25 04:09:32.583 W/dalvikvm(  800): PR_CAPBSET_DROP 32 failed: Invalid argument. Please make sure your kernel is compiled with file capabilities support enabled.
03-25 04:09:32.583 W/dalvikvm(  800): PR_CAPBSET_DROP 33 failed: Invalid argument. Please make sure your kernel is compiled with file capabilities support enabled.
03-25 04:09:32.593 I/ActivityManager(  285): Start proc com.svox.pico for broadcast com.svox.pico/.VoiceDataInstallerReceiver: pid=800 uid=10028 gids={50028, 1015, 1028}
03-25 04:09:32.593 I/InputReader(  285): Reconfiguring input devices.  changes=0x00000010
03-25 04:09:32.623 D/BackupManagerService(  285): Received broadcast Intent { act=android.intent.action.PACKAGE_ADDED dat=package:org.qeo.android.debugconfig flg=0x8000010 (has extras) }
03-25 04:09:32.644 V/BackupManagerService(  285): addPackageParticipantsLocked: #1
03-25 04:09:32.883 D/dalvikvm(  285): GC_CONCURRENT freed 1499K, 35% free 5151K/7912K, paused 23ms+8ms, total 116ms
03-25 04:09:33.084 D/dalvikvm(  285): GC_EXPLICIT freed 91K, 35% free 5159K/7912K, paused 21ms+24ms, total 183ms
03-25 04:09:33.104 W/dalvikvm(  813): PR_CAPBSET_DROP 0 failed: Invalid argument. Please make sure your kernel is compiled with file capabilities support enabled.
03-25 04:09:33.104 W/dalvikvm(  813): PR_CAPBSET_DROP 1 failed: Invalid argument. Please make sure your kernel is compiled with file capabilities support enabled.
03-25 04:09:33.114 W/dalvikvm(  813): PR_CAPBSET_DROP 2 failed: Invalid argument. Please make sure your kernel is compiled with file capabilities support enabled.
03-25 04:09:33.114 W/dalvikvm(  813): PR_CAPBSET_DROP 3 failed: Invalid argument. Please make sure your kernel is compiled with file capabilities support enabled.
03-25 04:09:33.114 W/dalvikvm(  813): PR_CAPBSET_DROP 4 failed: Invalid argument. Please make sure your kernel is compiled with file capabilities support enabled.
03-25 04:09:33.114 W/dalvikvm(  813): PR_CAPBSET_DROP 5 failed: Invalid argument. Please make sure your kernel is compiled with file capabilities support enabled.
