Log: /data/jenkins/jobs/tests.csfd.web/workspace/tests/../logs/tests/2013-09-16_16-23-30.log
TAP version 13
ok tests/api/RequestsTest.phpt ['android-search-2'] 
  ---
  duration_ms: 1.168
  ...
ok tests/api/RequestsTest.phpt ['android-user-comments'] 
  ---
  duration_ms: 1.278
  ...
ok tests/api/RequestsTest.phpt ['android-film-1'] 
  ---
  duration_ms: 1.717
  ...
ok tests/api/RequestsTest.phpt ['common-imdb-film'] 
  ---
  duration_ms: 0.606
  ...
ok tests/api/RequestsTest.phpt ['android-search-3'] 
  ---
  duration_ms: 1.917
  ...
ok tests/api/RequestsTest.phpt ['common-imdb-creator-1'] 
  ---
  duration_ms: 0.370
  ...
ok tests/api/RequestsTest.phpt ['android-home'] 
  ---
  duration_ms: 2.145
  ...
ok tests/api/RequestsTest.phpt ['iphone-film'] 
  ---
  duration_ms: 1.151
  ...
ok tests/api/RequestsTest.phpt ['android-film-2'] 
  ---
  duration_ms: 2.451
  ...
ok NoSQL - ManagerTest | pmg/NoSQL/ManagerTest.phpt 
  ---
  duration_ms: 0.051
  ...
not ok Database - MapperTest | pmg/database/MapperTest.phpt 
  ---
  duration_ms: 0.133
  extensions:
      Files:
          message11:
              File-Title: message11
              File-Description: Error message
              File-Size: 536
              File-Name: message.txt
              File-Content: RmFpbGVkOiAnU0VMRUNUIF8uaWQgQVMgaWQgRlJPTSBwd19maWxteSBBUyBfJyBzaG91bGQgYmUgZXF1YWwgdG8gCiAgICAuLi4gJ3hTRUxFQ1QgXy5pZCBBUyBpZCBGUk9NIHB3X2ZpbG15IEFTIF8nIGluIHRlc3RMb2FkKCkKCmluIFRlc3Rlci9GcmFtZXdvcmsvQXNzZXJ0LnBocCgzNjQpIAppbiBUZXN0ZXIvRnJhbWV3b3JrL0Fzc2VydC5waHAoODApIFRlc3RlclxBc3NlcnQ6OmZhaWwoKQppbiBwbWcvZGF0YWJhc2UvTWFwcGVyVGVzdC5waHB0KDIwKSBUZXN0ZXJcQXNzZXJ0OjplcXVhbCgpCmluIFtpbnRlcm5hbCBmdW5jdGlvbl0gVGVzdHNcVW5pdFxQTUdcRGF0YWJhc2VcTWFwcGVyVGVzdC0+dGVzdExvYWQoKQppbiBUZXN0ZXIvRnJhbWV3b3JrL1Rlc3RDYXNlLnBocCg5MSkgY2FsbF91c2VyX2Z1bmNfYXJyYXkoKQppbiBUZXN0ZXIvRnJhbWV3b3JrL1Rlc3RDYXNlLnBocCg3MikgVGVzdGVyXFRlc3RDYXNlLT5ydW5UZXN0KCkKaW4gcG1nL2RhdGFiYXNlL01hcHBlclRlc3QucGhwdCgxMDkpIFRlc3RlclxUZXN0Q2FzZS0+cnVuKCk=
              File-Type: plain/text
  ...
not ok tests/unit/UnitTestsTest.phpt 
  ---
  duration_ms: 0.041
  extensions:
      Files:
          message12:
              File-Title: message12
              File-Description: Error message
              File-Size: 182
              File-Name: message.txt
              File-Content: RmFpbGVkOiBGQUxTRSBzaG91bGQgYmUgVFJVRQoKaW4gVGVzdGVyL0ZyYW1ld29yay9Bc3NlcnQucGhwKDM2NCkgCmluIFRlc3Rlci9GcmFtZXdvcmsvQXNzZXJ0LnBocCgxNDUpIFRlc3RlclxBc3NlcnQ6OmZhaWwoKQppbiB0ZXN0cy91bml0L1VuaXRUZXN0c1Rlc3QucGhwdCg5KSBUZXN0ZXJcQXNzZXJ0Ojp0cnVlKCk=
              File-Type: plain/text
  ...
ok tests/api/RequestsTest.phpt ['android-search-1'] 
  ---
  duration_ms: 2.882
  ...
ok tests/api/RequestsTest.phpt ['android-autocomplete'] 
  ---
  duration_ms: 2.913
  ...
ok tests/api/RequestsTest.phpt ['android-user-ratings'] 
  ---
  duration_ms: 3.069
  ...
ok tests/api/RequestsTest.phpt ['common-imdb-creator-2'] 
  ---
  duration_ms: 1.287
  ...
ok tests/api/RequestsTest.phpt ['android-charts'] 
  ---
  duration_ms: 3.790
  ...
ok App - Libs- Security - AuthenticatorTest | libs/Security/AuthenticatorTest.phpt 
  ---
  duration_ms: 1.666
  ...
ok NoSQL - Redis - RedisTest | NoSQL/Redis/RedisTest.phpt 
  ---
  duration_ms: 2.184
  ...
ok App - Models - Analytics - PageViewsTest | Models/Analytics/PageViewsTest.phpt 
  ---
  duration_ms: 11.787
  ...
ok Selenium - BasicTest | tests/selenium/BasicTest.phpt 
  ---
  duration_ms: 49.863
  ...
1..21