<?xml version="1.0" encoding="UTF-8"?>
<TestRun id="66601d0b-c38a-4e4f-a086-b32d2f108097" name="buildpc@PC2110 2010-08-31 10:26:00" runUser="PC2110\buildpc" xmlns="http://microsoft.com/schemas/VisualStudio/TeamTest/2006">
  <TestRunConfiguration name="Default Run Configuration" id="3371460c-be6f-4a1f-ac9a-b5373c1b97d9">
    <Deployment userDeploymentRoot="D:\hudson\jobs\test\workspace\Source\TestResults" useDefaultDeploymentRoot="false" runDeploymentRoot="D:\hudson\jobs\test\workspace\Source\TestResults\buildpc_PC2110 2010-08-31 10_26_00" />
    <Hosts skipUnhostableTests="false" />
    <TestTypeSpecific />
  </TestRunConfiguration>
  <ResultSummary outcome="Failed">
    <Counters total="9" executed="9" passed="7" error="0" failed="2" timeout="0" aborted="0" inconclusive="0" passedButRunAborted="0" notRunnable="0" notExecuted="0" disconnected="0" warning="0" completed="0" inProgress="0" pending="0" />
  </ResultSummary>
  <Times creation="2010-08-31T10:26:00.2187500+02:00" queuing="2010-08-31T10:26:07.4687500+02:00" start="2010-08-31T10:26:08.0781250+02:00" finish="2010-08-31T10:26:16.5312500+02:00" />
  <TestDefinitions>
    <UnitTest name="UnitTest_Logger_LogGenericFaultException" storage="unittests.dll" id="ad03af46-5291-b17a-8c16-1a5f957080ee">
      <Css projectStructure="" iteration="" />
      <Owners>
        <Owner name="" />
      </Owners>
      <Execution id="f4feb623-eac4-4cd7-9f0e-54c87b2a4daa" />
      <TestMethod codeBase="D:/hudson/jobs/test/workspace/build/Debug/ApplicationName Tests/UnitTests.DLL" adapterTypeName="Microsoft.VisualStudio.TestTools.TestTypes.Unit.UnitTestAdapter, Microsoft.VisualStudio.QualityTools.Tips.UnitTest.Adapter" className="CompanyName.ApplicationName.UnitTests.LoggerTest, UnitTests, Version=1.0.0.0, Culture=neutral, PublicKeyToken=null" name="UnitTest_Logger_LogGenericFaultException" />
    </UnitTest>
    <UnitTest name="UnitTest_Logger_LogStringContainingIllegalChars" storage="unittests.dll" id="3dd13afb-b7aa-7c21-7393-e9ea2f0eef09">
      <Css projectStructure="" iteration="" />
      <Owners>
        <Owner name="" />
      </Owners>
      <Execution id="2e58c86e-f6c4-4b2c-8fb9-24eb60e35f10" />
      <TestMethod codeBase="D:/hudson/jobs/test/workspace/build/Debug/ApplicationName Tests/UnitTests.DLL" adapterTypeName="Microsoft.VisualStudio.TestTools.TestTypes.Unit.UnitTestAdapter, Microsoft.VisualStudio.QualityTools.Tips.UnitTest.Adapter" className="CompanyName.ApplicationName.UnitTests.LoggerTest, UnitTests, Version=1.0.0.0, Culture=neutral, PublicKeyToken=null" name="UnitTest_Logger_LogStringContainingIllegalChars" />
    </UnitTest>
    <UnitTest name="Test_DeleteOldLogFiles_WhenMaxNumberOfDiskspaceReached" storage="unittests.dll" id="f123e354-bac0-d958-5caf-32a30dae2945">
      <Css projectStructure="" iteration="" />
      <Owners>
        <Owner name="" />
      </Owners>
      <Execution id="2ab8f7e5-d822-47c0-a7c7-b8a832375fec" />
      <TestMethod codeBase="D:/hudson/jobs/test/workspace/build/Debug/ApplicationName Tests/UnitTests.DLL" adapterTypeName="Microsoft.VisualStudio.TestTools.TestTypes.Unit.UnitTestAdapter, Microsoft.VisualStudio.QualityTools.Tips.UnitTest.Adapter" className="CompanyName.ApplicationName.UnitTests.LogWriterTest, UnitTests, Version=1.0.0.0, Culture=neutral, PublicKeyToken=null" name="Test_DeleteOldLogFiles_WhenMaxNumberOfDiskspaceReached" />
    </UnitTest>
    <UnitTest name="Test_NewFileCreation_WhenMaxFileSizeIsReached" storage="unittests.dll" id="a5376363-e7b7-219b-13aa-089385a621a5">
      <Css projectStructure="" iteration="" />
      <Owners>
        <Owner name="" />
      </Owners>
      <Execution id="5181fbe6-a4fc-4f12-9cf6-6a4afa61cc3b" />
      <TestMethod codeBase="D:/hudson/jobs/test/workspace/build/Debug/ApplicationName Tests/UnitTests.DLL" adapterTypeName="Microsoft.VisualStudio.TestTools.TestTypes.Unit.UnitTestAdapter, Microsoft.VisualStudio.QualityTools.Tips.UnitTest.Adapter" className="CompanyName.ApplicationName.UnitTests.LogWriterTest, UnitTests, Version=1.0.0.0, Culture=neutral, PublicKeyToken=null" name="Test_NewFileCreation_WhenMaxFileSizeIsReached" />
    </UnitTest>
    <UnitTest name="UnitTest_Logger_LogFaultExceptionWithErrorCodes" storage="unittests.dll" id="ebcfd551-c34b-0b78-e08c-cc3d277f2e4d">
      <Css projectStructure="" iteration="" />
      <Owners>
        <Owner name="" />
      </Owners>
      <Execution id="d962ebc7-acf7-4057-a54a-f2ae2dab0aa9" />
      <TestMethod codeBase="D:/hudson/jobs/test/workspace/build/Debug/ApplicationName Tests/UnitTests.DLL" adapterTypeName="Microsoft.VisualStudio.TestTools.TestTypes.Unit.UnitTestAdapter, Microsoft.VisualStudio.QualityTools.Tips.UnitTest.Adapter" className="CompanyName.ApplicationName.UnitTests.LoggerTest, UnitTests, Version=1.0.0.0, Culture=neutral, PublicKeyToken=null" name="UnitTest_Logger_LogFaultExceptionWithErrorCodes" />
    </UnitTest>
    <UnitTest name="UnitTest_Logger_LogMessageWithSessionInfo" storage="unittests.dll" id="e22f1cc7-6433-e3f1-cfd3-cabeee01dfce">
      <Css projectStructure="" iteration="" />
      <Owners>
        <Owner name="" />
      </Owners>
      <Execution id="e57c8e3f-c4f7-4d29-bfee-eb2bdd890222" />
      <TestMethod codeBase="D:/hudson/jobs/test/workspace/build/Debug/ApplicationName Tests/UnitTests.DLL" adapterTypeName="Microsoft.VisualStudio.TestTools.TestTypes.Unit.UnitTestAdapter, Microsoft.VisualStudio.QualityTools.Tips.UnitTest.Adapter" className="CompanyName.ApplicationName.UnitTests.LoggerTest, UnitTests, Version=1.0.0.0, Culture=neutral, PublicKeyToken=null" name="UnitTest_Logger_LogMessageWithSessionInfo" />
    </UnitTest>
    <UnitTest name="UnitTest_Logger_LogOneMessage" storage="unittests.dll" id="62fe3059-fb60-0b23-9592-90b38f8bdd92">
      <Css projectStructure="" iteration="" />
      <Owners>
        <Owner name="" />
      </Owners>
      <Execution id="7c339e94-ad95-456d-8fc4-5c0f6079963c" />
      <TestMethod codeBase="D:/hudson/jobs/test/workspace/build/Debug/ApplicationName Tests/UnitTests.DLL" adapterTypeName="Microsoft.VisualStudio.TestTools.TestTypes.Unit.UnitTestAdapter, Microsoft.VisualStudio.QualityTools.Tips.UnitTest.Adapter" className="CompanyName.ApplicationName.UnitTests.LoggerTest, UnitTests, Version=1.0.0.0, Culture=neutral, PublicKeyToken=null" name="UnitTest_Logger_LogOneMessage" />
    </UnitTest>
    <UnitTest name="UnitTest_Logger_LogMultipleMessages" storage="unittests.dll" id="6d91aff5-0dc3-5000-37f7-aabb047b0fe6">
      <Css projectStructure="" iteration="" />
      <Owners>
        <Owner name="" />
      </Owners>
      <Execution id="b9ee899a-ad65-432f-bbd5-37e49ae9dd76" />
      <TestMethod codeBase="D:/hudson/jobs/test/workspace/build/Debug/ApplicationName Tests/UnitTests.DLL" adapterTypeName="Microsoft.VisualStudio.TestTools.TestTypes.Unit.UnitTestAdapter, Microsoft.VisualStudio.QualityTools.Tips.UnitTest.Adapter" className="CompanyName.ApplicationName.UnitTests.LoggerTest, UnitTests, Version=1.0.0.0, Culture=neutral, PublicKeyToken=null" name="UnitTest_Logger_LogMultipleMessages" />
    </UnitTest>
    <UnitTest name="SanitizingXmlTextWriteTest" storage="unittests.dll" id="2e992e6d-b182-e98d-8441-29ca498cdef9">
      <Css projectStructure="" iteration="" />
      <Owners>
        <Owner name="" />
      </Owners>
      <Execution id="20f1f666-6cb0-4670-b485-73dbf8593870" />
      <TestMethod codeBase="D:/hudson/jobs/test/workspace/build/Debug/ApplicationName Tests/UnitTests.DLL" adapterTypeName="Microsoft.VisualStudio.TestTools.TestTypes.Unit.UnitTestAdapter, Microsoft.VisualStudio.QualityTools.Tips.UnitTest.Adapter" className="CompanyName.ApplicationName.UnitTests.SanitizingXmlTextWriterTest, UnitTests, Version=1.0.0.0, Culture=neutral, PublicKeyToken=null" name="SanitizingXmlTextWriteTest" />
    </UnitTest>
  </TestDefinitions>
  <TestLists>
    <TestList name="Results Not in a List" id="8c84fa94-04c1-424b-9868-57a2d4851a1d" />
    <TestList name="All Loaded Results" id="19431567-8539-422a-85d7-44ee4e166bda" />
  </TestLists>
  <TestEntries>
    <TestEntry testId="ebcfd551-c34b-0b78-e08c-cc3d277f2e4d" executionId="d962ebc7-acf7-4057-a54a-f2ae2dab0aa9" testListId="8c84fa94-04c1-424b-9868-57a2d4851a1d" />
    <TestEntry testId="ad03af46-5291-b17a-8c16-1a5f957080ee" executionId="f4feb623-eac4-4cd7-9f0e-54c87b2a4daa" testListId="8c84fa94-04c1-424b-9868-57a2d4851a1d" />
    <TestEntry testId="e22f1cc7-6433-e3f1-cfd3-cabeee01dfce" executionId="e57c8e3f-c4f7-4d29-bfee-eb2bdd890222" testListId="8c84fa94-04c1-424b-9868-57a2d4851a1d" />
    <TestEntry testId="6d91aff5-0dc3-5000-37f7-aabb047b0fe6" executionId="b9ee899a-ad65-432f-bbd5-37e49ae9dd76" testListId="8c84fa94-04c1-424b-9868-57a2d4851a1d" />
    <TestEntry testId="62fe3059-fb60-0b23-9592-90b38f8bdd92" executionId="7c339e94-ad95-456d-8fc4-5c0f6079963c" testListId="8c84fa94-04c1-424b-9868-57a2d4851a1d" />
    <TestEntry testId="3dd13afb-b7aa-7c21-7393-e9ea2f0eef09" executionId="2e58c86e-f6c4-4b2c-8fb9-24eb60e35f10" testListId="8c84fa94-04c1-424b-9868-57a2d4851a1d" />
    <TestEntry testId="f123e354-bac0-d958-5caf-32a30dae2945" executionId="2ab8f7e5-d822-47c0-a7c7-b8a832375fec" testListId="8c84fa94-04c1-424b-9868-57a2d4851a1d" />
    <TestEntry testId="a5376363-e7b7-219b-13aa-089385a621a5" executionId="5181fbe6-a4fc-4f12-9cf6-6a4afa61cc3b" testListId="8c84fa94-04c1-424b-9868-57a2d4851a1d" />
    <TestEntry testId="2e992e6d-b182-e98d-8441-29ca498cdef9" executionId="20f1f666-6cb0-4670-b485-73dbf8593870" testListId="8c84fa94-04c1-424b-9868-57a2d4851a1d" />
  </TestEntries>
  <Results>
    <UnitTestResult executionId="d962ebc7-acf7-4057-a54a-f2ae2dab0aa9" testId="ebcfd551-c34b-0b78-e08c-cc3d277f2e4d" testName="UnitTest_Logger_LogFaultExceptionWithErrorCodes" computerName="PC2110" duration="00:00:01.8758484" startTime="2010-08-31T10:26:08.2500000+02:00" endTime="2010-08-31T10:26:13.1718750+02:00" testType="13cdc9d9-ddb5-4fa4-a97d-d965ccfc6d4b" outcome="Passed" testListId="8c84fa94-04c1-424b-9868-57a2d4851a1d">
      <Output>
      </Output>
    </UnitTestResult>
    <UnitTestResult executionId="f4feb623-eac4-4cd7-9f0e-54c87b2a4daa" testId="ad03af46-5291-b17a-8c16-1a5f957080ee" testName="UnitTest_Logger_LogGenericFaultException" computerName="PC2110" duration="00:00:00.0421895" startTime="2010-08-31T10:26:13.1718750+02:00" endTime="2010-08-31T10:26:13.2187500+02:00" testType="13cdc9d9-ddb5-4fa4-a97d-d965ccfc6d4b" outcome="Passed" testListId="8c84fa94-04c1-424b-9868-57a2d4851a1d">
      <Output>
      </Output>
    </UnitTestResult>
    <UnitTestResult executionId="e57c8e3f-c4f7-4d29-bfee-eb2bdd890222" testId="e22f1cc7-6433-e3f1-cfd3-cabeee01dfce" testName="UnitTest_Logger_LogMessageWithSessionInfo" computerName="PC2110" duration="00:00:00.2658963" startTime="2010-08-31T10:26:13.2187500+02:00" endTime="2010-08-31T10:26:13.5000000+02:00" testType="13cdc9d9-ddb5-4fa4-a97d-d965ccfc6d4b" outcome="Passed" testListId="8c84fa94-04c1-424b-9868-57a2d4851a1d">
      <Output>
      </Output>
    </UnitTestResult>
    <UnitTestResult executionId="b9ee899a-ad65-432f-bbd5-37e49ae9dd76" testId="6d91aff5-0dc3-5000-37f7-aabb047b0fe6" testName="UnitTest_Logger_LogMultipleMessages" computerName="PC2110" duration="00:00:00.0185849" startTime="2010-08-31T10:26:13.5000000+02:00" endTime="2010-08-31T10:26:13.5156250+02:00" testType="13cdc9d9-ddb5-4fa4-a97d-d965ccfc6d4b" outcome="Passed" testListId="8c84fa94-04c1-424b-9868-57a2d4851a1d">
      <Output>
      </Output>
    </UnitTestResult>
    <UnitTestResult executionId="7c339e94-ad95-456d-8fc4-5c0f6079963c" testId="62fe3059-fb60-0b23-9592-90b38f8bdd92" testName="UnitTest_Logger_LogOneMessage" computerName="PC2110" duration="00:00:00.1174085" startTime="2010-08-31T10:26:13.5156250+02:00" endTime="2010-08-31T10:26:13.6406250+02:00" testType="13cdc9d9-ddb5-4fa4-a97d-d965ccfc6d4b" outcome="Passed" testListId="8c84fa94-04c1-424b-9868-57a2d4851a1d">
      <Output>
      </Output>
    </UnitTestResult>
    <UnitTestResult executionId="2e58c86e-f6c4-4b2c-8fb9-24eb60e35f10" testId="3dd13afb-b7aa-7c21-7393-e9ea2f0eef09" testName="UnitTest_Logger_LogStringContainingIllegalChars" computerName="PC2110" duration="00:00:00.4556023" startTime="2010-08-31T10:26:13.6406250+02:00" endTime="2010-08-31T10:26:14.1093750+02:00" testType="13cdc9d9-ddb5-4fa4-a97d-d965ccfc6d4b" outcome="Failed" testListId="8c84fa94-04c1-424b-9868-57a2d4851a1d">
      <Output>
        <ErrorInfo>
          <Message>Test method CompanyName.ApplicationName.UnitTests.LoggerTest.UnitTest_Logger_LogStringContainingIllegalChars threw exception:  System.InvalidOperationException: There is an error in XML document (6, 16). ---&gt;  System.Xml.XmlException: '&#xB;', hexadecimal value 0x0B, is an invalid character. Line 6, position 16..</Message>
          <StackTrace>    at System.Xml.XmlTextReaderImpl.Throw(Exception e)
   at System.Xml.XmlTextReaderImpl.Throw(String res, String[] args)
   at System.Xml.XmlTextReaderImpl.Throw(Int32 pos, String res, String[] args)
   at System.Xml.XmlTextReaderImpl.ThrowInvalidChar(Int32 pos, Char invChar)
   at System.Xml.XmlTextReaderImpl.ParseNumericCharRefInline(Int32 startPos, Boolean expand, BufferBuilder internalSubsetBuilder, Int32&amp; charCount, EntityType&amp; entityType)
   at System.Xml.XmlTextReaderImpl.ParseText(Int32&amp; startPos, Int32&amp; endPos, Int32&amp; outOrChars)
   at System.Xml.XmlTextReaderImpl.ParseText()
   at System.Xml.XmlTextReaderImpl.ParseElementContent()
   at System.Xml.XmlTextReaderImpl.Read()
   at System.Xml.XmlTextReader.Read()
   at System.Xml.XmlReader.ReadElementString()
   at Microsoft.Xml.Serialization.GeneratedAssembly.XmlSerializationReaderLoggingData.Read4_LogEntryType(Boolean isNullable, Boolean checkType)
   at Microsoft.Xml.Serialization.GeneratedAssembly.XmlSerializationReaderLoggingData.Read5_LoggingData(Boolean isNullable, Boolean checkType)
   at Microsoft.Xml.Serialization.GeneratedAssembly.XmlSerializationReaderLoggingData.Read6_LoggingData()
 --- End of inner exception stack trace ---
    at System.Xml.Serialization.XmlSerializer.Deserialize(XmlReader xmlReader, String encodingStyle, XmlDeserializationEvents events)
   at System.Xml.Serialization.XmlSerializer.Deserialize(Stream stream)
   at CompanyName.ApplicationName.UnitTests.LoggerTest.CheckAndGetLoggingDataFromTheLogFile() in d:\hudson\jobs\test\workspace\Source\ApplicationName Tests\UnitTests\LoggerTest.cs:line 267
   at CompanyName.ApplicationName.UnitTests.LoggerTest.UnitTest_Logger_LogStringContainingIllegalChars() in d:\hudson\jobs\test\workspace\Source\ApplicationName Tests\UnitTests\LoggerTest.cs:line 232
</StackTrace>
        </ErrorInfo>
      </Output>
    </UnitTestResult>
    <UnitTestResult executionId="2ab8f7e5-d822-47c0-a7c7-b8a832375fec" testId="f123e354-bac0-d958-5caf-32a30dae2945" testName="Test_DeleteOldLogFiles_WhenMaxNumberOfDiskspaceReached" computerName="PC2110" duration="00:00:00.6392611" startTime="2010-08-31T10:26:14.1093750+02:00" endTime="2010-08-31T10:26:14.7500000+02:00" testType="13cdc9d9-ddb5-4fa4-a97d-d965ccfc6d4b" outcome="Passed" testListId="8c84fa94-04c1-424b-9868-57a2d4851a1d">
      <Output>
      </Output>
    </UnitTestResult>
    <UnitTestResult executionId="5181fbe6-a4fc-4f12-9cf6-6a4afa61cc3b" testId="a5376363-e7b7-219b-13aa-089385a621a5" testName="Test_NewFileCreation_WhenMaxFileSizeIsReached" computerName="PC2110" duration="00:00:00.3200672" startTime="2010-08-31T10:26:14.7500000+02:00" endTime="2010-08-31T10:26:15.0781250+02:00" testType="13cdc9d9-ddb5-4fa4-a97d-d965ccfc6d4b" outcome="Failed" testListId="8c84fa94-04c1-424b-9868-57a2d4851a1d">
      <Output>
        <ErrorInfo>
          <Message>Test method CompanyName.ApplicationName.UnitTests.LogWriterTest.Test_NewFileCreation_WhenMaxFileSizeIsReached threw exception:  System.InvalidOperationException: Sequence contains no elements.</Message>
          <StackTrace>    at System.Linq.Enumerable.First[TSource](IEnumerable`1 source)
   at CompanyName.ApplicationName.UnitTests.LogWriterTest.Test_NewFileCreation_WhenMaxFileSizeIsReached() in d:\hudson\jobs\test\workspace\Source\ApplicationName Tests\UnitTests\LogWriterTest.cs:line 179
</StackTrace>
        </ErrorInfo>
      </Output>
    </UnitTestResult>
    <UnitTestResult executionId="20f1f666-6cb0-4670-b485-73dbf8593870" testId="2e992e6d-b182-e98d-8441-29ca498cdef9" testName="SanitizingXmlTextWriteTest" computerName="PC2110" duration="00:00:00.6700009" startTime="2010-08-31T10:26:15.0781250+02:00" endTime="2010-08-31T10:26:15.7500000+02:00" testType="13cdc9d9-ddb5-4fa4-a97d-d965ccfc6d4b" outcome="Passed" testListId="8c84fa94-04c1-424b-9868-57a2d4851a1d">
      <Output>
      </Output>
    </UnitTestResult>
  </Results>
</TestRun>